#! /c/Source/iverilog-install/bin/vvp
:ivl_version "14.0 (devel)";
:ivl_delay_selection "TYPICAL";
:vpi_time_precision - 12;
:vpi_module "C:\iverilog\lib\ivl\system.vpi";
:vpi_module "C:\iverilog\lib\ivl\vhdl_sys.vpi";
:vpi_module "C:\iverilog\lib\ivl\vhdl_textio.vpi";
:vpi_module "C:\iverilog\lib\ivl\v2005_math.vpi";
:vpi_module "C:\iverilog\lib\ivl\va_math.vpi";
S_00000182F5BFAF50 .scope module, "tb_reg_file" "tb_reg_file" 2 3;
 .timescale -9 -12;
v00000182F5BFD570_0 .var "a1", 4 0;
v00000182F5BFE0B0_0 .var "a2", 4 0;
v00000182F5BFD610_0 .var "a3", 4 0;
v00000182F5C618D0_0 .var "clk", 0 0;
v00000182F5C61150_0 .net "rd1", 31 0, L_00000182F5C616F0;  1 drivers
v00000182F5C60B10_0 .net "rd2", 31 0, L_00000182F5C61A10;  1 drivers
v00000182F5C61970_0 .var "wd3", 31 0;
v00000182F5C60110_0 .var "we3", 0 0;
E_00000182F5BFE340 .event negedge, v00000182F5BFD2F0_0;
S_00000182F5C0D080 .scope module, "uut" "reg_file" 2 13, 3 1 0, S_00000182F5BFAF50;
 .timescale 0 0;
    .port_info 0 /INPUT 1 "clk";
    .port_info 1 /INPUT 1 "we3";
    .port_info 2 /INPUT 5 "a1";
    .port_info 3 /INPUT 5 "a2";
    .port_info 4 /INPUT 5 "a3";
    .port_info 5 /INPUT 32 "wd3";
    .port_info 6 /OUTPUT 32 "rd1";
    .port_info 7 /OUTPUT 32 "rd2";
L_00000182F5EF0088 .functor BUFT 1, C4<00000>, C4<0>, C4<0>, C4<0>;
v00000182F5BFD750_0 .net/2u *"_ivl_0", 4 0, L_00000182F5EF0088;  1 drivers
L_00000182F5EF0118 .functor BUFT 1, C4<00>, C4<0>, C4<0>, C4<0>;
v00000182F5BFD6B0_0 .net *"_ivl_11", 1 0, L_00000182F5EF0118;  1 drivers
L_00000182F5EF0160 .functor BUFT 1, C4<00000>, C4<0>, C4<0>, C4<0>;
v00000182F5BFD9D0_0 .net/2u *"_ivl_14", 4 0, L_00000182F5EF0160;  1 drivers
v00000182F5BFDCF0_0 .net *"_ivl_16", 0 0, L_00000182F5C60430;  1 drivers
L_00000182F5EF01A8 .functor BUFT 1, C4<00000000000000000000000000000000>, C4<0>, C4<0>, C4<0>;
v00000182F5BFDD90_0 .net/2u *"_ivl_18", 31 0, L_00000182F5EF01A8;  1 drivers
v00000182F5BFDA70_0 .net *"_ivl_2", 0 0, L_00000182F5C61BF0;  1 drivers
v00000182F5BFD430_0 .net *"_ivl_20", 31 0, L_00000182F5C601B0;  1 drivers
v00000182F5BFE150_0 .net *"_ivl_22", 6 0, L_00000182F5C60CF0;  1 drivers
L_00000182F5EF01F0 .functor BUFT 1, C4<00>, C4<0>, C4<0>, C4<0>;
v00000182F5BFD7F0_0 .net *"_ivl_25", 1 0, L_00000182F5EF01F0;  1 drivers
L_00000182F5EF00D0 .functor BUFT 1, C4<00000000000000000000000000000000>, C4<0>, C4<0>, C4<0>;
v00000182F5BFDED0_0 .net/2u *"_ivl_4", 31 0, L_00000182F5EF00D0;  1 drivers
v00000182F5BFD390_0 .net *"_ivl_6", 31 0, L_00000182F5C611F0;  1 drivers
v00000182F5BFDC50_0 .net *"_ivl_8", 6 0, L_00000182F5C60E30;  1 drivers
v00000182F5BFDE30_0 .net "a1", 4 0, v00000182F5BFD570_0;  1 drivers
v00000182F5BFE1F0_0 .net "a2", 4 0, v00000182F5BFE0B0_0;  1 drivers
v00000182F5BFDB10_0 .net "a3", 4 0, v00000182F5BFD610_0;  1 drivers
v00000182F5BFD2F0_0 .net "clk", 0 0, v00000182F5C618D0_0;  1 drivers
v00000182F5BFDBB0_0 .net "rd1", 31 0, L_00000182F5C616F0;  alias, 1 drivers
v00000182F5BFD4D0_0 .net "rd2", 31 0, L_00000182F5C61A10;  alias, 1 drivers
v00000182F5BFDF70 .array "rf", 0 31, 31 0;
v00000182F5BFD930_0 .net "wd3", 31 0, v00000182F5C61970_0;  1 drivers
v00000182F5BFE010_0 .net "we3", 0 0, v00000182F5C60110_0;  1 drivers
E_00000182F5BFE700 .event posedge, v00000182F5BFD2F0_0;
L_00000182F5C61BF0 .cmp/eq 5, v00000182F5BFD570_0, L_00000182F5EF0088;
L_00000182F5C611F0 .array/port v00000182F5BFDF70, L_00000182F5C60E30;
L_00000182F5C60E30 .concat [ 5 2 0 0], v00000182F5BFD570_0, L_00000182F5EF0118;
L_00000182F5C616F0 .functor MUXZ 32, L_00000182F5C611F0, L_00000182F5EF00D0, L_00000182F5C61BF0, C4<>;
L_00000182F5C60430 .cmp/eq 5, v00000182F5BFE0B0_0, L_00000182F5EF0160;
L_00000182F5C601B0 .array/port v00000182F5BFDF70, L_00000182F5C60CF0;
L_00000182F5C60CF0 .concat [ 5 2 0 0], v00000182F5BFE0B0_0, L_00000182F5EF01F0;
L_00000182F5C61A10 .functor MUXZ 32, L_00000182F5C601B0, L_00000182F5EF01A8, L_00000182F5C60430, C4<>;
    .scope S_00000182F5C0D080;
T_0 ;
    %wait E_00000182F5BFE700;
    %load/vec4 v00000182F5BFE010_0;
    %flag_set/vec4 9;
    %flag_get/vec4 9;
    %jmp/0 T_0.2, 9;
    %load/vec4 v00000182F5BFDB10_0;
    %pushi/vec4 0, 0, 5;
    %cmp/ne;
    %flag_get/vec4 4;
    %and;
T_0.2;
    %flag_set/vec4 8;
    %jmp/0xz  T_0.0, 8;
    %load/vec4 v00000182F5BFD930_0;
    %load/vec4 v00000182F5BFDB10_0;
    %pad/u 7;
    %ix/vec4 3;
    %ix/load 4, 0, 0; Constant delay
    %assign/vec4/a/d v00000182F5BFDF70, 0, 4;
T_0.0 ;
    %jmp T_0;
    .thread T_0;
    .scope S_00000182F5BFAF50;
T_1 ;
    %delay 5000, 0;
    %load/vec4 v00000182F5C618D0_0;
    %inv;
    %store/vec4 v00000182F5C618D0_0, 0, 1;
    %jmp T_1;
    .thread T_1;
    .scope S_00000182F5BFAF50;
T_2 ;
    %vpi_call 2 30 "$dumpfile", "reg_file.vcd" {0 0 0};
    %vpi_call 2 31 "$dumpvars", 32'sb00000000000000000000000000000000, S_00000182F5BFAF50 {0 0 0};
    %pushi/vec4 0, 0, 1;
    %store/vec4 v00000182F5C618D0_0, 0, 1;
    %pushi/vec4 0, 0, 1;
    %store/vec4 v00000182F5C60110_0, 0, 1;
    %pushi/vec4 0, 0, 5;
    %store/vec4 v00000182F5BFD570_0, 0, 5;
    %pushi/vec4 0, 0, 5;
    %store/vec4 v00000182F5BFE0B0_0, 0, 5;
    %pushi/vec4 0, 0, 5;
    %store/vec4 v00000182F5BFD610_0, 0, 5;
    %pushi/vec4 0, 0, 32;
    %store/vec4 v00000182F5C61970_0, 0, 32;
    %vpi_call 2 41 "$monitor", "Time=%0t | WE3=%b, A3=%d, WD3=%d | A1=%d, RD1=%d | A2=%d, RD2=%d", $time, v00000182F5C60110_0, v00000182F5BFD610_0, v00000182F5C61970_0, v00000182F5BFD570_0, v00000182F5C61150_0, v00000182F5BFE0B0_0, v00000182F5C60B10_0 {0 0 0};
    %delay 10000, 0;
    %wait E_00000182F5BFE340;
    %pushi/vec4 1, 0, 1;
    %store/vec4 v00000182F5C60110_0, 0, 1;
    %pushi/vec4 1, 0, 5;
    %store/vec4 v00000182F5BFD610_0, 0, 5;
    %pushi/vec4 88, 0, 32;
    %store/vec4 v00000182F5C61970_0, 0, 32;
    %wait E_00000182F5BFE340;
    %pushi/vec4 1, 0, 1;
    %store/vec4 v00000182F5C60110_0, 0, 1;
    %pushi/vec4 2, 0, 5;
    %store/vec4 v00000182F5BFD610_0, 0, 5;
    %pushi/vec4 99, 0, 32;
    %store/vec4 v00000182F5C61970_0, 0, 32;
    %wait E_00000182F5BFE340;
    %pushi/vec4 1, 0, 1;
    %store/vec4 v00000182F5C60110_0, 0, 1;
    %pushi/vec4 0, 0, 5;
    %store/vec4 v00000182F5BFD610_0, 0, 5;
    %pushi/vec4 1234, 0, 32;
    %store/vec4 v00000182F5C61970_0, 0, 32;
    %wait E_00000182F5BFE340;
    %pushi/vec4 0, 0, 1;
    %store/vec4 v00000182F5C60110_0, 0, 1;
    %pushi/vec4 1, 0, 5;
    %store/vec4 v00000182F5BFD570_0, 0, 5;
    %pushi/vec4 2, 0, 5;
    %store/vec4 v00000182F5BFE0B0_0, 0, 5;
    %delay 10000, 0;
    %wait E_00000182F5BFE340;
    %pushi/vec4 0, 0, 5;
    %store/vec4 v00000182F5BFD570_0, 0, 5;
    %pushi/vec4 1, 0, 5;
    %store/vec4 v00000182F5BFE0B0_0, 0, 5;
    %delay 20000, 0;
    %vpi_call 2 78 "$finish" {0 0 0};
    %end;
    .thread T_2;
# The file index is used to find the file name in the following table.
:file_names 4;
    "N/A";
    "<interactive>";
    "tb_reg_file.v";
    "reg_file.v";
