#! /c/Source/iverilog-install/bin/vvp
:ivl_version "14.0 (devel)";
:ivl_delay_selection "TYPICAL";
:vpi_time_precision - 12;
:vpi_module "C:\iverilog\lib\ivl\system.vpi";
:vpi_module "C:\iverilog\lib\ivl\vhdl_sys.vpi";
:vpi_module "C:\iverilog\lib\ivl\vhdl_textio.vpi";
:vpi_module "C:\iverilog\lib\ivl\v2005_math.vpi";
:vpi_module "C:\iverilog\lib\ivl\va_math.vpi";
S_0000022E2D20E200 .scope module, "tb_controller" "tb_controller" 2 3;
 .timescale -9 -12;
v0000022E2D217840_0 .net "alu_control", 2 0, L_0000022E2D22DB20;  1 drivers
v0000022E2D217DE0_0 .net "alu_src", 0 0, L_0000022E2D22CE00;  1 drivers
v0000022E2D2182E0_0 .var "funct3", 2 0;
v0000022E2D218380_0 .var "funct7_5", 0 0;
v0000022E2D2178E0_0 .net "imm_src", 1 0, L_0000022E2D22D0A0;  1 drivers
v0000022E2D218060_0 .net "mem_write", 0 0, L_0000022E2D22CCB0;  1 drivers
v0000022E2D218100_0 .var "op", 6 0;
v0000022E2D2184C0_0 .net "pc_src", 0 0, L_0000022E2D22D260;  1 drivers
v0000022E2D2181A0_0 .net "reg_write", 0 0, L_0000022E2D22CF50;  1 drivers
v0000022E2D27B8B0_0 .net "result_src", 0 0, L_0000022E2D22DAB0;  1 drivers
v0000022E2D27B270_0 .var "zero", 0 0;
S_0000022E2D228190 .scope module, "uut" "controller" 2 20, 3 2 0, S_0000022E2D20E200;
 .timescale 0 0;
    .port_info 0 /INPUT 7 "op";
    .port_info 1 /INPUT 3 "funct3";
    .port_info 2 /INPUT 1 "funct7_5";
    .port_info 3 /INPUT 1 "zero";
    .port_info 4 /OUTPUT 1 "result_src";
    .port_info 5 /OUTPUT 1 "mem_write";
    .port_info 6 /OUTPUT 1 "pc_src";
    .port_info 7 /OUTPUT 1 "alu_src";
    .port_info 8 /OUTPUT 2 "imm_src";
    .port_info 9 /OUTPUT 1 "reg_write";
    .port_info 10 /OUTPUT 3 "alu_control";
L_0000022E2D22CF50 .functor BUFZ 1, v0000022E2D2177A0_0, C4<0>, C4<0>, C4<0>;
L_0000022E2D22D0A0 .functor BUFZ 2, v0000022E2D217B60_0, C4<00>, C4<00>, C4<00>;
L_0000022E2D22CE00 .functor BUFZ 1, v0000022E2D217AC0_0, C4<0>, C4<0>, C4<0>;
L_0000022E2D22CCB0 .functor BUFZ 1, v0000022E2D217700_0, C4<0>, C4<0>, C4<0>;
L_0000022E2D22DAB0 .functor BUFZ 1, v0000022E2D217D40_0, C4<0>, C4<0>, C4<0>;
L_0000022E2D22DB20 .functor BUFZ 3, v0000022E2D219AF0_0, C4<000>, C4<000>, C4<000>;
L_0000022E2D22D260 .functor AND 1, v0000022E2D217A20_0, v0000022E2D27B270_0, C4<1>, C4<1>;
v0000022E2D228320_0 .net "alu_control", 2 0, L_0000022E2D22DB20;  alias, 1 drivers
v0000022E2D219AF0_0 .var "alu_control_reg", 2 0;
v0000022E2D2283C0_0 .var "alu_op", 1 0;
v0000022E2D218600_0 .net "alu_src", 0 0, L_0000022E2D22CE00;  alias, 1 drivers
v0000022E2D217AC0_0 .var "alu_src_reg", 0 0;
v0000022E2D217A20_0 .var "branch", 0 0;
v0000022E2D217CA0_0 .net "funct3", 2 0, v0000022E2D2182E0_0;  1 drivers
v0000022E2D217FC0_0 .net "funct7_5", 0 0, v0000022E2D218380_0;  1 drivers
v0000022E2D218240_0 .net "imm_src", 1 0, L_0000022E2D22D0A0;  alias, 1 drivers
v0000022E2D217B60_0 .var "imm_src_reg", 1 0;
v0000022E2D217E80_0 .net "mem_write", 0 0, L_0000022E2D22CCB0;  alias, 1 drivers
v0000022E2D217700_0 .var "mem_write_reg", 0 0;
v0000022E2D217980_0 .net "op", 6 0, v0000022E2D218100_0;  1 drivers
v0000022E2D217C00_0 .net "pc_src", 0 0, L_0000022E2D22D260;  alias, 1 drivers
v0000022E2D217F20_0 .net "reg_write", 0 0, L_0000022E2D22CF50;  alias, 1 drivers
v0000022E2D2177A0_0 .var "reg_write_reg", 0 0;
v0000022E2D218560_0 .net "result_src", 0 0, L_0000022E2D22DAB0;  alias, 1 drivers
v0000022E2D217D40_0 .var "result_src_reg", 0 0;
v0000022E2D218420_0 .net "zero", 0 0, v0000022E2D27B270_0;  1 drivers
E_0000022E2D211EB0 .event anyedge, v0000022E2D2283C0_0, v0000022E2D217CA0_0, v0000022E2D217FC0_0;
E_0000022E2D212C30 .event anyedge, v0000022E2D217980_0;
    .scope S_0000022E2D228190;
T_0 ;
    %wait E_0000022E2D212C30;
    %load/vec4 v0000022E2D217980_0;
    %dup/vec4;
    %pushi/vec4 3, 0, 7;
    %cmp/e;
    %jmp/1 T_0.0, 6;
    %dup/vec4;
    %pushi/vec4 35, 0, 7;
    %cmp/e;
    %jmp/1 T_0.1, 6;
    %dup/vec4;
    %pushi/vec4 51, 0, 7;
    %cmp/e;
    %jmp/1 T_0.2, 6;
    %dup/vec4;
    %pushi/vec4 99, 0, 7;
    %cmp/e;
    %jmp/1 T_0.3, 6;
    %pushi/vec4 0, 0, 1;
    %store/vec4 v0000022E2D2177A0_0, 0, 1;
    %pushi/vec4 0, 0, 2;
    %store/vec4 v0000022E2D217B60_0, 0, 2;
    %pushi/vec4 0, 0, 1;
    %store/vec4 v0000022E2D217AC0_0, 0, 1;
    %pushi/vec4 0, 0, 1;
    %store/vec4 v0000022E2D217700_0, 0, 1;
    %pushi/vec4 0, 0, 1;
    %store/vec4 v0000022E2D217D40_0, 0, 1;
    %pushi/vec4 0, 0, 1;
    %store/vec4 v0000022E2D217A20_0, 0, 1;
    %pushi/vec4 0, 0, 2;
    %store/vec4 v0000022E2D2283C0_0, 0, 2;
    %jmp T_0.5;
T_0.0 ;
    %pushi/vec4 1, 0, 1;
    %store/vec4 v0000022E2D2177A0_0, 0, 1;
    %pushi/vec4 0, 0, 2;
    %store/vec4 v0000022E2D217B60_0, 0, 2;
    %pushi/vec4 1, 0, 1;
    %store/vec4 v0000022E2D217AC0_0, 0, 1;
    %pushi/vec4 0, 0, 1;
    %store/vec4 v0000022E2D217700_0, 0, 1;
    %pushi/vec4 1, 0, 1;
    %store/vec4 v0000022E2D217D40_0, 0, 1;
    %pushi/vec4 0, 0, 1;
    %store/vec4 v0000022E2D217A20_0, 0, 1;
    %pushi/vec4 0, 0, 2;
    %store/vec4 v0000022E2D2283C0_0, 0, 2;
    %jmp T_0.5;
T_0.1 ;
    %pushi/vec4 0, 0, 1;
    %store/vec4 v0000022E2D2177A0_0, 0, 1;
    %pushi/vec4 1, 0, 2;
    %store/vec4 v0000022E2D217B60_0, 0, 2;
    %pushi/vec4 1, 0, 1;
    %store/vec4 v0000022E2D217AC0_0, 0, 1;
    %pushi/vec4 1, 0, 1;
    %store/vec4 v0000022E2D217700_0, 0, 1;
    %pushi/vec4 0, 0, 1;
    %store/vec4 v0000022E2D217D40_0, 0, 1;
    %pushi/vec4 0, 0, 1;
    %store/vec4 v0000022E2D217A20_0, 0, 1;
    %pushi/vec4 0, 0, 2;
    %store/vec4 v0000022E2D2283C0_0, 0, 2;
    %jmp T_0.5;
T_0.2 ;
    %pushi/vec4 1, 0, 1;
    %store/vec4 v0000022E2D2177A0_0, 0, 1;
    %pushi/vec4 0, 0, 2;
    %store/vec4 v0000022E2D217B60_0, 0, 2;
    %pushi/vec4 0, 0, 1;
    %store/vec4 v0000022E2D217AC0_0, 0, 1;
    %pushi/vec4 0, 0, 1;
    %store/vec4 v0000022E2D217700_0, 0, 1;
    %pushi/vec4 0, 0, 1;
    %store/vec4 v0000022E2D217D40_0, 0, 1;
    %pushi/vec4 0, 0, 1;
    %store/vec4 v0000022E2D217A20_0, 0, 1;
    %pushi/vec4 2, 0, 2;
    %store/vec4 v0000022E2D2283C0_0, 0, 2;
    %jmp T_0.5;
T_0.3 ;
    %pushi/vec4 0, 0, 1;
    %store/vec4 v0000022E2D2177A0_0, 0, 1;
    %pushi/vec4 2, 0, 2;
    %store/vec4 v0000022E2D217B60_0, 0, 2;
    %pushi/vec4 0, 0, 1;
    %store/vec4 v0000022E2D217AC0_0, 0, 1;
    %pushi/vec4 0, 0, 1;
    %store/vec4 v0000022E2D217700_0, 0, 1;
    %pushi/vec4 0, 0, 1;
    %store/vec4 v0000022E2D217D40_0, 0, 1;
    %pushi/vec4 1, 0, 1;
    %store/vec4 v0000022E2D217A20_0, 0, 1;
    %pushi/vec4 1, 0, 2;
    %store/vec4 v0000022E2D2283C0_0, 0, 2;
    %jmp T_0.5;
T_0.5 ;
    %pop/vec4 1;
    %jmp T_0;
    .thread T_0, $push;
    .scope S_0000022E2D228190;
T_1 ;
    %wait E_0000022E2D211EB0;
    %load/vec4 v0000022E2D2283C0_0;
    %dup/vec4;
    %pushi/vec4 0, 0, 2;
    %cmp/e;
    %jmp/1 T_1.0, 6;
    %dup/vec4;
    %pushi/vec4 1, 0, 2;
    %cmp/e;
    %jmp/1 T_1.1, 6;
    %dup/vec4;
    %pushi/vec4 2, 0, 2;
    %cmp/e;
    %jmp/1 T_1.2, 6;
    %pushi/vec4 0, 0, 3;
    %store/vec4 v0000022E2D219AF0_0, 0, 3;
    %jmp T_1.4;
T_1.0 ;
    %pushi/vec4 0, 0, 3;
    %store/vec4 v0000022E2D219AF0_0, 0, 3;
    %jmp T_1.4;
T_1.1 ;
    %pushi/vec4 1, 0, 3;
    %store/vec4 v0000022E2D219AF0_0, 0, 3;
    %jmp T_1.4;
T_1.2 ;
    %load/vec4 v0000022E2D217CA0_0;
    %dup/vec4;
    %pushi/vec4 0, 0, 3;
    %cmp/e;
    %jmp/1 T_1.5, 6;
    %dup/vec4;
    %pushi/vec4 2, 0, 3;
    %cmp/e;
    %jmp/1 T_1.6, 6;
    %dup/vec4;
    %pushi/vec4 6, 0, 3;
    %cmp/e;
    %jmp/1 T_1.7, 6;
    %dup/vec4;
    %pushi/vec4 7, 0, 3;
    %cmp/e;
    %jmp/1 T_1.8, 6;
    %pushi/vec4 0, 0, 3;
    %store/vec4 v0000022E2D219AF0_0, 0, 3;
    %jmp T_1.10;
T_1.5 ;
    %load/vec4 v0000022E2D217FC0_0;
    %flag_set/vec4 8;
    %jmp/0xz  T_1.11, 8;
    %pushi/vec4 1, 0, 3;
    %store/vec4 v0000022E2D219AF0_0, 0, 3;
    %jmp T_1.12;
T_1.11 ;
    %pushi/vec4 0, 0, 3;
    %store/vec4 v0000022E2D219AF0_0, 0, 3;
T_1.12 ;
    %jmp T_1.10;
T_1.6 ;
    %pushi/vec4 5, 0, 3;
    %store/vec4 v0000022E2D219AF0_0, 0, 3;
    %jmp T_1.10;
T_1.7 ;
    %pushi/vec4 3, 0, 3;
    %store/vec4 v0000022E2D219AF0_0, 0, 3;
    %jmp T_1.10;
T_1.8 ;
    %pushi/vec4 2, 0, 3;
    %store/vec4 v0000022E2D219AF0_0, 0, 3;
    %jmp T_1.10;
T_1.10 ;
    %pop/vec4 1;
    %jmp T_1.4;
T_1.4 ;
    %pop/vec4 1;
    %jmp T_1;
    .thread T_1, $push;
    .scope S_0000022E2D20E200;
T_2 ;
    %vpi_call 2 35 "$dumpfile", "controller.vcd" {0 0 0};
    %vpi_call 2 36 "$dumpvars", 32'sb00000000000000000000000000000000, S_0000022E2D20E200 {0 0 0};
    %vpi_call 2 38 "$monitor", "Time=%0t | op=%b | f3=%b | f7_5=%b | z=%b | RegW=%b ImmS=%b ALUS=%b MemW=%b ResS=%b PCS=%b ALUC=%b", $time, v0000022E2D218100_0, v0000022E2D2182E0_0, v0000022E2D218380_0, v0000022E2D27B270_0, v0000022E2D2181A0_0, v0000022E2D2178E0_0, v0000022E2D217DE0_0, v0000022E2D218060_0, v0000022E2D27B8B0_0, v0000022E2D2184C0_0, v0000022E2D217840_0 {0 0 0};
    %pushi/vec4 3, 0, 7;
    %store/vec4 v0000022E2D218100_0, 0, 7;
    %pushi/vec4 2, 0, 3;
    %store/vec4 v0000022E2D2182E0_0, 0, 3;
    %pushi/vec4 0, 0, 1;
    %store/vec4 v0000022E2D218380_0, 0, 1;
    %pushi/vec4 0, 0, 1;
    %store/vec4 v0000022E2D27B270_0, 0, 1;
    %delay 10000, 0;
    %pushi/vec4 35, 0, 7;
    %store/vec4 v0000022E2D218100_0, 0, 7;
    %pushi/vec4 2, 0, 3;
    %store/vec4 v0000022E2D2182E0_0, 0, 3;
    %pushi/vec4 0, 0, 1;
    %store/vec4 v0000022E2D218380_0, 0, 1;
    %pushi/vec4 0, 0, 1;
    %store/vec4 v0000022E2D27B270_0, 0, 1;
    %delay 10000, 0;
    %pushi/vec4 51, 0, 7;
    %store/vec4 v0000022E2D218100_0, 0, 7;
    %pushi/vec4 6, 0, 3;
    %store/vec4 v0000022E2D2182E0_0, 0, 3;
    %pushi/vec4 0, 0, 1;
    %store/vec4 v0000022E2D218380_0, 0, 1;
    %pushi/vec4 0, 0, 1;
    %store/vec4 v0000022E2D27B270_0, 0, 1;
    %delay 10000, 0;
    %pushi/vec4 99, 0, 7;
    %store/vec4 v0000022E2D218100_0, 0, 7;
    %pushi/vec4 0, 0, 3;
    %store/vec4 v0000022E2D2182E0_0, 0, 3;
    %pushi/vec4 0, 0, 1;
    %store/vec4 v0000022E2D218380_0, 0, 1;
    %pushi/vec4 0, 0, 1;
    %store/vec4 v0000022E2D27B270_0, 0, 1;
    %delay 10000, 0;
    %pushi/vec4 1, 0, 1;
    %store/vec4 v0000022E2D27B270_0, 0, 1;
    %delay 10000, 0;
    %vpi_call 2 84 "$finish" {0 0 0};
    %end;
    .thread T_2;
# The file index is used to find the file name in the following table.
:file_names 4;
    "N/A";
    "<interactive>";
    "tb_controller.v";
    "controller.v";
