#! /c/Source/iverilog-install/bin/vvp
:ivl_version "14.0 (devel)";
:ivl_delay_selection "TYPICAL";
:vpi_time_precision - 12;
:vpi_module "C:\iverilog\lib\ivl\system.vpi";
:vpi_module "C:\iverilog\lib\ivl\vhdl_sys.vpi";
:vpi_module "C:\iverilog\lib\ivl\vhdl_textio.vpi";
:vpi_module "C:\iverilog\lib\ivl\v2005_math.vpi";
:vpi_module "C:\iverilog\lib\ivl\va_math.vpi";
S_0000011894708100 .scope module, "tb_adder_32" "tb_adder_32" 2 3;
 .timescale -9 -12;
v0000011894AB5C60_0 .var "a", 31 0;
v0000011894AB7240_0 .var "b", 31 0;
v0000011894AB72E0_0 .net "cout", 0 0, L_0000011894AC22C0;  1 drivers
v0000011894AB53A0_0 .var "sub_ctrl", 0 0;
v0000011894AB7600_0 .net "sum", 31 0, L_0000011894AC06A0;  1 drivers
S_000001189468DB60 .scope module, "uut" "adder_32" 2 15, 3 1 0, S_0000011894708100;
 .timescale 0 0;
    .port_info 0 /INPUT 32 "a";
    .port_info 1 /INPUT 32 "b";
    .port_info 2 /INPUT 1 "sub_ctrl";
    .port_info 3 /OUTPUT 32 "sum";
    .port_info 4 /OUTPUT 1 "cout";
L_0000011894AC9CE0 .functor XOR 32, v0000011894AB7240_0, L_0000011894AC1E60, C4<00000000000000000000000000000000>, C4<00000000000000000000000000000000>;
L_0000011894AC99D0 .functor BUFZ 1, v0000011894AB53A0_0, C4<0>, C4<0>, C4<0>;
v0000011894AB5BC0_0 .net *"_ivl_226", 31 0, L_0000011894AC1E60;  1 drivers
v0000011894AB71A0_0 .net *"_ivl_233", 0 0, L_0000011894AC99D0;  1 drivers
v0000011894AB63E0_0 .net "a", 31 0, v0000011894AB5C60_0;  1 drivers
v0000011894AB6B60_0 .net "b", 31 0, v0000011894AB7240_0;  1 drivers
v0000011894AB6C00_0 .net "b_inv", 31 0, L_0000011894AC9CE0;  1 drivers
v0000011894AB5260_0 .net "c", 32 0, L_0000011894AC1780;  1 drivers
v0000011894AB6CA0_0 .net "cout", 0 0, L_0000011894AC22C0;  alias, 1 drivers
v0000011894AB6F20_0 .net "sub_ctrl", 0 0, v0000011894AB53A0_0;  1 drivers
v0000011894AB7060_0 .net "sum", 31 0, L_0000011894AC06A0;  alias, 1 drivers
L_0000011894AB5440 .part v0000011894AB5C60_0, 0, 1;
L_0000011894AB5DA0 .part L_0000011894AC9CE0, 0, 1;
L_0000011894AB54E0 .part L_0000011894AC1780, 0, 1;
L_0000011894AB58A0 .part v0000011894AB5C60_0, 1, 1;
L_0000011894AB59E0 .part L_0000011894AC9CE0, 1, 1;
L_0000011894AB5E40 .part L_0000011894AC1780, 1, 1;
L_0000011894AB88C0 .part v0000011894AB5C60_0, 2, 1;
L_0000011894AB81E0 .part L_0000011894AC9CE0, 2, 1;
L_0000011894AB8280 .part L_0000011894AC1780, 2, 1;
L_0000011894AB85A0 .part v0000011894AB5C60_0, 3, 1;
L_0000011894AB8460 .part L_0000011894AC9CE0, 3, 1;
L_0000011894AB8AA0 .part L_0000011894AC1780, 3, 1;
L_0000011894AB8E60 .part v0000011894AB5C60_0, 4, 1;
L_0000011894AB8BE0 .part L_0000011894AC9CE0, 4, 1;
L_0000011894AB8DC0 .part L_0000011894AC1780, 4, 1;
L_0000011894AB8C80 .part v0000011894AB5C60_0, 5, 1;
L_0000011894AB8640 .part L_0000011894AC9CE0, 5, 1;
L_0000011894AB86E0 .part L_0000011894AC1780, 5, 1;
L_0000011894AB7A60 .part v0000011894AB5C60_0, 6, 1;
L_0000011894AB8F00 .part L_0000011894AC9CE0, 6, 1;
L_0000011894AB8FA0 .part L_0000011894AC1780, 6, 1;
L_0000011894AB7CE0 .part v0000011894AB5C60_0, 7, 1;
L_0000011894AB7E20 .part L_0000011894AC9CE0, 7, 1;
L_0000011894AB8D20 .part L_0000011894AC1780, 7, 1;
L_0000011894AB8500 .part v0000011894AB5C60_0, 8, 1;
L_0000011894AB8320 .part L_0000011894AC9CE0, 8, 1;
L_0000011894AB8A00 .part L_0000011894AC1780, 8, 1;
L_0000011894AB9040 .part v0000011894AB5C60_0, 9, 1;
L_0000011894AB79C0 .part L_0000011894AC9CE0, 9, 1;
L_0000011894AB7C40 .part L_0000011894AC1780, 9, 1;
L_0000011894AB7B00 .part v0000011894AB5C60_0, 10, 1;
L_0000011894AB8B40 .part L_0000011894AC9CE0, 10, 1;
L_0000011894AB8780 .part L_0000011894AC1780, 10, 1;
L_0000011894AB7BA0 .part v0000011894AB5C60_0, 11, 1;
L_0000011894AB8000 .part L_0000011894AC9CE0, 11, 1;
L_0000011894AB8820 .part L_0000011894AC1780, 11, 1;
L_0000011894AB7D80 .part v0000011894AB5C60_0, 12, 1;
L_0000011894AB8960 .part L_0000011894AC9CE0, 12, 1;
L_0000011894AB80A0 .part L_0000011894AC1780, 12, 1;
L_0000011894AB7EC0 .part v0000011894AB5C60_0, 13, 1;
L_0000011894AB7F60 .part L_0000011894AC9CE0, 13, 1;
L_0000011894AB8140 .part L_0000011894AC1780, 13, 1;
L_0000011894AB83C0 .part v0000011894AB5C60_0, 14, 1;
L_0000011894AC1AA0 .part L_0000011894AC9CE0, 14, 1;
L_0000011894AC1280 .part L_0000011894AC1780, 14, 1;
L_0000011894ABFD40 .part v0000011894AB5C60_0, 15, 1;
L_0000011894AC2180 .part L_0000011894AC9CE0, 15, 1;
L_0000011894AC0F60 .part L_0000011894AC1780, 15, 1;
L_0000011894AC1F00 .part v0000011894AB5C60_0, 16, 1;
L_0000011894AC1BE0 .part L_0000011894AC9CE0, 16, 1;
L_0000011894ABFFC0 .part L_0000011894AC1780, 16, 1;
L_0000011894AC0740 .part v0000011894AB5C60_0, 17, 1;
L_0000011894AC0380 .part L_0000011894AC9CE0, 17, 1;
L_0000011894AC0920 .part L_0000011894AC1780, 17, 1;
L_0000011894AC13C0 .part v0000011894AB5C60_0, 18, 1;
L_0000011894AC0D80 .part L_0000011894AC9CE0, 18, 1;
L_0000011894ABFF20 .part L_0000011894AC1780, 18, 1;
L_0000011894AC0EC0 .part v0000011894AB5C60_0, 19, 1;
L_0000011894AC07E0 .part L_0000011894AC9CE0, 19, 1;
L_0000011894AC0060 .part L_0000011894AC1780, 19, 1;
L_0000011894AC1C80 .part v0000011894AB5C60_0, 20, 1;
L_0000011894AC0240 .part L_0000011894AC9CE0, 20, 1;
L_0000011894AC1320 .part L_0000011894AC1780, 20, 1;
L_0000011894AC0420 .part v0000011894AB5C60_0, 21, 1;
L_0000011894AC04C0 .part L_0000011894AC9CE0, 21, 1;
L_0000011894AC0E20 .part L_0000011894AC1780, 21, 1;
L_0000011894AC1460 .part v0000011894AB5C60_0, 22, 1;
L_0000011894ABFDE0 .part L_0000011894AC9CE0, 22, 1;
L_0000011894AC11E0 .part L_0000011894AC1780, 22, 1;
L_0000011894AC0100 .part v0000011894AB5C60_0, 23, 1;
L_0000011894AC0880 .part L_0000011894AC9CE0, 23, 1;
L_0000011894AC1000 .part L_0000011894AC1780, 23, 1;
L_0000011894AC0600 .part v0000011894AB5C60_0, 24, 1;
L_0000011894AC01A0 .part L_0000011894AC9CE0, 24, 1;
L_0000011894AC0B00 .part L_0000011894AC1780, 24, 1;
L_0000011894AC0C40 .part v0000011894AB5C60_0, 25, 1;
L_0000011894AC1D20 .part L_0000011894AC9CE0, 25, 1;
L_0000011894AC20E0 .part L_0000011894AC1780, 25, 1;
L_0000011894AC0BA0 .part v0000011894AB5C60_0, 26, 1;
L_0000011894AC1B40 .part L_0000011894AC9CE0, 26, 1;
L_0000011894AC1500 .part L_0000011894AC1780, 26, 1;
L_0000011894AC1DC0 .part v0000011894AB5C60_0, 27, 1;
L_0000011894AC1FA0 .part L_0000011894AC9CE0, 27, 1;
L_0000011894AC15A0 .part L_0000011894AC1780, 27, 1;
L_0000011894AC10A0 .part v0000011894AB5C60_0, 28, 1;
L_0000011894AC2040 .part L_0000011894AC9CE0, 28, 1;
L_0000011894AC1640 .part L_0000011894AC1780, 28, 1;
L_0000011894ABFE80 .part v0000011894AB5C60_0, 29, 1;
L_0000011894ABFC00 .part L_0000011894AC9CE0, 29, 1;
L_0000011894AC2220 .part L_0000011894AC1780, 29, 1;
L_0000011894AC16E0 .part v0000011894AB5C60_0, 30, 1;
L_0000011894AC02E0 .part L_0000011894AC9CE0, 30, 1;
L_0000011894AC0560 .part L_0000011894AC1780, 30, 1;
L_0000011894AC1140 .part v0000011894AB5C60_0, 31, 1;
L_0000011894AC0CE0 .part L_0000011894AC9CE0, 31, 1;
L_0000011894AC2360 .part L_0000011894AC1780, 31, 1;
LS_0000011894AC06A0_0_0 .concat8 [ 1 1 1 1], L_0000011894706E40, L_0000011894706D60, L_00000118947075B0, L_0000011894706F20;
LS_0000011894AC06A0_0_4 .concat8 [ 1 1 1 1], L_0000011894706DD0, L_00000118947070E0, L_0000011894ABB630, L_0000011894ABBF60;
LS_0000011894AC06A0_0_8 .concat8 [ 1 1 1 1], L_0000011894ABB6A0, L_0000011894ABBCC0, L_0000011894ABC0B0, L_0000011894ABB7F0;
LS_0000011894AC06A0_0_12 .concat8 [ 1 1 1 1], L_0000011894ABCAF0, L_0000011894ABC930, L_0000011894ABD180, L_0000011894ABC9A0;
LS_0000011894AC06A0_0_16 .concat8 [ 1 1 1 1], L_0000011894ABD500, L_0000011894ABD3B0, L_0000011894AC5650, L_0000011894AC4850;
LS_0000011894AC06A0_0_20 .concat8 [ 1 1 1 1], L_0000011894AC57A0, L_0000011894AC45B0, L_0000011894AC48C0, L_0000011894AC5810;
LS_0000011894AC06A0_0_24 .concat8 [ 1 1 1 1], L_0000011894AC58F0, L_0000011894AC5C70, L_0000011894AC4E00, L_0000011894AC4E70;
LS_0000011894AC06A0_0_28 .concat8 [ 1 1 1 1], L_0000011894AC6220, L_0000011894AC6140, L_0000011894AC9030, L_0000011894AC92D0;
LS_0000011894AC06A0_1_0 .concat8 [ 4 4 4 4], LS_0000011894AC06A0_0_0, LS_0000011894AC06A0_0_4, LS_0000011894AC06A0_0_8, LS_0000011894AC06A0_0_12;
LS_0000011894AC06A0_1_4 .concat8 [ 4 4 4 4], LS_0000011894AC06A0_0_16, LS_0000011894AC06A0_0_20, LS_0000011894AC06A0_0_24, LS_0000011894AC06A0_0_28;
L_0000011894AC06A0 .concat8 [ 16 16 0 0], LS_0000011894AC06A0_1_0, LS_0000011894AC06A0_1_4;
L_0000011894AC1E60 .repeat 32, 32, v0000011894AB53A0_0;
LS_0000011894AC1780_0_0 .concat8 [ 1 1 1 1], L_0000011894AC99D0, L_0000011894707B60, L_0000011894707230, L_0000011894707BD0;
LS_0000011894AC1780_0_4 .concat8 [ 1 1 1 1], L_0000011894706F90, L_0000011894707070, L_0000011894ABB240, L_0000011894ABBBE0;
LS_0000011894AC1780_0_8 .concat8 [ 1 1 1 1], L_0000011894ABBA90, L_0000011894ABB710, L_0000011894ABB320, L_0000011894ABB780;
LS_0000011894AC1780_0_12 .concat8 [ 1 1 1 1], L_0000011894ABCFC0, L_0000011894ABD570, L_0000011894ABD490, L_0000011894ABCA80;
LS_0000011894AC1780_0_16 .concat8 [ 1 1 1 1], L_0000011894ABC850, L_0000011894ABC8C0, L_0000011894AC4EE0, L_0000011894AC5960;
LS_0000011894AC1780_0_20 .concat8 [ 1 1 1 1], L_0000011894AC4540, L_0000011894AC4D20, L_0000011894AC50A0, L_0000011894AC4690;
LS_0000011894AC1780_0_24 .concat8 [ 1 1 1 1], L_0000011894AC4A80, L_0000011894AC4A10, L_0000011894AC4CB0, L_0000011894AC5F10;
LS_0000011894AC1780_0_28 .concat8 [ 1 1 1 1], L_0000011894AC5030, L_0000011894AC60D0, L_0000011894AC9C00, L_0000011894ACA290;
LS_0000011894AC1780_0_32 .concat8 [ 1 0 0 0], L_0000011894AC9960;
LS_0000011894AC1780_1_0 .concat8 [ 4 4 4 4], LS_0000011894AC1780_0_0, LS_0000011894AC1780_0_4, LS_0000011894AC1780_0_8, LS_0000011894AC1780_0_12;
LS_0000011894AC1780_1_4 .concat8 [ 4 4 4 4], LS_0000011894AC1780_0_16, LS_0000011894AC1780_0_20, LS_0000011894AC1780_0_24, LS_0000011894AC1780_0_28;
LS_0000011894AC1780_1_8 .concat8 [ 1 0 0 0], LS_0000011894AC1780_0_32;
L_0000011894AC1780 .concat8 [ 16 16 1 0], LS_0000011894AC1780_1_0, LS_0000011894AC1780_1_4, LS_0000011894AC1780_1_8;
L_0000011894AC22C0 .part L_0000011894AC1780, 32, 1;
S_000001189468DCF0 .scope generate, "fa_loop[0]" "fa_loop[0]" 3 19, 3 19 0, S_000001189468DB60;
 .timescale 0 0;
P_00000118946F1180 .param/l "i" 1 3 19, +C4<00>;
S_000001189468DE80 .scope module, "fa" "full_adder" 3 20, 4 1 0, S_000001189468DCF0;
 .timescale 0 0;
    .port_info 0 /INPUT 1 "a";
    .port_info 1 /INPUT 1 "b";
    .port_info 2 /INPUT 1 "cin";
    .port_info 3 /OUTPUT 1 "sum";
    .port_info 4 /OUTPUT 1 "cout";
L_0000011894707AF0 .functor XOR 1, L_0000011894AB5440, L_0000011894AB5DA0, C4<0>, C4<0>;
L_0000011894706E40 .functor XOR 1, L_0000011894707AF0, L_0000011894AB54E0, C4<0>, C4<0>;
L_0000011894707000 .functor AND 1, L_0000011894AB5440, L_0000011894AB5DA0, C4<1>, C4<1>;
L_00000118947074D0 .functor XOR 1, L_0000011894AB5440, L_0000011894AB5DA0, C4<0>, C4<0>;
L_0000011894707A80 .functor AND 1, L_0000011894AB54E0, L_00000118947074D0, C4<1>, C4<1>;
L_0000011894707B60 .functor OR 1, L_0000011894707000, L_0000011894707A80, C4<0>, C4<0>;
v0000011894705B70_0 .net *"_ivl_0", 0 0, L_0000011894707AF0;  1 drivers
v0000011894705C10_0 .net *"_ivl_4", 0 0, L_0000011894707000;  1 drivers
v00000118947058F0_0 .net *"_ivl_6", 0 0, L_00000118947074D0;  1 drivers
v0000011894705170_0 .net *"_ivl_8", 0 0, L_0000011894707A80;  1 drivers
v0000011894704B30_0 .net "a", 0 0, L_0000011894AB5440;  1 drivers
v00000118947062F0_0 .net "b", 0 0, L_0000011894AB5DA0;  1 drivers
v00000118947057B0_0 .net "cin", 0 0, L_0000011894AB54E0;  1 drivers
v0000011894705DF0_0 .net "cout", 0 0, L_0000011894707B60;  1 drivers
v0000011894705670_0 .net "sum", 0 0, L_0000011894706E40;  1 drivers
S_00000118946885A0 .scope generate, "fa_loop[1]" "fa_loop[1]" 3 19, 3 19 0, S_000001189468DB60;
 .timescale 0 0;
P_00000118946F1040 .param/l "i" 1 3 19, +C4<01>;
S_0000011894688730 .scope module, "fa" "full_adder" 3 20, 4 1 0, S_00000118946885A0;
 .timescale 0 0;
    .port_info 0 /INPUT 1 "a";
    .port_info 1 /INPUT 1 "b";
    .port_info 2 /INPUT 1 "cin";
    .port_info 3 /OUTPUT 1 "sum";
    .port_info 4 /OUTPUT 1 "cout";
L_00000118947078C0 .functor XOR 1, L_0000011894AB58A0, L_0000011894AB59E0, C4<0>, C4<0>;
L_0000011894706D60 .functor XOR 1, L_00000118947078C0, L_0000011894AB5E40, C4<0>, C4<0>;
L_0000011894707700 .functor AND 1, L_0000011894AB58A0, L_0000011894AB59E0, C4<1>, C4<1>;
L_00000118947072A0 .functor XOR 1, L_0000011894AB58A0, L_0000011894AB59E0, C4<0>, C4<0>;
L_0000011894707930 .functor AND 1, L_0000011894AB5E40, L_00000118947072A0, C4<1>, C4<1>;
L_0000011894707230 .functor OR 1, L_0000011894707700, L_0000011894707930, C4<0>, C4<0>;
v0000011894704BD0_0 .net *"_ivl_0", 0 0, L_00000118947078C0;  1 drivers
v00000118947064D0_0 .net *"_ivl_4", 0 0, L_0000011894707700;  1 drivers
v0000011894704DB0_0 .net *"_ivl_6", 0 0, L_00000118947072A0;  1 drivers
v00000118947055D0_0 .net *"_ivl_8", 0 0, L_0000011894707930;  1 drivers
v0000011894706430_0 .net "a", 0 0, L_0000011894AB58A0;  1 drivers
v0000011894704C70_0 .net "b", 0 0, L_0000011894AB59E0;  1 drivers
v0000011894705350_0 .net "cin", 0 0, L_0000011894AB5E40;  1 drivers
v0000011894706570_0 .net "cout", 0 0, L_0000011894707230;  1 drivers
v0000011894704950_0 .net "sum", 0 0, L_0000011894706D60;  1 drivers
S_00000118946888C0 .scope generate, "fa_loop[2]" "fa_loop[2]" 3 19, 3 19 0, S_000001189468DB60;
 .timescale 0 0;
P_00000118946F1240 .param/l "i" 1 3 19, +C4<010>;
S_0000011894708420 .scope module, "fa" "full_adder" 3 20, 4 1 0, S_00000118946888C0;
 .timescale 0 0;
    .port_info 0 /INPUT 1 "a";
    .port_info 1 /INPUT 1 "b";
    .port_info 2 /INPUT 1 "cin";
    .port_info 3 /OUTPUT 1 "sum";
    .port_info 4 /OUTPUT 1 "cout";
L_0000011894707540 .functor XOR 1, L_0000011894AB88C0, L_0000011894AB81E0, C4<0>, C4<0>;
L_00000118947075B0 .functor XOR 1, L_0000011894707540, L_0000011894AB8280, C4<0>, C4<0>;
L_0000011894707460 .functor AND 1, L_0000011894AB88C0, L_0000011894AB81E0, C4<1>, C4<1>;
L_0000011894707770 .functor XOR 1, L_0000011894AB88C0, L_0000011894AB81E0, C4<0>, C4<0>;
L_00000118947079A0 .functor AND 1, L_0000011894AB8280, L_0000011894707770, C4<1>, C4<1>;
L_0000011894707BD0 .functor OR 1, L_0000011894707460, L_00000118947079A0, C4<0>, C4<0>;
v0000011894705CB0_0 .net *"_ivl_0", 0 0, L_0000011894707540;  1 drivers
v0000011894705D50_0 .net *"_ivl_4", 0 0, L_0000011894707460;  1 drivers
v0000011894705850_0 .net *"_ivl_6", 0 0, L_0000011894707770;  1 drivers
v0000011894705E90_0 .net *"_ivl_8", 0 0, L_00000118947079A0;  1 drivers
v0000011894704E50_0 .net "a", 0 0, L_0000011894AB88C0;  1 drivers
v0000011894704EF0_0 .net "b", 0 0, L_0000011894AB81E0;  1 drivers
v0000011894705030_0 .net "cin", 0 0, L_0000011894AB8280;  1 drivers
v0000011894706610_0 .net "cout", 0 0, L_0000011894707BD0;  1 drivers
v00000118947053F0_0 .net "sum", 0 0, L_00000118947075B0;  1 drivers
S_00000118947085B0 .scope generate, "fa_loop[3]" "fa_loop[3]" 3 19, 3 19 0, S_000001189468DB60;
 .timescale 0 0;
P_00000118946F1480 .param/l "i" 1 3 19, +C4<011>;
S_0000011894708740 .scope module, "fa" "full_adder" 3 20, 4 1 0, S_00000118947085B0;
 .timescale 0 0;
    .port_info 0 /INPUT 1 "a";
    .port_info 1 /INPUT 1 "b";
    .port_info 2 /INPUT 1 "cin";
    .port_info 3 /OUTPUT 1 "sum";
    .port_info 4 /OUTPUT 1 "cout";
L_0000011894707380 .functor XOR 1, L_0000011894AB85A0, L_0000011894AB8460, C4<0>, C4<0>;
L_0000011894706F20 .functor XOR 1, L_0000011894707380, L_0000011894AB8AA0, C4<0>, C4<0>;
L_00000118947071C0 .functor AND 1, L_0000011894AB85A0, L_0000011894AB8460, C4<1>, C4<1>;
L_0000011894707620 .functor XOR 1, L_0000011894AB85A0, L_0000011894AB8460, C4<0>, C4<0>;
L_00000118947077E0 .functor AND 1, L_0000011894AB8AA0, L_0000011894707620, C4<1>, C4<1>;
L_0000011894706F90 .functor OR 1, L_00000118947071C0, L_00000118947077E0, C4<0>, C4<0>;
v0000011894705F30_0 .net *"_ivl_0", 0 0, L_0000011894707380;  1 drivers
v0000011894705FD0_0 .net *"_ivl_4", 0 0, L_00000118947071C0;  1 drivers
v0000011894706070_0 .net *"_ivl_6", 0 0, L_0000011894707620;  1 drivers
v0000011894705490_0 .net *"_ivl_8", 0 0, L_00000118947077E0;  1 drivers
v00000118947066B0_0 .net "a", 0 0, L_0000011894AB85A0;  1 drivers
v0000011894706750_0 .net "b", 0 0, L_0000011894AB8460;  1 drivers
v0000011894705710_0 .net "cin", 0 0, L_0000011894AB8AA0;  1 drivers
v00000118946C6AD0_0 .net "cout", 0 0, L_0000011894706F90;  1 drivers
v00000118946C5DB0_0 .net "sum", 0 0, L_0000011894706F20;  1 drivers
S_00000118947088D0 .scope generate, "fa_loop[4]" "fa_loop[4]" 3 19, 3 19 0, S_000001189468DB60;
 .timescale 0 0;
P_00000118946F1600 .param/l "i" 1 3 19, +C4<0100>;
S_000001189471DAF0 .scope module, "fa" "full_adder" 3 20, 4 1 0, S_00000118947088D0;
 .timescale 0 0;
    .port_info 0 /INPUT 1 "a";
    .port_info 1 /INPUT 1 "b";
    .port_info 2 /INPUT 1 "cin";
    .port_info 3 /OUTPUT 1 "sum";
    .port_info 4 /OUTPUT 1 "cout";
L_0000011894706CF0 .functor XOR 1, L_0000011894AB8E60, L_0000011894AB8BE0, C4<0>, C4<0>;
L_0000011894706DD0 .functor XOR 1, L_0000011894706CF0, L_0000011894AB8DC0, C4<0>, C4<0>;
L_0000011894707310 .functor AND 1, L_0000011894AB8E60, L_0000011894AB8BE0, C4<1>, C4<1>;
L_00000118947073F0 .functor XOR 1, L_0000011894AB8E60, L_0000011894AB8BE0, C4<0>, C4<0>;
L_0000011894707850 .functor AND 1, L_0000011894AB8DC0, L_00000118947073F0, C4<1>, C4<1>;
L_0000011894707070 .functor OR 1, L_0000011894707310, L_0000011894707850, C4<0>, C4<0>;
v00000118946C7250_0 .net *"_ivl_0", 0 0, L_0000011894706CF0;  1 drivers
v00000118946C5EF0_0 .net *"_ivl_4", 0 0, L_0000011894707310;  1 drivers
v00000118946C60D0_0 .net *"_ivl_6", 0 0, L_00000118947073F0;  1 drivers
v00000118946C72F0_0 .net *"_ivl_8", 0 0, L_0000011894707850;  1 drivers
v00000118946C7390_0 .net "a", 0 0, L_0000011894AB8E60;  1 drivers
v00000118946C76B0_0 .net "b", 0 0, L_0000011894AB8BE0;  1 drivers
v00000118946C6350_0 .net "cin", 0 0, L_0000011894AB8DC0;  1 drivers
v00000118946C63F0_0 .net "cout", 0 0, L_0000011894707070;  1 drivers
v00000118946DD790_0 .net "sum", 0 0, L_0000011894706DD0;  1 drivers
S_000001189471DC80 .scope generate, "fa_loop[5]" "fa_loop[5]" 3 19, 3 19 0, S_000001189468DB60;
 .timescale 0 0;
P_00000118946F0F40 .param/l "i" 1 3 19, +C4<0101>;
S_000001189471DE10 .scope module, "fa" "full_adder" 3 20, 4 1 0, S_000001189471DC80;
 .timescale 0 0;
    .port_info 0 /INPUT 1 "a";
    .port_info 1 /INPUT 1 "b";
    .port_info 2 /INPUT 1 "cin";
    .port_info 3 /OUTPUT 1 "sum";
    .port_info 4 /OUTPUT 1 "cout";
L_0000011894707A10 .functor XOR 1, L_0000011894AB8C80, L_0000011894AB8640, C4<0>, C4<0>;
L_00000118947070E0 .functor XOR 1, L_0000011894707A10, L_0000011894AB86E0, C4<0>, C4<0>;
L_0000011894707150 .functor AND 1, L_0000011894AB8C80, L_0000011894AB8640, C4<1>, C4<1>;
L_0000011894707690 .functor XOR 1, L_0000011894AB8C80, L_0000011894AB8640, C4<0>, C4<0>;
L_0000011894ABBE10 .functor AND 1, L_0000011894AB86E0, L_0000011894707690, C4<1>, C4<1>;
L_0000011894ABB240 .functor OR 1, L_0000011894707150, L_0000011894ABBE10, C4<0>, C4<0>;
v00000118946DE190_0 .net *"_ivl_0", 0 0, L_0000011894707A10;  1 drivers
v00000118946DDAB0_0 .net *"_ivl_4", 0 0, L_0000011894707150;  1 drivers
v00000118946DE5F0_0 .net *"_ivl_6", 0 0, L_0000011894707690;  1 drivers
v00000118946DE730_0 .net *"_ivl_8", 0 0, L_0000011894ABBE10;  1 drivers
v00000118946DE7D0_0 .net "a", 0 0, L_0000011894AB8C80;  1 drivers
v00000118946DE910_0 .net "b", 0 0, L_0000011894AB8640;  1 drivers
v00000118946DEC30_0 .net "cin", 0 0, L_0000011894AB86E0;  1 drivers
v00000118946DEF50_0 .net "cout", 0 0, L_0000011894ABB240;  1 drivers
v00000118946DF270_0 .net "sum", 0 0, L_00000118947070E0;  1 drivers
S_000001189471E7C0 .scope generate, "fa_loop[6]" "fa_loop[6]" 3 19, 3 19 0, S_000001189468DB60;
 .timescale 0 0;
P_00000118946F0CC0 .param/l "i" 1 3 19, +C4<0110>;
S_000001189471E630 .scope module, "fa" "full_adder" 3 20, 4 1 0, S_000001189471E7C0;
 .timescale 0 0;
    .port_info 0 /INPUT 1 "a";
    .port_info 1 /INPUT 1 "b";
    .port_info 2 /INPUT 1 "cin";
    .port_info 3 /OUTPUT 1 "sum";
    .port_info 4 /OUTPUT 1 "cout";
L_0000011894ABBEF0 .functor XOR 1, L_0000011894AB7A60, L_0000011894AB8F00, C4<0>, C4<0>;
L_0000011894ABB630 .functor XOR 1, L_0000011894ABBEF0, L_0000011894AB8FA0, C4<0>, C4<0>;
L_0000011894ABB940 .functor AND 1, L_0000011894AB7A60, L_0000011894AB8F00, C4<1>, C4<1>;
L_0000011894ABB5C0 .functor XOR 1, L_0000011894AB7A60, L_0000011894AB8F00, C4<0>, C4<0>;
L_0000011894ABB9B0 .functor AND 1, L_0000011894AB8FA0, L_0000011894ABB5C0, C4<1>, C4<1>;
L_0000011894ABBBE0 .functor OR 1, L_0000011894ABB940, L_0000011894ABB9B0, C4<0>, C4<0>;
v00000118946E6BF0_0 .net *"_ivl_0", 0 0, L_0000011894ABBEF0;  1 drivers
v00000118946E8630_0 .net *"_ivl_4", 0 0, L_0000011894ABB940;  1 drivers
v00000118946E7AF0_0 .net *"_ivl_6", 0 0, L_0000011894ABB5C0;  1 drivers
v00000118946E8270_0 .net *"_ivl_8", 0 0, L_0000011894ABB9B0;  1 drivers
v00000118946E6DD0_0 .net "a", 0 0, L_0000011894AB7A60;  1 drivers
v00000118946E6E70_0 .net "b", 0 0, L_0000011894AB8F00;  1 drivers
v00000118946E7C30_0 .net "cin", 0 0, L_0000011894AB8FA0;  1 drivers
v00000118946E7F50_0 .net "cout", 0 0, L_0000011894ABBBE0;  1 drivers
v00000118946E86D0_0 .net "sum", 0 0, L_0000011894ABB630;  1 drivers
S_000001189471EC70 .scope generate, "fa_loop[7]" "fa_loop[7]" 3 19, 3 19 0, S_000001189468DB60;
 .timescale 0 0;
P_00000118946F0DC0 .param/l "i" 1 3 19, +C4<0111>;
S_000001189471EE00 .scope module, "fa" "full_adder" 3 20, 4 1 0, S_000001189471EC70;
 .timescale 0 0;
    .port_info 0 /INPUT 1 "a";
    .port_info 1 /INPUT 1 "b";
    .port_info 2 /INPUT 1 "cin";
    .port_info 3 /OUTPUT 1 "sum";
    .port_info 4 /OUTPUT 1 "cout";
L_0000011894ABBC50 .functor XOR 1, L_0000011894AB7CE0, L_0000011894AB7E20, C4<0>, C4<0>;
L_0000011894ABBF60 .functor XOR 1, L_0000011894ABBC50, L_0000011894AB8D20, C4<0>, C4<0>;
L_0000011894ABBA20 .functor AND 1, L_0000011894AB7CE0, L_0000011894AB7E20, C4<1>, C4<1>;
L_0000011894ABBB70 .functor XOR 1, L_0000011894AB7CE0, L_0000011894AB7E20, C4<0>, C4<0>;
L_0000011894ABB4E0 .functor AND 1, L_0000011894AB8D20, L_0000011894ABBB70, C4<1>, C4<1>;
L_0000011894ABBA90 .functor OR 1, L_0000011894ABBA20, L_0000011894ABB4E0, C4<0>, C4<0>;
v00000118946F54A0_0 .net *"_ivl_0", 0 0, L_0000011894ABBC50;  1 drivers
v00000118946F4320_0 .net *"_ivl_4", 0 0, L_0000011894ABBA20;  1 drivers
v00000118946F3C40_0 .net *"_ivl_6", 0 0, L_0000011894ABBB70;  1 drivers
v00000118946F55E0_0 .net *"_ivl_8", 0 0, L_0000011894ABB4E0;  1 drivers
v00000118946F57C0_0 .net "a", 0 0, L_0000011894AB7CE0;  1 drivers
v00000118946F5860_0 .net "b", 0 0, L_0000011894AB7E20;  1 drivers
v00000118946F45A0_0 .net "cin", 0 0, L_0000011894AB8D20;  1 drivers
v00000118946F4820_0 .net "cout", 0 0, L_0000011894ABBA90;  1 drivers
v00000118946F48C0_0 .net "sum", 0 0, L_0000011894ABBF60;  1 drivers
S_000001189471DFF0 .scope generate, "fa_loop[8]" "fa_loop[8]" 3 19, 3 19 0, S_000001189468DB60;
 .timescale 0 0;
P_00000118946F0D00 .param/l "i" 1 3 19, +C4<01000>;
S_000001189471E180 .scope module, "fa" "full_adder" 3 20, 4 1 0, S_000001189471DFF0;
 .timescale 0 0;
    .port_info 0 /INPUT 1 "a";
    .port_info 1 /INPUT 1 "b";
    .port_info 2 /INPUT 1 "cin";
    .port_info 3 /OUTPUT 1 "sum";
    .port_info 4 /OUTPUT 1 "cout";
L_0000011894ABB2B0 .functor XOR 1, L_0000011894AB8500, L_0000011894AB8320, C4<0>, C4<0>;
L_0000011894ABB6A0 .functor XOR 1, L_0000011894ABB2B0, L_0000011894AB8A00, C4<0>, C4<0>;
L_0000011894ABB390 .functor AND 1, L_0000011894AB8500, L_0000011894AB8320, C4<1>, C4<1>;
L_0000011894ABBE80 .functor XOR 1, L_0000011894AB8500, L_0000011894AB8320, C4<0>, C4<0>;
L_0000011894ABBFD0 .functor AND 1, L_0000011894AB8A00, L_0000011894ABBE80, C4<1>, C4<1>;
L_0000011894ABB710 .functor OR 1, L_0000011894ABB390, L_0000011894ABBFD0, C4<0>, C4<0>;
v00000118946B70B0_0 .net *"_ivl_0", 0 0, L_0000011894ABB2B0;  1 drivers
v00000118946B7330_0 .net *"_ivl_4", 0 0, L_0000011894ABB390;  1 drivers
v00000118946B61B0_0 .net *"_ivl_6", 0 0, L_0000011894ABBE80;  1 drivers
v00000118946B76F0_0 .net *"_ivl_8", 0 0, L_0000011894ABBFD0;  1 drivers
v00000118946B6250_0 .net "a", 0 0, L_0000011894AB8500;  1 drivers
v00000118946B6430_0 .net "b", 0 0, L_0000011894AB8320;  1 drivers
v00000118946B7830_0 .net "cin", 0 0, L_0000011894AB8A00;  1 drivers
v00000118946B5C10_0 .net "cout", 0 0, L_0000011894ABB710;  1 drivers
v00000118946D2250_0 .net "sum", 0 0, L_0000011894ABB6A0;  1 drivers
S_000001189471E310 .scope generate, "fa_loop[9]" "fa_loop[9]" 3 19, 3 19 0, S_000001189468DB60;
 .timescale 0 0;
P_00000118946F14C0 .param/l "i" 1 3 19, +C4<01001>;
S_000001189471E950 .scope module, "fa" "full_adder" 3 20, 4 1 0, S_000001189471E310;
 .timescale 0 0;
    .port_info 0 /INPUT 1 "a";
    .port_info 1 /INPUT 1 "b";
    .port_info 2 /INPUT 1 "cin";
    .port_info 3 /OUTPUT 1 "sum";
    .port_info 4 /OUTPUT 1 "cout";
L_0000011894ABBB00 .functor XOR 1, L_0000011894AB9040, L_0000011894AB79C0, C4<0>, C4<0>;
L_0000011894ABBCC0 .functor XOR 1, L_0000011894ABBB00, L_0000011894AB7C40, C4<0>, C4<0>;
L_0000011894ABBD30 .functor AND 1, L_0000011894AB9040, L_0000011894AB79C0, C4<1>, C4<1>;
L_0000011894ABBDA0 .functor XOR 1, L_0000011894AB9040, L_0000011894AB79C0, C4<0>, C4<0>;
L_0000011894ABC040 .functor AND 1, L_0000011894AB7C40, L_0000011894ABBDA0, C4<1>, C4<1>;
L_0000011894ABB320 .functor OR 1, L_0000011894ABBD30, L_0000011894ABC040, C4<0>, C4<0>;
v00000118946D26B0_0 .net *"_ivl_0", 0 0, L_0000011894ABBB00;  1 drivers
v00000118946D2750_0 .net *"_ivl_4", 0 0, L_0000011894ABBD30;  1 drivers
v00000118946D18F0_0 .net *"_ivl_6", 0 0, L_0000011894ABBDA0;  1 drivers
v00000118946D3010_0 .net *"_ivl_8", 0 0, L_0000011894ABC040;  1 drivers
v00000118946D3290_0 .net "a", 0 0, L_0000011894AB9040;  1 drivers
v00000118946D3330_0 .net "b", 0 0, L_0000011894AB79C0;  1 drivers
v00000118946D33D0_0 .net "cin", 0 0, L_0000011894AB7C40;  1 drivers
v00000118946AE0C0_0 .net "cout", 0 0, L_0000011894ABB320;  1 drivers
v00000118946AE980_0 .net "sum", 0 0, L_0000011894ABBCC0;  1 drivers
S_000001189471EAE0 .scope generate, "fa_loop[10]" "fa_loop[10]" 3 19, 3 19 0, S_000001189468DB60;
 .timescale 0 0;
P_00000118946F0D40 .param/l "i" 1 3 19, +C4<01010>;
S_000001189471E4A0 .scope module, "fa" "full_adder" 3 20, 4 1 0, S_000001189471EAE0;
 .timescale 0 0;
    .port_info 0 /INPUT 1 "a";
    .port_info 1 /INPUT 1 "b";
    .port_info 2 /INPUT 1 "cin";
    .port_info 3 /OUTPUT 1 "sum";
    .port_info 4 /OUTPUT 1 "cout";
L_0000011894ABB550 .functor XOR 1, L_0000011894AB7B00, L_0000011894AB8B40, C4<0>, C4<0>;
L_0000011894ABC0B0 .functor XOR 1, L_0000011894ABB550, L_0000011894AB8780, C4<0>, C4<0>;
L_0000011894ABB1D0 .functor AND 1, L_0000011894AB7B00, L_0000011894AB8B40, C4<1>, C4<1>;
L_0000011894ABB400 .functor XOR 1, L_0000011894AB7B00, L_0000011894AB8B40, C4<0>, C4<0>;
L_0000011894ABB470 .functor AND 1, L_0000011894AB8780, L_0000011894ABB400, C4<1>, C4<1>;
L_0000011894ABB780 .functor OR 1, L_0000011894ABB1D0, L_0000011894ABB470, C4<0>, C4<0>;
v00000118946AE200_0 .net *"_ivl_0", 0 0, L_0000011894ABB550;  1 drivers
v00000118946AE5C0_0 .net *"_ivl_4", 0 0, L_0000011894ABB1D0;  1 drivers
v00000118946AE660_0 .net *"_ivl_6", 0 0, L_0000011894ABB400;  1 drivers
v0000011894A9F960_0 .net *"_ivl_8", 0 0, L_0000011894ABB470;  1 drivers
v0000011894A9F280_0 .net "a", 0 0, L_0000011894AB7B00;  1 drivers
v0000011894AA09A0_0 .net "b", 0 0, L_0000011894AB8B40;  1 drivers
v0000011894A9FFA0_0 .net "cin", 0 0, L_0000011894AB8780;  1 drivers
v0000011894AA05E0_0 .net "cout", 0 0, L_0000011894ABB780;  1 drivers
v0000011894A9FE60_0 .net "sum", 0 0, L_0000011894ABC0B0;  1 drivers
S_0000011894AA2F00 .scope generate, "fa_loop[11]" "fa_loop[11]" 3 19, 3 19 0, S_000001189468DB60;
 .timescale 0 0;
P_00000118946F1500 .param/l "i" 1 3 19, +C4<01011>;
S_0000011894AA2D70 .scope module, "fa" "full_adder" 3 20, 4 1 0, S_0000011894AA2F00;
 .timescale 0 0;
    .port_info 0 /INPUT 1 "a";
    .port_info 1 /INPUT 1 "b";
    .port_info 2 /INPUT 1 "cin";
    .port_info 3 /OUTPUT 1 "sum";
    .port_info 4 /OUTPUT 1 "cout";
L_0000011894ABB860 .functor XOR 1, L_0000011894AB7BA0, L_0000011894AB8000, C4<0>, C4<0>;
L_0000011894ABB7F0 .functor XOR 1, L_0000011894ABB860, L_0000011894AB8820, C4<0>, C4<0>;
L_0000011894ABB8D0 .functor AND 1, L_0000011894AB7BA0, L_0000011894AB8000, C4<1>, C4<1>;
L_0000011894ABCB60 .functor XOR 1, L_0000011894AB7BA0, L_0000011894AB8000, C4<0>, C4<0>;
L_0000011894ABCEE0 .functor AND 1, L_0000011894AB8820, L_0000011894ABCB60, C4<1>, C4<1>;
L_0000011894ABCFC0 .functor OR 1, L_0000011894ABB8D0, L_0000011894ABCEE0, C4<0>, C4<0>;
v0000011894A9FD20_0 .net *"_ivl_0", 0 0, L_0000011894ABB860;  1 drivers
v0000011894A9F1E0_0 .net *"_ivl_4", 0 0, L_0000011894ABB8D0;  1 drivers
v0000011894AA0040_0 .net *"_ivl_6", 0 0, L_0000011894ABCB60;  1 drivers
v0000011894A9F140_0 .net *"_ivl_8", 0 0, L_0000011894ABCEE0;  1 drivers
v0000011894AA0EA0_0 .net "a", 0 0, L_0000011894AB7BA0;  1 drivers
v0000011894A9FC80_0 .net "b", 0 0, L_0000011894AB8000;  1 drivers
v0000011894AA0C20_0 .net "cin", 0 0, L_0000011894AB8820;  1 drivers
v0000011894A9F320_0 .net "cout", 0 0, L_0000011894ABCFC0;  1 drivers
v0000011894A9F820_0 .net "sum", 0 0, L_0000011894ABB7F0;  1 drivers
S_0000011894AA1150 .scope generate, "fa_loop[12]" "fa_loop[12]" 3 19, 3 19 0, S_000001189468DB60;
 .timescale 0 0;
P_00000118946F1140 .param/l "i" 1 3 19, +C4<01100>;
S_0000011894AA20F0 .scope module, "fa" "full_adder" 3 20, 4 1 0, S_0000011894AA1150;
 .timescale 0 0;
    .port_info 0 /INPUT 1 "a";
    .port_info 1 /INPUT 1 "b";
    .port_info 2 /INPUT 1 "cin";
    .port_info 3 /OUTPUT 1 "sum";
    .port_info 4 /OUTPUT 1 "cout";
L_0000011894ABCE70 .functor XOR 1, L_0000011894AB7D80, L_0000011894AB8960, C4<0>, C4<0>;
L_0000011894ABCAF0 .functor XOR 1, L_0000011894ABCE70, L_0000011894AB80A0, C4<0>, C4<0>;
L_0000011894ABD2D0 .functor AND 1, L_0000011894AB7D80, L_0000011894AB8960, C4<1>, C4<1>;
L_0000011894ABCD20 .functor XOR 1, L_0000011894AB7D80, L_0000011894AB8960, C4<0>, C4<0>;
L_0000011894ABC770 .functor AND 1, L_0000011894AB80A0, L_0000011894ABCD20, C4<1>, C4<1>;
L_0000011894ABD570 .functor OR 1, L_0000011894ABD2D0, L_0000011894ABC770, C4<0>, C4<0>;
v0000011894AA0CC0_0 .net *"_ivl_0", 0 0, L_0000011894ABCE70;  1 drivers
v0000011894AA0400_0 .net *"_ivl_4", 0 0, L_0000011894ABD2D0;  1 drivers
v0000011894AA0D60_0 .net *"_ivl_6", 0 0, L_0000011894ABCD20;  1 drivers
v0000011894A9F3C0_0 .net *"_ivl_8", 0 0, L_0000011894ABC770;  1 drivers
v0000011894AA07C0_0 .net "a", 0 0, L_0000011894AB7D80;  1 drivers
v0000011894A9FF00_0 .net "b", 0 0, L_0000011894AB8960;  1 drivers
v0000011894AA00E0_0 .net "cin", 0 0, L_0000011894AB80A0;  1 drivers
v0000011894A9FBE0_0 .net "cout", 0 0, L_0000011894ABD570;  1 drivers
v0000011894AA0900_0 .net "sum", 0 0, L_0000011894ABCAF0;  1 drivers
S_0000011894AA1AB0 .scope generate, "fa_loop[13]" "fa_loop[13]" 3 19, 3 19 0, S_000001189468DB60;
 .timescale 0 0;
P_00000118946F1000 .param/l "i" 1 3 19, +C4<01101>;
S_0000011894AA1790 .scope module, "fa" "full_adder" 3 20, 4 1 0, S_0000011894AA1AB0;
 .timescale 0 0;
    .port_info 0 /INPUT 1 "a";
    .port_info 1 /INPUT 1 "b";
    .port_info 2 /INPUT 1 "cin";
    .port_info 3 /OUTPUT 1 "sum";
    .port_info 4 /OUTPUT 1 "cout";
L_0000011894ABD420 .functor XOR 1, L_0000011894AB7EC0, L_0000011894AB7F60, C4<0>, C4<0>;
L_0000011894ABC930 .functor XOR 1, L_0000011894ABD420, L_0000011894AB8140, C4<0>, C4<0>;
L_0000011894ABCA10 .functor AND 1, L_0000011894AB7EC0, L_0000011894AB7F60, C4<1>, C4<1>;
L_0000011894ABCF50 .functor XOR 1, L_0000011894AB7EC0, L_0000011894AB7F60, C4<0>, C4<0>;
L_0000011894ABD0A0 .functor AND 1, L_0000011894AB8140, L_0000011894ABCF50, C4<1>, C4<1>;
L_0000011894ABD490 .functor OR 1, L_0000011894ABCA10, L_0000011894ABD0A0, C4<0>, C4<0>;
v0000011894A9F460_0 .net *"_ivl_0", 0 0, L_0000011894ABD420;  1 drivers
v0000011894A9F500_0 .net *"_ivl_4", 0 0, L_0000011894ABCA10;  1 drivers
v0000011894A9F8C0_0 .net *"_ivl_6", 0 0, L_0000011894ABCF50;  1 drivers
v0000011894A9FA00_0 .net *"_ivl_8", 0 0, L_0000011894ABD0A0;  1 drivers
v0000011894AA0720_0 .net "a", 0 0, L_0000011894AB7EC0;  1 drivers
v0000011894A9F5A0_0 .net "b", 0 0, L_0000011894AB7F60;  1 drivers
v0000011894AA0360_0 .net "cin", 0 0, L_0000011894AB8140;  1 drivers
v0000011894AA0E00_0 .net "cout", 0 0, L_0000011894ABD490;  1 drivers
v0000011894AA0180_0 .net "sum", 0 0, L_0000011894ABC930;  1 drivers
S_0000011894AA1DD0 .scope generate, "fa_loop[14]" "fa_loop[14]" 3 19, 3 19 0, S_000001189468DB60;
 .timescale 0 0;
P_00000118946F18C0 .param/l "i" 1 3 19, +C4<01110>;
S_0000011894AA1F60 .scope module, "fa" "full_adder" 3 20, 4 1 0, S_0000011894AA1DD0;
 .timescale 0 0;
    .port_info 0 /INPUT 1 "a";
    .port_info 1 /INPUT 1 "b";
    .port_info 2 /INPUT 1 "cin";
    .port_info 3 /OUTPUT 1 "sum";
    .port_info 4 /OUTPUT 1 "cout";
L_0000011894ABCC40 .functor XOR 1, L_0000011894AB83C0, L_0000011894AC1AA0, C4<0>, C4<0>;
L_0000011894ABD180 .functor XOR 1, L_0000011894ABCC40, L_0000011894AC1280, C4<0>, C4<0>;
L_0000011894ABCBD0 .functor AND 1, L_0000011894AB83C0, L_0000011894AC1AA0, C4<1>, C4<1>;
L_0000011894ABCD90 .functor XOR 1, L_0000011894AB83C0, L_0000011894AC1AA0, C4<0>, C4<0>;
L_0000011894ABD030 .functor AND 1, L_0000011894AC1280, L_0000011894ABCD90, C4<1>, C4<1>;
L_0000011894ABCA80 .functor OR 1, L_0000011894ABCBD0, L_0000011894ABD030, C4<0>, C4<0>;
v0000011894A9FDC0_0 .net *"_ivl_0", 0 0, L_0000011894ABCC40;  1 drivers
v0000011894A9F640_0 .net *"_ivl_4", 0 0, L_0000011894ABCBD0;  1 drivers
v0000011894AA0680_0 .net *"_ivl_6", 0 0, L_0000011894ABCD90;  1 drivers
v0000011894AA0F40_0 .net *"_ivl_8", 0 0, L_0000011894ABD030;  1 drivers
v0000011894A9F6E0_0 .net "a", 0 0, L_0000011894AB83C0;  1 drivers
v0000011894AA0220_0 .net "b", 0 0, L_0000011894AC1AA0;  1 drivers
v0000011894A9FAA0_0 .net "cin", 0 0, L_0000011894AC1280;  1 drivers
v0000011894AA02C0_0 .net "cout", 0 0, L_0000011894ABCA80;  1 drivers
v0000011894A9F780_0 .net "sum", 0 0, L_0000011894ABD180;  1 drivers
S_0000011894AA2280 .scope generate, "fa_loop[15]" "fa_loop[15]" 3 19, 3 19 0, S_000001189468DB60;
 .timescale 0 0;
P_00000118946F1880 .param/l "i" 1 3 19, +C4<01111>;
S_0000011894AA12E0 .scope module, "fa" "full_adder" 3 20, 4 1 0, S_0000011894AA2280;
 .timescale 0 0;
    .port_info 0 /INPUT 1 "a";
    .port_info 1 /INPUT 1 "b";
    .port_info 2 /INPUT 1 "cin";
    .port_info 3 /OUTPUT 1 "sum";
    .port_info 4 /OUTPUT 1 "cout";
L_0000011894ABD260 .functor XOR 1, L_0000011894ABFD40, L_0000011894AC2180, C4<0>, C4<0>;
L_0000011894ABC9A0 .functor XOR 1, L_0000011894ABD260, L_0000011894AC0F60, C4<0>, C4<0>;
L_0000011894ABC7E0 .functor AND 1, L_0000011894ABFD40, L_0000011894AC2180, C4<1>, C4<1>;
L_0000011894ABD5E0 .functor XOR 1, L_0000011894ABFD40, L_0000011894AC2180, C4<0>, C4<0>;
L_0000011894ABCCB0 .functor AND 1, L_0000011894AC0F60, L_0000011894ABD5E0, C4<1>, C4<1>;
L_0000011894ABC850 .functor OR 1, L_0000011894ABC7E0, L_0000011894ABCCB0, C4<0>, C4<0>;
v0000011894AA0AE0_0 .net *"_ivl_0", 0 0, L_0000011894ABD260;  1 drivers
v0000011894A9FB40_0 .net *"_ivl_4", 0 0, L_0000011894ABC7E0;  1 drivers
v0000011894AA0B80_0 .net *"_ivl_6", 0 0, L_0000011894ABD5E0;  1 drivers
v0000011894AA0A40_0 .net *"_ivl_8", 0 0, L_0000011894ABCCB0;  1 drivers
v0000011894AA04A0_0 .net "a", 0 0, L_0000011894ABFD40;  1 drivers
v0000011894AA0540_0 .net "b", 0 0, L_0000011894AC2180;  1 drivers
v0000011894AA0860_0 .net "cin", 0 0, L_0000011894AC0F60;  1 drivers
v0000011894AA0FE0_0 .net "cout", 0 0, L_0000011894ABC850;  1 drivers
v0000011894AAD340_0 .net "sum", 0 0, L_0000011894ABC9A0;  1 drivers
S_0000011894AA1920 .scope generate, "fa_loop[16]" "fa_loop[16]" 3 19, 3 19 0, S_000001189468DB60;
 .timescale 0 0;
P_00000118946F1580 .param/l "i" 1 3 19, +C4<010000>;
S_0000011894AA28C0 .scope module, "fa" "full_adder" 3 20, 4 1 0, S_0000011894AA1920;
 .timescale 0 0;
    .port_info 0 /INPUT 1 "a";
    .port_info 1 /INPUT 1 "b";
    .port_info 2 /INPUT 1 "cin";
    .port_info 3 /OUTPUT 1 "sum";
    .port_info 4 /OUTPUT 1 "cout";
L_0000011894ABD340 .functor XOR 1, L_0000011894AC1F00, L_0000011894AC1BE0, C4<0>, C4<0>;
L_0000011894ABD500 .functor XOR 1, L_0000011894ABD340, L_0000011894ABFFC0, C4<0>, C4<0>;
L_0000011894ABD110 .functor AND 1, L_0000011894AC1F00, L_0000011894AC1BE0, C4<1>, C4<1>;
L_0000011894ABC700 .functor XOR 1, L_0000011894AC1F00, L_0000011894AC1BE0, C4<0>, C4<0>;
L_0000011894ABCE00 .functor AND 1, L_0000011894ABFFC0, L_0000011894ABC700, C4<1>, C4<1>;
L_0000011894ABC8C0 .functor OR 1, L_0000011894ABD110, L_0000011894ABCE00, C4<0>, C4<0>;
v0000011894AACB20_0 .net *"_ivl_0", 0 0, L_0000011894ABD340;  1 drivers
v0000011894AABD60_0 .net *"_ivl_4", 0 0, L_0000011894ABD110;  1 drivers
v0000011894AAD520_0 .net *"_ivl_6", 0 0, L_0000011894ABC700;  1 drivers
v0000011894AAD840_0 .net *"_ivl_8", 0 0, L_0000011894ABCE00;  1 drivers
v0000011894AAB9A0_0 .net "a", 0 0, L_0000011894AC1F00;  1 drivers
v0000011894AAD0C0_0 .net "b", 0 0, L_0000011894AC1BE0;  1 drivers
v0000011894AABF40_0 .net "cin", 0 0, L_0000011894ABFFC0;  1 drivers
v0000011894AAB360_0 .net "cout", 0 0, L_0000011894ABC8C0;  1 drivers
v0000011894AAD160_0 .net "sum", 0 0, L_0000011894ABD500;  1 drivers
S_0000011894AA1470 .scope generate, "fa_loop[17]" "fa_loop[17]" 3 19, 3 19 0, S_000001189468DB60;
 .timescale 0 0;
P_00000118946F16C0 .param/l "i" 1 3 19, +C4<010001>;
S_0000011894AA2410 .scope module, "fa" "full_adder" 3 20, 4 1 0, S_0000011894AA1470;
 .timescale 0 0;
    .port_info 0 /INPUT 1 "a";
    .port_info 1 /INPUT 1 "b";
    .port_info 2 /INPUT 1 "cin";
    .port_info 3 /OUTPUT 1 "sum";
    .port_info 4 /OUTPUT 1 "cout";
L_0000011894ABD1F0 .functor XOR 1, L_0000011894AC0740, L_0000011894AC0380, C4<0>, C4<0>;
L_0000011894ABD3B0 .functor XOR 1, L_0000011894ABD1F0, L_0000011894AC0920, C4<0>, C4<0>;
L_0000011894AC4770 .functor AND 1, L_0000011894AC0740, L_0000011894AC0380, C4<1>, C4<1>;
L_0000011894AC4AF0 .functor XOR 1, L_0000011894AC0740, L_0000011894AC0380, C4<0>, C4<0>;
L_0000011894AC52D0 .functor AND 1, L_0000011894AC0920, L_0000011894AC4AF0, C4<1>, C4<1>;
L_0000011894AC4EE0 .functor OR 1, L_0000011894AC4770, L_0000011894AC52D0, C4<0>, C4<0>;
v0000011894AACE40_0 .net *"_ivl_0", 0 0, L_0000011894ABD1F0;  1 drivers
v0000011894AAB400_0 .net *"_ivl_4", 0 0, L_0000011894AC4770;  1 drivers
v0000011894AAD3E0_0 .net *"_ivl_6", 0 0, L_0000011894AC4AF0;  1 drivers
v0000011894AAD5C0_0 .net *"_ivl_8", 0 0, L_0000011894AC52D0;  1 drivers
v0000011894AAB2C0_0 .net "a", 0 0, L_0000011894AC0740;  1 drivers
v0000011894AABFE0_0 .net "b", 0 0, L_0000011894AC0380;  1 drivers
v0000011894AAC760_0 .net "cin", 0 0, L_0000011894AC0920;  1 drivers
v0000011894AACC60_0 .net "cout", 0 0, L_0000011894AC4EE0;  1 drivers
v0000011894AAC440_0 .net "sum", 0 0, L_0000011894ABD3B0;  1 drivers
S_0000011894AA25A0 .scope generate, "fa_loop[18]" "fa_loop[18]" 3 19, 3 19 0, S_000001189468DB60;
 .timescale 0 0;
P_00000118946F1700 .param/l "i" 1 3 19, +C4<010010>;
S_0000011894AA2A50 .scope module, "fa" "full_adder" 3 20, 4 1 0, S_0000011894AA25A0;
 .timescale 0 0;
    .port_info 0 /INPUT 1 "a";
    .port_info 1 /INPUT 1 "b";
    .port_info 2 /INPUT 1 "cin";
    .port_info 3 /OUTPUT 1 "sum";
    .port_info 4 /OUTPUT 1 "cout";
L_0000011894AC4D90 .functor XOR 1, L_0000011894AC13C0, L_0000011894AC0D80, C4<0>, C4<0>;
L_0000011894AC5650 .functor XOR 1, L_0000011894AC4D90, L_0000011894ABFF20, C4<0>, C4<0>;
L_0000011894AC44D0 .functor AND 1, L_0000011894AC13C0, L_0000011894AC0D80, C4<1>, C4<1>;
L_0000011894AC4F50 .functor XOR 1, L_0000011894AC13C0, L_0000011894AC0D80, C4<0>, C4<0>;
L_0000011894AC53B0 .functor AND 1, L_0000011894ABFF20, L_0000011894AC4F50, C4<1>, C4<1>;
L_0000011894AC5960 .functor OR 1, L_0000011894AC44D0, L_0000011894AC53B0, C4<0>, C4<0>;
v0000011894AAB180_0 .net *"_ivl_0", 0 0, L_0000011894AC4D90;  1 drivers
v0000011894AAB540_0 .net *"_ivl_4", 0 0, L_0000011894AC44D0;  1 drivers
v0000011894AAD200_0 .net *"_ivl_6", 0 0, L_0000011894AC4F50;  1 drivers
v0000011894AAB7C0_0 .net *"_ivl_8", 0 0, L_0000011894AC53B0;  1 drivers
v0000011894AAC8A0_0 .net "a", 0 0, L_0000011894AC13C0;  1 drivers
v0000011894AAB220_0 .net "b", 0 0, L_0000011894AC0D80;  1 drivers
v0000011894AABEA0_0 .net "cin", 0 0, L_0000011894ABFF20;  1 drivers
v0000011894AABA40_0 .net "cout", 0 0, L_0000011894AC5960;  1 drivers
v0000011894AABE00_0 .net "sum", 0 0, L_0000011894AC5650;  1 drivers
S_0000011894AA1600 .scope generate, "fa_loop[19]" "fa_loop[19]" 3 19, 3 19 0, S_000001189468DB60;
 .timescale 0 0;
P_00000118946F1980 .param/l "i" 1 3 19, +C4<010011>;
S_0000011894AA1C40 .scope module, "fa" "full_adder" 3 20, 4 1 0, S_0000011894AA1600;
 .timescale 0 0;
    .port_info 0 /INPUT 1 "a";
    .port_info 1 /INPUT 1 "b";
    .port_info 2 /INPUT 1 "cin";
    .port_info 3 /OUTPUT 1 "sum";
    .port_info 4 /OUTPUT 1 "cout";
L_0000011894AC5420 .functor XOR 1, L_0000011894AC0EC0, L_0000011894AC07E0, C4<0>, C4<0>;
L_0000011894AC4850 .functor XOR 1, L_0000011894AC5420, L_0000011894AC0060, C4<0>, C4<0>;
L_0000011894AC5180 .functor AND 1, L_0000011894AC0EC0, L_0000011894AC07E0, C4<1>, C4<1>;
L_0000011894AC5490 .functor XOR 1, L_0000011894AC0EC0, L_0000011894AC07E0, C4<0>, C4<0>;
L_0000011894AC5B20 .functor AND 1, L_0000011894AC0060, L_0000011894AC5490, C4<1>, C4<1>;
L_0000011894AC4540 .functor OR 1, L_0000011894AC5180, L_0000011894AC5B20, C4<0>, C4<0>;
v0000011894AAC940_0 .net *"_ivl_0", 0 0, L_0000011894AC5420;  1 drivers
v0000011894AAB680_0 .net *"_ivl_4", 0 0, L_0000011894AC5180;  1 drivers
v0000011894AAC1C0_0 .net *"_ivl_6", 0 0, L_0000011894AC5490;  1 drivers
v0000011894AAD660_0 .net *"_ivl_8", 0 0, L_0000011894AC5B20;  1 drivers
v0000011894AAB720_0 .net "a", 0 0, L_0000011894AC0EC0;  1 drivers
v0000011894AAD2A0_0 .net "b", 0 0, L_0000011894AC07E0;  1 drivers
v0000011894AAB5E0_0 .net "cin", 0 0, L_0000011894AC0060;  1 drivers
v0000011894AAC6C0_0 .net "cout", 0 0, L_0000011894AC4540;  1 drivers
v0000011894AAB860_0 .net "sum", 0 0, L_0000011894AC4850;  1 drivers
S_0000011894AA2730 .scope generate, "fa_loop[20]" "fa_loop[20]" 3 19, 3 19 0, S_000001189468DB60;
 .timescale 0 0;
P_00000118946F19C0 .param/l "i" 1 3 19, +C4<010100>;
S_0000011894AA2BE0 .scope module, "fa" "full_adder" 3 20, 4 1 0, S_0000011894AA2730;
 .timescale 0 0;
    .port_info 0 /INPUT 1 "a";
    .port_info 1 /INPUT 1 "b";
    .port_info 2 /INPUT 1 "cin";
    .port_info 3 /OUTPUT 1 "sum";
    .port_info 4 /OUTPUT 1 "cout";
L_0000011894AC5500 .functor XOR 1, L_0000011894AC1C80, L_0000011894AC0240, C4<0>, C4<0>;
L_0000011894AC57A0 .functor XOR 1, L_0000011894AC5500, L_0000011894AC1320, C4<0>, C4<0>;
L_0000011894AC4700 .functor AND 1, L_0000011894AC1C80, L_0000011894AC0240, C4<1>, C4<1>;
L_0000011894AC5340 .functor XOR 1, L_0000011894AC1C80, L_0000011894AC0240, C4<0>, C4<0>;
L_0000011894AC5570 .functor AND 1, L_0000011894AC1320, L_0000011894AC5340, C4<1>, C4<1>;
L_0000011894AC4D20 .functor OR 1, L_0000011894AC4700, L_0000011894AC5570, C4<0>, C4<0>;
v0000011894AABAE0_0 .net *"_ivl_0", 0 0, L_0000011894AC5500;  1 drivers
v0000011894AAD480_0 .net *"_ivl_4", 0 0, L_0000011894AC4700;  1 drivers
v0000011894AAC120_0 .net *"_ivl_6", 0 0, L_0000011894AC5340;  1 drivers
v0000011894AAC080_0 .net *"_ivl_8", 0 0, L_0000011894AC5570;  1 drivers
v0000011894AAC260_0 .net "a", 0 0, L_0000011894AC1C80;  1 drivers
v0000011894AABCC0_0 .net "b", 0 0, L_0000011894AC0240;  1 drivers
v0000011894AAD700_0 .net "cin", 0 0, L_0000011894AC1320;  1 drivers
v0000011894AACA80_0 .net "cout", 0 0, L_0000011894AC4D20;  1 drivers
v0000011894AAC300_0 .net "sum", 0 0, L_0000011894AC57A0;  1 drivers
S_0000011894AB1C80 .scope generate, "fa_loop[21]" "fa_loop[21]" 3 19, 3 19 0, S_000001189468DB60;
 .timescale 0 0;
P_00000118946F2540 .param/l "i" 1 3 19, +C4<010101>;
S_0000011894AB2A90 .scope module, "fa" "full_adder" 3 20, 4 1 0, S_0000011894AB1C80;
 .timescale 0 0;
    .port_info 0 /INPUT 1 "a";
    .port_info 1 /INPUT 1 "b";
    .port_info 2 /INPUT 1 "cin";
    .port_info 3 /OUTPUT 1 "sum";
    .port_info 4 /OUTPUT 1 "cout";
L_0000011894AC55E0 .functor XOR 1, L_0000011894AC0420, L_0000011894AC04C0, C4<0>, C4<0>;
L_0000011894AC45B0 .functor XOR 1, L_0000011894AC55E0, L_0000011894AC0E20, C4<0>, C4<0>;
L_0000011894AC4BD0 .functor AND 1, L_0000011894AC0420, L_0000011894AC04C0, C4<1>, C4<1>;
L_0000011894AC56C0 .functor XOR 1, L_0000011894AC0420, L_0000011894AC04C0, C4<0>, C4<0>;
L_0000011894AC5AB0 .functor AND 1, L_0000011894AC0E20, L_0000011894AC56C0, C4<1>, C4<1>;
L_0000011894AC50A0 .functor OR 1, L_0000011894AC4BD0, L_0000011894AC5AB0, C4<0>, C4<0>;
v0000011894AAC800_0 .net *"_ivl_0", 0 0, L_0000011894AC55E0;  1 drivers
v0000011894AAC9E0_0 .net *"_ivl_4", 0 0, L_0000011894AC4BD0;  1 drivers
v0000011894AAB4A0_0 .net *"_ivl_6", 0 0, L_0000011894AC56C0;  1 drivers
v0000011894AAC580_0 .net *"_ivl_8", 0 0, L_0000011894AC5AB0;  1 drivers
v0000011894AAB900_0 .net "a", 0 0, L_0000011894AC0420;  1 drivers
v0000011894AABB80_0 .net "b", 0 0, L_0000011894AC04C0;  1 drivers
v0000011894AABC20_0 .net "cin", 0 0, L_0000011894AC0E20;  1 drivers
v0000011894AACBC0_0 .net "cout", 0 0, L_0000011894AC50A0;  1 drivers
v0000011894AAC3A0_0 .net "sum", 0 0, L_0000011894AC45B0;  1 drivers
S_0000011894AB2130 .scope generate, "fa_loop[22]" "fa_loop[22]" 3 19, 3 19 0, S_000001189468DB60;
 .timescale 0 0;
P_00000118946F24C0 .param/l "i" 1 3 19, +C4<010110>;
S_0000011894AB2900 .scope module, "fa" "full_adder" 3 20, 4 1 0, S_0000011894AB2130;
 .timescale 0 0;
    .port_info 0 /INPUT 1 "a";
    .port_info 1 /INPUT 1 "b";
    .port_info 2 /INPUT 1 "cin";
    .port_info 3 /OUTPUT 1 "sum";
    .port_info 4 /OUTPUT 1 "cout";
L_0000011894AC5730 .functor XOR 1, L_0000011894AC1460, L_0000011894ABFDE0, C4<0>, C4<0>;
L_0000011894AC48C0 .functor XOR 1, L_0000011894AC5730, L_0000011894AC11E0, C4<0>, C4<0>;
L_0000011894AC59D0 .functor AND 1, L_0000011894AC1460, L_0000011894ABFDE0, C4<1>, C4<1>;
L_0000011894AC5A40 .functor XOR 1, L_0000011894AC1460, L_0000011894ABFDE0, C4<0>, C4<0>;
L_0000011894AC4620 .functor AND 1, L_0000011894AC11E0, L_0000011894AC5A40, C4<1>, C4<1>;
L_0000011894AC4690 .functor OR 1, L_0000011894AC59D0, L_0000011894AC4620, C4<0>, C4<0>;
v0000011894AAC4E0_0 .net *"_ivl_0", 0 0, L_0000011894AC5730;  1 drivers
v0000011894AACD00_0 .net *"_ivl_4", 0 0, L_0000011894AC59D0;  1 drivers
v0000011894AAD7A0_0 .net *"_ivl_6", 0 0, L_0000011894AC5A40;  1 drivers
v0000011894AAD8E0_0 .net *"_ivl_8", 0 0, L_0000011894AC4620;  1 drivers
v0000011894AACDA0_0 .net "a", 0 0, L_0000011894AC1460;  1 drivers
v0000011894AACEE0_0 .net "b", 0 0, L_0000011894ABFDE0;  1 drivers
v0000011894AAC620_0 .net "cin", 0 0, L_0000011894AC11E0;  1 drivers
v0000011894AACF80_0 .net "cout", 0 0, L_0000011894AC4690;  1 drivers
v0000011894AAD020_0 .net "sum", 0 0, L_0000011894AC48C0;  1 drivers
S_0000011894AB1E10 .scope generate, "fa_loop[23]" "fa_loop[23]" 3 19, 3 19 0, S_000001189468DB60;
 .timescale 0 0;
P_00000118946F29C0 .param/l "i" 1 3 19, +C4<010111>;
S_0000011894AB22C0 .scope module, "fa" "full_adder" 3 20, 4 1 0, S_0000011894AB1E10;
 .timescale 0 0;
    .port_info 0 /INPUT 1 "a";
    .port_info 1 /INPUT 1 "b";
    .port_info 2 /INPUT 1 "cin";
    .port_info 3 /OUTPUT 1 "sum";
    .port_info 4 /OUTPUT 1 "cout";
L_0000011894AC47E0 .functor XOR 1, L_0000011894AC0100, L_0000011894AC0880, C4<0>, C4<0>;
L_0000011894AC5810 .functor XOR 1, L_0000011894AC47E0, L_0000011894AC1000, C4<0>, C4<0>;
L_0000011894AC5880 .functor AND 1, L_0000011894AC0100, L_0000011894AC0880, C4<1>, C4<1>;
L_0000011894AC4930 .functor XOR 1, L_0000011894AC0100, L_0000011894AC0880, C4<0>, C4<0>;
L_0000011894AC5B90 .functor AND 1, L_0000011894AC1000, L_0000011894AC4930, C4<1>, C4<1>;
L_0000011894AC4A80 .functor OR 1, L_0000011894AC5880, L_0000011894AC5B90, C4<0>, C4<0>;
v0000011894AAE060_0 .net *"_ivl_0", 0 0, L_0000011894AC47E0;  1 drivers
v0000011894AAE560_0 .net *"_ivl_4", 0 0, L_0000011894AC5880;  1 drivers
v0000011894AADF20_0 .net *"_ivl_6", 0 0, L_0000011894AC4930;  1 drivers
v0000011894AADFC0_0 .net *"_ivl_8", 0 0, L_0000011894AC5B90;  1 drivers
v0000011894AADA20_0 .net "a", 0 0, L_0000011894AC0100;  1 drivers
v0000011894AAEB00_0 .net "b", 0 0, L_0000011894AC0880;  1 drivers
v0000011894AAE420_0 .net "cin", 0 0, L_0000011894AC1000;  1 drivers
v0000011894AAE880_0 .net "cout", 0 0, L_0000011894AC4A80;  1 drivers
v0000011894AAE2E0_0 .net "sum", 0 0, L_0000011894AC5810;  1 drivers
S_0000011894AB2450 .scope generate, "fa_loop[24]" "fa_loop[24]" 3 19, 3 19 0, S_000001189468DB60;
 .timescale 0 0;
P_00000118946F1F80 .param/l "i" 1 3 19, +C4<011000>;
S_0000011894AB2C20 .scope module, "fa" "full_adder" 3 20, 4 1 0, S_0000011894AB2450;
 .timescale 0 0;
    .port_info 0 /INPUT 1 "a";
    .port_info 1 /INPUT 1 "b";
    .port_info 2 /INPUT 1 "cin";
    .port_info 3 /OUTPUT 1 "sum";
    .port_info 4 /OUTPUT 1 "cout";
L_0000011894AC4C40 .functor XOR 1, L_0000011894AC0600, L_0000011894AC01A0, C4<0>, C4<0>;
L_0000011894AC58F0 .functor XOR 1, L_0000011894AC4C40, L_0000011894AC0B00, C4<0>, C4<0>;
L_0000011894AC51F0 .functor AND 1, L_0000011894AC0600, L_0000011894AC01A0, C4<1>, C4<1>;
L_0000011894AC5C00 .functor XOR 1, L_0000011894AC0600, L_0000011894AC01A0, C4<0>, C4<0>;
L_0000011894AC49A0 .functor AND 1, L_0000011894AC0B00, L_0000011894AC5C00, C4<1>, C4<1>;
L_0000011894AC4A10 .functor OR 1, L_0000011894AC51F0, L_0000011894AC49A0, C4<0>, C4<0>;
v0000011894AAED80_0 .net *"_ivl_0", 0 0, L_0000011894AC4C40;  1 drivers
v0000011894AAE4C0_0 .net *"_ivl_4", 0 0, L_0000011894AC51F0;  1 drivers
v0000011894AAE7E0_0 .net *"_ivl_6", 0 0, L_0000011894AC5C00;  1 drivers
v0000011894AAEA60_0 .net *"_ivl_8", 0 0, L_0000011894AC49A0;  1 drivers
v0000011894AAD980_0 .net "a", 0 0, L_0000011894AC0600;  1 drivers
v0000011894AAEBA0_0 .net "b", 0 0, L_0000011894AC01A0;  1 drivers
v0000011894AADE80_0 .net "cin", 0 0, L_0000011894AC0B00;  1 drivers
v0000011894AAEC40_0 .net "cout", 0 0, L_0000011894AC4A10;  1 drivers
v0000011894AAE380_0 .net "sum", 0 0, L_0000011894AC58F0;  1 drivers
S_0000011894AB25E0 .scope generate, "fa_loop[25]" "fa_loop[25]" 3 19, 3 19 0, S_000001189468DB60;
 .timescale 0 0;
P_00000118946F1E00 .param/l "i" 1 3 19, +C4<011001>;
S_0000011894AB2DB0 .scope module, "fa" "full_adder" 3 20, 4 1 0, S_0000011894AB25E0;
 .timescale 0 0;
    .port_info 0 /INPUT 1 "a";
    .port_info 1 /INPUT 1 "b";
    .port_info 2 /INPUT 1 "cin";
    .port_info 3 /OUTPUT 1 "sum";
    .port_info 4 /OUTPUT 1 "cout";
L_0000011894AC5260 .functor XOR 1, L_0000011894AC0C40, L_0000011894AC1D20, C4<0>, C4<0>;
L_0000011894AC5C70 .functor XOR 1, L_0000011894AC5260, L_0000011894AC20E0, C4<0>, C4<0>;
L_0000011894AC5CE0 .functor AND 1, L_0000011894AC0C40, L_0000011894AC1D20, C4<1>, C4<1>;
L_0000011894AC5D50 .functor XOR 1, L_0000011894AC0C40, L_0000011894AC1D20, C4<0>, C4<0>;
L_0000011894AC4B60 .functor AND 1, L_0000011894AC20E0, L_0000011894AC5D50, C4<1>, C4<1>;
L_0000011894AC4CB0 .functor OR 1, L_0000011894AC5CE0, L_0000011894AC4B60, C4<0>, C4<0>;
v0000011894AAECE0_0 .net *"_ivl_0", 0 0, L_0000011894AC5260;  1 drivers
v0000011894AAEE20_0 .net *"_ivl_4", 0 0, L_0000011894AC5CE0;  1 drivers
v0000011894AAE100_0 .net *"_ivl_6", 0 0, L_0000011894AC5D50;  1 drivers
v0000011894AAE600_0 .net *"_ivl_8", 0 0, L_0000011894AC4B60;  1 drivers
v0000011894AAEEC0_0 .net "a", 0 0, L_0000011894AC0C40;  1 drivers
v0000011894AADDE0_0 .net "b", 0 0, L_0000011894AC1D20;  1 drivers
v0000011894AAE920_0 .net "cin", 0 0, L_0000011894AC20E0;  1 drivers
v0000011894AAE1A0_0 .net "cout", 0 0, L_0000011894AC4CB0;  1 drivers
v0000011894AAEF60_0 .net "sum", 0 0, L_0000011894AC5C70;  1 drivers
S_0000011894AB1960 .scope generate, "fa_loop[26]" "fa_loop[26]" 3 19, 3 19 0, S_000001189468DB60;
 .timescale 0 0;
P_00000118946F1F40 .param/l "i" 1 3 19, +C4<011010>;
S_0000011894AB1320 .scope module, "fa" "full_adder" 3 20, 4 1 0, S_0000011894AB1960;
 .timescale 0 0;
    .port_info 0 /INPUT 1 "a";
    .port_info 1 /INPUT 1 "b";
    .port_info 2 /INPUT 1 "cin";
    .port_info 3 /OUTPUT 1 "sum";
    .port_info 4 /OUTPUT 1 "cout";
L_0000011894AC5DC0 .functor XOR 1, L_0000011894AC0BA0, L_0000011894AC1B40, C4<0>, C4<0>;
L_0000011894AC4E00 .functor XOR 1, L_0000011894AC5DC0, L_0000011894AC1500, C4<0>, C4<0>;
L_0000011894AC5E30 .functor AND 1, L_0000011894AC0BA0, L_0000011894AC1B40, C4<1>, C4<1>;
L_0000011894AC5EA0 .functor XOR 1, L_0000011894AC0BA0, L_0000011894AC1B40, C4<0>, C4<0>;
L_0000011894AC5110 .functor AND 1, L_0000011894AC1500, L_0000011894AC5EA0, C4<1>, C4<1>;
L_0000011894AC5F10 .functor OR 1, L_0000011894AC5E30, L_0000011894AC5110, C4<0>, C4<0>;
v0000011894AAE6A0_0 .net *"_ivl_0", 0 0, L_0000011894AC5DC0;  1 drivers
v0000011894AAE740_0 .net *"_ivl_4", 0 0, L_0000011894AC5E30;  1 drivers
v0000011894AADB60_0 .net *"_ivl_6", 0 0, L_0000011894AC5EA0;  1 drivers
v0000011894AAF000_0 .net *"_ivl_8", 0 0, L_0000011894AC5110;  1 drivers
v0000011894AADAC0_0 .net "a", 0 0, L_0000011894AC0BA0;  1 drivers
v0000011894AAE9C0_0 .net "b", 0 0, L_0000011894AC1B40;  1 drivers
v0000011894AADC00_0 .net "cin", 0 0, L_0000011894AC1500;  1 drivers
v0000011894AAE240_0 .net "cout", 0 0, L_0000011894AC5F10;  1 drivers
v0000011894AADCA0_0 .net "sum", 0 0, L_0000011894AC4E00;  1 drivers
S_0000011894AB2770 .scope generate, "fa_loop[27]" "fa_loop[27]" 3 19, 3 19 0, S_000001189468DB60;
 .timescale 0 0;
P_00000118946F2340 .param/l "i" 1 3 19, +C4<011011>;
S_0000011894AB2F40 .scope module, "fa" "full_adder" 3 20, 4 1 0, S_0000011894AB2770;
 .timescale 0 0;
    .port_info 0 /INPUT 1 "a";
    .port_info 1 /INPUT 1 "b";
    .port_info 2 /INPUT 1 "cin";
    .port_info 3 /OUTPUT 1 "sum";
    .port_info 4 /OUTPUT 1 "cout";
L_0000011894AC5F80 .functor XOR 1, L_0000011894AC1DC0, L_0000011894AC1FA0, C4<0>, C4<0>;
L_0000011894AC4E70 .functor XOR 1, L_0000011894AC5F80, L_0000011894AC15A0, C4<0>, C4<0>;
L_0000011894AC6060 .functor AND 1, L_0000011894AC1DC0, L_0000011894AC1FA0, C4<1>, C4<1>;
L_0000011894AC5FF0 .functor XOR 1, L_0000011894AC1DC0, L_0000011894AC1FA0, C4<0>, C4<0>;
L_0000011894AC4FC0 .functor AND 1, L_0000011894AC15A0, L_0000011894AC5FF0, C4<1>, C4<1>;
L_0000011894AC5030 .functor OR 1, L_0000011894AC6060, L_0000011894AC4FC0, C4<0>, C4<0>;
v0000011894AADD40_0 .net *"_ivl_0", 0 0, L_0000011894AC5F80;  1 drivers
v0000011894AB6FC0_0 .net *"_ivl_4", 0 0, L_0000011894AC6060;  1 drivers
v0000011894AB7100_0 .net *"_ivl_6", 0 0, L_0000011894AC5FF0;  1 drivers
v0000011894AB5EE0_0 .net *"_ivl_8", 0 0, L_0000011894AC4FC0;  1 drivers
v0000011894AB6200_0 .net "a", 0 0, L_0000011894AC1DC0;  1 drivers
v0000011894AB6020_0 .net "b", 0 0, L_0000011894AC1FA0;  1 drivers
v0000011894AB6480_0 .net "cin", 0 0, L_0000011894AC15A0;  1 drivers
v0000011894AB56C0_0 .net "cout", 0 0, L_0000011894AC5030;  1 drivers
v0000011894AB6DE0_0 .net "sum", 0 0, L_0000011894AC4E70;  1 drivers
S_0000011894AB1190 .scope generate, "fa_loop[28]" "fa_loop[28]" 3 19, 3 19 0, S_000001189468DB60;
 .timescale 0 0;
P_00000118946F2600 .param/l "i" 1 3 19, +C4<011100>;
S_0000011894AB14B0 .scope module, "fa" "full_adder" 3 20, 4 1 0, S_0000011894AB1190;
 .timescale 0 0;
    .port_info 0 /INPUT 1 "a";
    .port_info 1 /INPUT 1 "b";
    .port_info 2 /INPUT 1 "cin";
    .port_info 3 /OUTPUT 1 "sum";
    .port_info 4 /OUTPUT 1 "cout";
L_0000011894AC6290 .functor XOR 1, L_0000011894AC10A0, L_0000011894AC2040, C4<0>, C4<0>;
L_0000011894AC6220 .functor XOR 1, L_0000011894AC6290, L_0000011894AC1640, C4<0>, C4<0>;
L_0000011894AC6300 .functor AND 1, L_0000011894AC10A0, L_0000011894AC2040, C4<1>, C4<1>;
L_0000011894AC6370 .functor XOR 1, L_0000011894AC10A0, L_0000011894AC2040, C4<0>, C4<0>;
L_0000011894AC63E0 .functor AND 1, L_0000011894AC1640, L_0000011894AC6370, C4<1>, C4<1>;
L_0000011894AC60D0 .functor OR 1, L_0000011894AC6300, L_0000011894AC63E0, C4<0>, C4<0>;
v0000011894AB5760_0 .net *"_ivl_0", 0 0, L_0000011894AC6290;  1 drivers
v0000011894AB6AC0_0 .net *"_ivl_4", 0 0, L_0000011894AC6300;  1 drivers
v0000011894AB60C0_0 .net *"_ivl_6", 0 0, L_0000011894AC6370;  1 drivers
v0000011894AB5300_0 .net *"_ivl_8", 0 0, L_0000011894AC63E0;  1 drivers
v0000011894AB6160_0 .net "a", 0 0, L_0000011894AC10A0;  1 drivers
v0000011894AB5D00_0 .net "b", 0 0, L_0000011894AC2040;  1 drivers
v0000011894AB5940_0 .net "cin", 0 0, L_0000011894AC1640;  1 drivers
v0000011894AB5F80_0 .net "cout", 0 0, L_0000011894AC60D0;  1 drivers
v0000011894AB77E0_0 .net "sum", 0 0, L_0000011894AC6220;  1 drivers
S_0000011894AB1640 .scope generate, "fa_loop[29]" "fa_loop[29]" 3 19, 3 19 0, S_000001189468DB60;
 .timescale 0 0;
P_00000118946F2A00 .param/l "i" 1 3 19, +C4<011101>;
S_0000011894AB17D0 .scope module, "fa" "full_adder" 3 20, 4 1 0, S_0000011894AB1640;
 .timescale 0 0;
    .port_info 0 /INPUT 1 "a";
    .port_info 1 /INPUT 1 "b";
    .port_info 2 /INPUT 1 "cin";
    .port_info 3 /OUTPUT 1 "sum";
    .port_info 4 /OUTPUT 1 "cout";
L_0000011894AC61B0 .functor XOR 1, L_0000011894ABFE80, L_0000011894ABFC00, C4<0>, C4<0>;
L_0000011894AC6140 .functor XOR 1, L_0000011894AC61B0, L_0000011894AC2220, C4<0>, C4<0>;
L_0000011894ACA0D0 .functor AND 1, L_0000011894ABFE80, L_0000011894ABFC00, C4<1>, C4<1>;
L_0000011894ACA140 .functor XOR 1, L_0000011894ABFE80, L_0000011894ABFC00, C4<0>, C4<0>;
L_0000011894AC9730 .functor AND 1, L_0000011894AC2220, L_0000011894ACA140, C4<1>, C4<1>;
L_0000011894AC9C00 .functor OR 1, L_0000011894ACA0D0, L_0000011894AC9730, C4<0>, C4<0>;
v0000011894AB6700_0 .net *"_ivl_0", 0 0, L_0000011894AC61B0;  1 drivers
v0000011894AB7380_0 .net *"_ivl_4", 0 0, L_0000011894ACA0D0;  1 drivers
v0000011894AB67A0_0 .net *"_ivl_6", 0 0, L_0000011894ACA140;  1 drivers
v0000011894AB6980_0 .net *"_ivl_8", 0 0, L_0000011894AC9730;  1 drivers
v0000011894AB7740_0 .net "a", 0 0, L_0000011894ABFE80;  1 drivers
v0000011894AB6D40_0 .net "b", 0 0, L_0000011894ABFC00;  1 drivers
v0000011894AB65C0_0 .net "cin", 0 0, L_0000011894AC2220;  1 drivers
v0000011894AB7880_0 .net "cout", 0 0, L_0000011894AC9C00;  1 drivers
v0000011894AB7920_0 .net "sum", 0 0, L_0000011894AC6140;  1 drivers
S_0000011894AB1AF0 .scope generate, "fa_loop[30]" "fa_loop[30]" 3 19, 3 19 0, S_000001189468DB60;
 .timescale 0 0;
P_00000118946F2000 .param/l "i" 1 3 19, +C4<011110>;
S_0000011894AB1FA0 .scope module, "fa" "full_adder" 3 20, 4 1 0, S_0000011894AB1AF0;
 .timescale 0 0;
    .port_info 0 /INPUT 1 "a";
    .port_info 1 /INPUT 1 "b";
    .port_info 2 /INPUT 1 "cin";
    .port_info 3 /OUTPUT 1 "sum";
    .port_info 4 /OUTPUT 1 "cout";
L_0000011894AC98F0 .functor XOR 1, L_0000011894AC16E0, L_0000011894AC02E0, C4<0>, C4<0>;
L_0000011894AC9030 .functor XOR 1, L_0000011894AC98F0, L_0000011894AC0560, C4<0>, C4<0>;
L_0000011894ACA1B0 .functor AND 1, L_0000011894AC16E0, L_0000011894AC02E0, C4<1>, C4<1>;
L_0000011894AC8D90 .functor XOR 1, L_0000011894AC16E0, L_0000011894AC02E0, C4<0>, C4<0>;
L_0000011894AC9F10 .functor AND 1, L_0000011894AC0560, L_0000011894AC8D90, C4<1>, C4<1>;
L_0000011894ACA290 .functor OR 1, L_0000011894ACA1B0, L_0000011894AC9F10, C4<0>, C4<0>;
v0000011894AB5B20_0 .net *"_ivl_0", 0 0, L_0000011894AC98F0;  1 drivers
v0000011894AB62A0_0 .net *"_ivl_4", 0 0, L_0000011894ACA1B0;  1 drivers
v0000011894AB6520_0 .net *"_ivl_6", 0 0, L_0000011894AC8D90;  1 drivers
v0000011894AB5800_0 .net *"_ivl_8", 0 0, L_0000011894AC9F10;  1 drivers
v0000011894AB6660_0 .net "a", 0 0, L_0000011894AC16E0;  1 drivers
v0000011894AB5A80_0 .net "b", 0 0, L_0000011894AC02E0;  1 drivers
v0000011894AB7420_0 .net "cin", 0 0, L_0000011894AC0560;  1 drivers
v0000011894AB7560_0 .net "cout", 0 0, L_0000011894ACA290;  1 drivers
v0000011894AB6840_0 .net "sum", 0 0, L_0000011894AC9030;  1 drivers
S_0000011894ABAC50 .scope generate, "fa_loop[31]" "fa_loop[31]" 3 19, 3 19 0, S_000001189468DB60;
 .timescale 0 0;
P_00000118946F1D80 .param/l "i" 1 3 19, +C4<011111>;
S_0000011894AB9800 .scope module, "fa" "full_adder" 3 20, 4 1 0, S_0000011894ABAC50;
 .timescale 0 0;
    .port_info 0 /INPUT 1 "a";
    .port_info 1 /INPUT 1 "b";
    .port_info 2 /INPUT 1 "cin";
    .port_info 3 /OUTPUT 1 "sum";
    .port_info 4 /OUTPUT 1 "cout";
L_0000011894AC9C70 .functor XOR 1, L_0000011894AC1140, L_0000011894AC0CE0, C4<0>, C4<0>;
L_0000011894AC92D0 .functor XOR 1, L_0000011894AC9C70, L_0000011894AC2360, C4<0>, C4<0>;
L_0000011894AC93B0 .functor AND 1, L_0000011894AC1140, L_0000011894AC0CE0, C4<1>, C4<1>;
L_0000011894AC9D50 .functor XOR 1, L_0000011894AC1140, L_0000011894AC0CE0, C4<0>, C4<0>;
L_0000011894ACA220 .functor AND 1, L_0000011894AC2360, L_0000011894AC9D50, C4<1>, C4<1>;
L_0000011894AC9960 .functor OR 1, L_0000011894AC93B0, L_0000011894ACA220, C4<0>, C4<0>;
v0000011894AB76A0_0 .net *"_ivl_0", 0 0, L_0000011894AC9C70;  1 drivers
v0000011894AB74C0_0 .net *"_ivl_4", 0 0, L_0000011894AC93B0;  1 drivers
v0000011894AB5580_0 .net *"_ivl_6", 0 0, L_0000011894AC9D50;  1 drivers
v0000011894AB5620_0 .net *"_ivl_8", 0 0, L_0000011894ACA220;  1 drivers
v0000011894AB68E0_0 .net "a", 0 0, L_0000011894AC1140;  1 drivers
v0000011894AB51C0_0 .net "b", 0 0, L_0000011894AC0CE0;  1 drivers
v0000011894AB6340_0 .net "cin", 0 0, L_0000011894AC2360;  1 drivers
v0000011894AB6E80_0 .net "cout", 0 0, L_0000011894AC9960;  1 drivers
v0000011894AB6A20_0 .net "sum", 0 0, L_0000011894AC92D0;  1 drivers
    .scope S_0000011894708100;
T_0 ;
    %vpi_call 2 26 "$dumpfile", "adder_32.vcd" {0 0 0};
    %vpi_call 2 27 "$dumpvars", 32'sb00000000000000000000000000000000, S_0000011894708100 {0 0 0};
    %vpi_call 2 30 "$monitor", "Time=%0t | a=%d, b=%d, sub=%b | sum=%d (hex:%h), cout=%b", $time, v0000011894AB5C60_0, v0000011894AB7240_0, v0000011894AB53A0_0, v0000011894AB7600_0, v0000011894AB7600_0, v0000011894AB72E0_0 {0 0 0};
    %pushi/vec4 10, 0, 32;
    %store/vec4 v0000011894AB5C60_0, 0, 32;
    %pushi/vec4 20, 0, 32;
    %store/vec4 v0000011894AB7240_0, 0, 32;
    %pushi/vec4 0, 0, 1;
    %store/vec4 v0000011894AB53A0_0, 0, 1;
    %delay 10000, 0;
    %pushi/vec4 50, 0, 32;
    %store/vec4 v0000011894AB5C60_0, 0, 32;
    %pushi/vec4 20, 0, 32;
    %store/vec4 v0000011894AB7240_0, 0, 32;
    %pushi/vec4 1, 0, 1;
    %store/vec4 v0000011894AB53A0_0, 0, 1;
    %delay 10000, 0;
    %pushi/vec4 10, 0, 32;
    %store/vec4 v0000011894AB5C60_0, 0, 32;
    %pushi/vec4 25, 0, 32;
    %store/vec4 v0000011894AB7240_0, 0, 32;
    %pushi/vec4 1, 0, 1;
    %store/vec4 v0000011894AB53A0_0, 0, 1;
    %delay 10000, 0;
    %pushi/vec4 4294967295, 0, 32;
    %store/vec4 v0000011894AB5C60_0, 0, 32;
    %pushi/vec4 1, 0, 32;
    %store/vec4 v0000011894AB7240_0, 0, 32;
    %pushi/vec4 0, 0, 1;
    %store/vec4 v0000011894AB53A0_0, 0, 1;
    %delay 10000, 0;
    %vpi_call 2 49 "$finish" {0 0 0};
    %end;
    .thread T_0;
# The file index is used to find the file name in the following table.
:file_names 5;
    "N/A";
    "<interactive>";
    "tb_adder_32.v";
    "adder_32.v";
    "full_adder.v";
