#! /c/Source/iverilog-install/bin/vvp
:ivl_version "14.0 (devel)";
:ivl_delay_selection "TYPICAL";
:vpi_time_precision - 12;
:vpi_module "C:\iverilog\lib\ivl\system.vpi";
:vpi_module "C:\iverilog\lib\ivl\vhdl_sys.vpi";
:vpi_module "C:\iverilog\lib\ivl\vhdl_textio.vpi";
:vpi_module "C:\iverilog\lib\ivl\v2005_math.vpi";
:vpi_module "C:\iverilog\lib\ivl\va_math.vpi";
S_0000020FCE8BC580 .scope module, "tb_data_memory" "tb_data_memory" 2 3;
 .timescale -9 -12;
v0000020FCE90B860_0 .var "addr", 31 0;
v0000020FCE90AF00_0 .var "clk", 0 0;
v0000020FCE90BB80_0 .net "rd", 31 0, L_0000020FCE8C1C10;  1 drivers
v0000020FCE90B900_0 .var "wd", 31 0;
v0000020FCE90B180_0 .var "we", 0 0;
E_0000020FCE8A9DA0 .event negedge, v0000020FCE8BC8A0_0;
S_0000020FCE8BC710 .scope module, "uut" "data_memory" 2 13, 3 1 0, S_0000020FCE8BC580;
 .timescale 0 0;
    .port_info 0 /INPUT 1 "clk";
    .port_info 1 /INPUT 1 "we";
    .port_info 2 /INPUT 32 "addr";
    .port_info 3 /INPUT 32 "wd";
    .port_info 4 /OUTPUT 32 "rd";
L_0000020FCE8C1C10 .functor BUFZ 32, L_0000020FCE90B040, C4<00000000000000000000000000000000>, C4<00000000000000000000000000000000>, C4<00000000000000000000000000000000>;
v0000020FCE8A77F0_0 .net *"_ivl_0", 31 0, L_0000020FCE90B040;  1 drivers
v0000020FCE8A79C0_0 .net *"_ivl_3", 29 0, L_0000020FCE90AFA0;  1 drivers
v0000020FCE8A7A60_0 .net "addr", 31 0, v0000020FCE90B860_0;  1 drivers
v0000020FCE8BC8A0_0 .net "clk", 0 0, v0000020FCE90AF00_0;  1 drivers
v0000020FCE8BC940_0 .var/i "i", 31 0;
v0000020FCE90B540 .array "mem", 2047 0, 31 0;
v0000020FCE90B5E0_0 .net "rd", 31 0, L_0000020FCE8C1C10;  alias, 1 drivers
v0000020FCE90B4A0_0 .net "wd", 31 0, v0000020FCE90B900_0;  1 drivers
v0000020FCE90AD20_0 .net "we", 0 0, v0000020FCE90B180_0;  1 drivers
E_0000020FCE8A9F20 .event posedge, v0000020FCE8BC8A0_0;
L_0000020FCE90B040 .array/port v0000020FCE90B540, L_0000020FCE90AFA0;
L_0000020FCE90AFA0 .part v0000020FCE90B860_0, 2, 30;
    .scope S_0000020FCE8BC710;
T_0 ;
    %pushi/vec4 0, 0, 32;
    %store/vec4 v0000020FCE8BC940_0, 0, 32;
T_0.0 ; Top of for-loop
    %load/vec4 v0000020FCE8BC940_0;
    %cmpi/s 2048, 0, 32;
	  %jmp/0xz T_0.1, 5;
    %pushi/vec4 0, 0, 32;
    %ix/getv/s 4, v0000020FCE8BC940_0;
    %store/vec4a v0000020FCE90B540, 4, 0;
T_0.2 ; for-loop step statement
    %load/vec4 v0000020FCE8BC940_0;
    %addi 1, 0, 32;
    %store/vec4 v0000020FCE8BC940_0, 0, 32;
    %jmp T_0.0;
T_0.1 ; for-loop exit label
    %end;
    .thread T_0;
    .scope S_0000020FCE8BC710;
T_1 ;
    %wait E_0000020FCE8A9F20;
    %load/vec4 v0000020FCE90AD20_0;
    %flag_set/vec4 8;
    %jmp/0xz  T_1.0, 8;
    %load/vec4 v0000020FCE90B4A0_0;
    %load/vec4 v0000020FCE8A7A60_0;
    %parti/s 30, 2, 3;
    %ix/vec4 3;
    %ix/load 4, 0, 0; Constant delay
    %assign/vec4/a/d v0000020FCE90B540, 0, 4;
T_1.0 ;
    %jmp T_1;
    .thread T_1;
    .scope S_0000020FCE8BC580;
T_2 ;
    %delay 5000, 0;
    %load/vec4 v0000020FCE90AF00_0;
    %inv;
    %store/vec4 v0000020FCE90AF00_0, 0, 1;
    %jmp T_2;
    .thread T_2;
    .scope S_0000020FCE8BC580;
T_3 ;
    %vpi_call 2 25 "$dumpfile", "data_memory.vcd" {0 0 0};
    %vpi_call 2 26 "$dumpvars", 32'sb00000000000000000000000000000000, S_0000020FCE8BC580 {0 0 0};
    %vpi_call 2 28 "$monitor", "Time=%0t | we=%b | addr=0x%h (idx=%0d) | wd=0x%h | rd=0x%h", $time, v0000020FCE90B180_0, v0000020FCE90B860_0, &PV<v0000020FCE90B860_0, 2, 30>, v0000020FCE90B900_0, v0000020FCE90BB80_0 {0 0 0};
    %pushi/vec4 0, 0, 1;
    %store/vec4 v0000020FCE90AF00_0, 0, 1;
    %pushi/vec4 0, 0, 1;
    %store/vec4 v0000020FCE90B180_0, 0, 1;
    %pushi/vec4 0, 0, 32;
    %store/vec4 v0000020FCE90B860_0, 0, 32;
    %pushi/vec4 0, 0, 32;
    %store/vec4 v0000020FCE90B900_0, 0, 32;
    %delay 5000, 0;
    %pushi/vec4 10, 0, 32;
    %ix/load 4, 8, 0;
    %flag_set/imm 4, 0;
    %store/vec4a v0000020FCE90B540, 4, 0;
    %pushi/vec4 32, 0, 32;
    %store/vec4 v0000020FCE90B860_0, 0, 32;
    %delay 10000, 0;
    %wait E_0000020FCE8A9DA0;
    %pushi/vec4 4, 0, 32;
    %store/vec4 v0000020FCE90B860_0, 0, 32;
    %pushi/vec4 3735928559, 0, 32;
    %store/vec4 v0000020FCE90B900_0, 0, 32;
    %pushi/vec4 1, 0, 1;
    %store/vec4 v0000020FCE90B180_0, 0, 1;
    %wait E_0000020FCE8A9DA0;
    %pushi/vec4 0, 0, 1;
    %store/vec4 v0000020FCE90B180_0, 0, 1;
    %pushi/vec4 4, 0, 32;
    %store/vec4 v0000020FCE90B860_0, 0, 32;
    %delay 10000, 0;
    %wait E_0000020FCE8A9DA0;
    %pushi/vec4 305419896, 0, 32;
    %store/vec4 v0000020FCE90B900_0, 0, 32;
    %pushi/vec4 0, 0, 1;
    %store/vec4 v0000020FCE90B180_0, 0, 1;
    %delay 20000, 0;
    %vpi_call 2 72 "$finish" {0 0 0};
    %end;
    .thread T_3;
# The file index is used to find the file name in the following table.
:file_names 4;
    "N/A";
    "<interactive>";
    "tb_data_memory.v";
    "data_memory.v";
