#! /c/Source/iverilog-install/bin/vvp
:ivl_version "14.0 (devel)";
:ivl_delay_selection "TYPICAL";
:vpi_time_precision - 12;
:vpi_module "C:\iverilog\lib\ivl\system.vpi";
:vpi_module "C:\iverilog\lib\ivl\vhdl_sys.vpi";
:vpi_module "C:\iverilog\lib\ivl\vhdl_textio.vpi";
:vpi_module "C:\iverilog\lib\ivl\v2005_math.vpi";
:vpi_module "C:\iverilog\lib\ivl\va_math.vpi";
S_0000028509125DB0 .scope module, "tb_alu" "tb_alu" 2 3;
 .timescale -9 -12;
v00000285093D4C50_0 .var "ALU_Control", 2 0;
v00000285093D5AB0_0 .net "ALU_Result", 31 0, L_00000285093E84F0;  1 drivers
v00000285093D4ED0_0 .var "Src_A", 31 0;
v00000285093D4890_0 .var "Src_B", 31 0;
v00000285093D56F0_0 .net "Zero", 0 0, L_00000285093DEC30;  1 drivers
S_00000285090A5CB0 .scope module, "uut" "alu" 2 13, 3 1 0, S_0000028509125DB0;
 .timescale 0 0;
    .port_info 0 /INPUT 32 "Src_A";
    .port_info 1 /INPUT 32 "Src_B";
    .port_info 2 /INPUT 3 "ALU_Control";
    .port_info 3 /OUTPUT 32 "ALU_Result";
    .port_info 4 /OUTPUT 1 "Zero";
L_000002850911B2B0 .functor AND 32, v00000285093D4ED0_0, v00000285093D4890_0, C4<11111111111111111111111111111111>, C4<11111111111111111111111111111111>;
L_000002850911B860 .functor OR 32, v00000285093D4ED0_0, v00000285093D4890_0, C4<00000000000000000000000000000000>, C4<00000000000000000000000000000000>;
L_00000285093E84F0 .functor BUFZ 32, v00000285093D4F70_0, C4<00000000000000000000000000000000>, C4<00000000000000000000000000000000>, C4<00000000000000000000000000000000>;
v00000285093D3170_0 .net "ALU_Control", 2 0, v00000285093D4C50_0;  1 drivers
v00000285093D3490_0 .net "ALU_Result", 31 0, L_00000285093E84F0;  alias, 1 drivers
v00000285093D35D0_0 .net "Src_A", 31 0, v00000285093D4ED0_0;  1 drivers
v00000285093D3850_0 .net "Src_B", 31 0, v00000285093D4890_0;  1 drivers
v00000285093D38F0_0 .net "Zero", 0 0, L_00000285093DEC30;  alias, 1 drivers
L_00000285093EF780 .functor BUFT 1, C4<00000000000000000000000000000000>, C4<0>, C4<0>, C4<0>;
v00000285093D51F0_0 .net/2u *"_ivl_14", 31 0, L_00000285093EF780;  1 drivers
L_00000285093EF738 .functor BUFT 1, C4<0000000000000000000000000000000>, C4<0>, C4<0>, C4<0>;
v00000285093D4BB0_0 .net/2u *"_ivl_6", 30 0, L_00000285093EF738;  1 drivers
v00000285093D5650_0 .net *"_ivl_9", 0 0, L_00000285093DEB90;  1 drivers
v00000285093D55B0_0 .net "andResult", 31 0, L_000002850911B2B0;  1 drivers
v00000285093D58D0_0 .net "cout", 0 0, L_00000285093DFC70;  1 drivers
v00000285093D4D90_0 .net "orResult", 31 0, L_000002850911B860;  1 drivers
v00000285093D4F70_0 .var "resultMux", 31 0;
v00000285093D5830_0 .net "sltResult", 31 0, L_00000285093DFD10;  1 drivers
v00000285093D4CF0_0 .net "sumResult", 31 0, L_00000285093DE550;  1 drivers
E_00000285091216C0/0 .event anyedge, v00000285093D3170_0, v00000285093D4430_0, v00000285093D55B0_0, v00000285093D4D90_0;
E_00000285091216C0/1 .event anyedge, v00000285093D5830_0;
E_00000285091216C0 .event/or E_00000285091216C0/0, E_00000285091216C0/1;
L_00000285093DF090 .part v00000285093D4C50_0, 0, 1;
L_00000285093DEB90 .part L_00000285093DE550, 31, 1;
L_00000285093DFD10 .concat [ 1 31 0 0], L_00000285093DEB90, L_00000285093EF738;
L_00000285093DEC30 .cmp/eq 32, v00000285093D4F70_0, L_00000285093EF780;
S_00000285090A5E40 .scope module, "u_adder" "adder_32" 3 20, 4 1 0, S_00000285090A5CB0;
 .timescale 0 0;
    .port_info 0 /INPUT 32 "a";
    .port_info 1 /INPUT 32 "b";
    .port_info 2 /INPUT 1 "sub_ctrl";
    .port_info 3 /OUTPUT 32 "sum";
    .port_info 4 /OUTPUT 1 "cout";
L_00000285093E94B0 .functor XOR 32, v00000285093D4890_0, L_00000285093DEA50, C4<00000000000000000000000000000000>, C4<00000000000000000000000000000000>;
L_00000285093E8D40 .functor BUFZ 1, L_00000285093DF090, C4<0>, C4<0>, C4<0>;
v00000285093D1FF0_0 .net *"_ivl_226", 31 0, L_00000285093DEA50;  1 drivers
v00000285093D3350_0 .net *"_ivl_233", 0 0, L_00000285093E8D40;  1 drivers
v00000285093D2A90_0 .net "a", 31 0, v00000285093D4ED0_0;  alias, 1 drivers
v00000285093D2DB0_0 .net "b", 31 0, v00000285093D4890_0;  alias, 1 drivers
v00000285093D37B0_0 .net "b_inv", 31 0, L_00000285093E94B0;  1 drivers
v00000285093D2F90_0 .net "c", 32 0, L_00000285093DEAF0;  1 drivers
v00000285093D3030_0 .net "cout", 0 0, L_00000285093DFC70;  alias, 1 drivers
v00000285093D30D0_0 .net "sub_ctrl", 0 0, L_00000285093DF090;  1 drivers
v00000285093D4430_0 .net "sum", 31 0, L_00000285093DE550;  alias, 1 drivers
L_00000285093D5790 .part v00000285093D4ED0_0, 0, 1;
L_00000285093D4930 .part L_00000285093E94B0, 0, 1;
L_00000285093D5470 .part L_00000285093DEAF0, 0, 1;
L_00000285093D49D0 .part v00000285093D4ED0_0, 1, 1;
L_00000285093D5970 .part L_00000285093E94B0, 1, 1;
L_00000285093D5B50 .part L_00000285093DEAF0, 1, 1;
L_00000285093D4A70 .part v00000285093D4ED0_0, 2, 1;
L_00000285093D5A10 .part L_00000285093E94B0, 2, 1;
L_00000285093D47F0 .part L_00000285093DEAF0, 2, 1;
L_00000285093D5C90 .part v00000285093D4ED0_0, 3, 1;
L_00000285093D5010 .part L_00000285093E94B0, 3, 1;
L_00000285093D5BF0 .part L_00000285093DEAF0, 3, 1;
L_00000285093D5D30 .part v00000285093D4ED0_0, 4, 1;
L_00000285093D4B10 .part L_00000285093E94B0, 4, 1;
L_00000285093D4E30 .part L_00000285093DEAF0, 4, 1;
L_00000285093D50B0 .part v00000285093D4ED0_0, 5, 1;
L_00000285093D5290 .part L_00000285093E94B0, 5, 1;
L_00000285093D46B0 .part L_00000285093DEAF0, 5, 1;
L_00000285093D4750 .part v00000285093D4ED0_0, 6, 1;
L_00000285093D5150 .part L_00000285093E94B0, 6, 1;
L_00000285093D5330 .part L_00000285093DEAF0, 6, 1;
L_00000285093D53D0 .part v00000285093D4ED0_0, 7, 1;
L_00000285093D5510 .part L_00000285093E94B0, 7, 1;
L_00000285093E1D90 .part L_00000285093DEAF0, 7, 1;
L_00000285093E0A30 .part v00000285093D4ED0_0, 8, 1;
L_00000285093E1A70 .part L_00000285093E94B0, 8, 1;
L_00000285093E0D50 .part L_00000285093DEAF0, 8, 1;
L_00000285093E0850 .part v00000285093D4ED0_0, 9, 1;
L_00000285093E0B70 .part L_00000285093E94B0, 9, 1;
L_00000285093E0AD0 .part L_00000285093DEAF0, 9, 1;
L_00000285093E0E90 .part v00000285093D4ED0_0, 10, 1;
L_00000285093E0F30 .part L_00000285093E94B0, 10, 1;
L_00000285093E16B0 .part L_00000285093DEAF0, 10, 1;
L_00000285093E0FD0 .part v00000285093D4ED0_0, 11, 1;
L_00000285093E0C10 .part L_00000285093E94B0, 11, 1;
L_00000285093E08F0 .part L_00000285093DEAF0, 11, 1;
L_00000285093E14D0 .part v00000285093D4ED0_0, 12, 1;
L_00000285093E17F0 .part L_00000285093E94B0, 12, 1;
L_00000285093E0710 .part L_00000285093DEAF0, 12, 1;
L_00000285093E1070 .part v00000285093D4ED0_0, 13, 1;
L_00000285093E0CB0 .part L_00000285093E94B0, 13, 1;
L_00000285093E1750 .part L_00000285093DEAF0, 13, 1;
L_00000285093E12F0 .part v00000285093D4ED0_0, 14, 1;
L_00000285093E07B0 .part L_00000285093E94B0, 14, 1;
L_00000285093E0990 .part L_00000285093DEAF0, 14, 1;
L_00000285093E1570 .part v00000285093D4ED0_0, 15, 1;
L_00000285093E1250 .part L_00000285093E94B0, 15, 1;
L_00000285093E1110 .part L_00000285093DEAF0, 15, 1;
L_00000285093E1B10 .part v00000285093D4ED0_0, 16, 1;
L_00000285093E0DF0 .part L_00000285093E94B0, 16, 1;
L_00000285093E1890 .part L_00000285093DEAF0, 16, 1;
L_00000285093E1430 .part v00000285093D4ED0_0, 17, 1;
L_00000285093E11B0 .part L_00000285093E94B0, 17, 1;
L_00000285093E1390 .part L_00000285093DEAF0, 17, 1;
L_00000285093E1930 .part v00000285093D4ED0_0, 18, 1;
L_00000285093E19D0 .part L_00000285093E94B0, 18, 1;
L_00000285093E1BB0 .part L_00000285093DEAF0, 18, 1;
L_00000285093E1C50 .part v00000285093D4ED0_0, 19, 1;
L_00000285093E1610 .part L_00000285093E94B0, 19, 1;
L_00000285093E1CF0 .part L_00000285093DEAF0, 19, 1;
L_00000285093DE5F0 .part v00000285093D4ED0_0, 20, 1;
L_00000285093E0490 .part L_00000285093E94B0, 20, 1;
L_00000285093E0030 .part L_00000285093DEAF0, 20, 1;
L_00000285093E0530 .part v00000285093D4ED0_0, 21, 1;
L_00000285093DEF50 .part L_00000285093E94B0, 21, 1;
L_00000285093DF770 .part L_00000285093DEAF0, 21, 1;
L_00000285093DFB30 .part v00000285093D4ED0_0, 22, 1;
L_00000285093DEE10 .part L_00000285093E94B0, 22, 1;
L_00000285093E00D0 .part L_00000285093DEAF0, 22, 1;
L_00000285093DE9B0 .part v00000285093D4ED0_0, 23, 1;
L_00000285093DE4B0 .part L_00000285093E94B0, 23, 1;
L_00000285093DF270 .part L_00000285093DEAF0, 23, 1;
L_00000285093DF9F0 .part v00000285093D4ED0_0, 24, 1;
L_00000285093DE2D0 .part L_00000285093E94B0, 24, 1;
L_00000285093DE690 .part L_00000285093DEAF0, 24, 1;
L_00000285093DE370 .part v00000285093D4ED0_0, 25, 1;
L_00000285093DF810 .part L_00000285093E94B0, 25, 1;
L_00000285093DE410 .part L_00000285093DEAF0, 25, 1;
L_00000285093DF590 .part v00000285093D4ED0_0, 26, 1;
L_00000285093DF3B0 .part L_00000285093E94B0, 26, 1;
L_00000285093DFEF0 .part L_00000285093DEAF0, 26, 1;
L_00000285093DE730 .part v00000285093D4ED0_0, 27, 1;
L_00000285093E0350 .part L_00000285093E94B0, 27, 1;
L_00000285093DF950 .part L_00000285093DEAF0, 27, 1;
L_00000285093DE7D0 .part v00000285093D4ED0_0, 28, 1;
L_00000285093DE190 .part L_00000285093E94B0, 28, 1;
L_00000285093DFF90 .part L_00000285093DEAF0, 28, 1;
L_00000285093DF8B0 .part v00000285093D4ED0_0, 29, 1;
L_00000285093DE0F0 .part L_00000285093E94B0, 29, 1;
L_00000285093DE870 .part L_00000285093DEAF0, 29, 1;
L_00000285093DDF10 .part v00000285093D4ED0_0, 30, 1;
L_00000285093DFA90 .part L_00000285093E94B0, 30, 1;
L_00000285093DF6D0 .part L_00000285093DEAF0, 30, 1;
L_00000285093DFBD0 .part v00000285093D4ED0_0, 31, 1;
L_00000285093DE910 .part L_00000285093E94B0, 31, 1;
L_00000285093DEFF0 .part L_00000285093DEAF0, 31, 1;
LS_00000285093DE550_0_0 .concat8 [ 1 1 1 1], L_000002850911B320, L_000002850911B470, L_00000285093DA1E0, L_00000285093DA950;
LS_00000285093DE550_0_4 .concat8 [ 1 1 1 1], L_00000285093DAD40, L_00000285093DA330, L_00000285093DAA30, L_00000285093DAB10;
LS_00000285093DE550_0_8 .concat8 [ 1 1 1 1], L_00000285093DDB30, L_00000285093DDDD0, L_00000285093DD580, L_00000285093DD270;
LS_00000285093DE550_0_12 .concat8 [ 1 1 1 1], L_00000285093DD7B0, L_00000285093DDC80, L_00000285093E3020, L_00000285093E2530;
LS_00000285093DE550_0_16 .concat8 [ 1 1 1 1], L_00000285093E36B0, L_00000285093E3870, L_00000285093E2220, L_00000285093E27D0;
LS_00000285093DE550_0_20 .concat8 [ 1 1 1 1], L_00000285093E3330, L_00000285093E20D0, L_00000285093E2760, L_00000285093E2A00;
LS_00000285093DE550_0_24 .concat8 [ 1 1 1 1], L_00000285093E3E20, L_00000285093E3DB0, L_00000285093E97C0, L_00000285093E8870;
LS_00000285093DE550_0_28 .concat8 [ 1 1 1 1], L_00000285093E85D0, L_00000285093E88E0, L_00000285093E8250, L_00000285093E8F00;
LS_00000285093DE550_1_0 .concat8 [ 4 4 4 4], LS_00000285093DE550_0_0, LS_00000285093DE550_0_4, LS_00000285093DE550_0_8, LS_00000285093DE550_0_12;
LS_00000285093DE550_1_4 .concat8 [ 4 4 4 4], LS_00000285093DE550_0_16, LS_00000285093DE550_0_20, LS_00000285093DE550_0_24, LS_00000285093DE550_0_28;
L_00000285093DE550 .concat8 [ 16 16 0 0], LS_00000285093DE550_1_0, LS_00000285093DE550_1_4;
L_00000285093DEA50 .repeat 32, 32, L_00000285093DF090;
LS_00000285093DEAF0_0_0 .concat8 [ 1 1 1 1], L_00000285093E8D40, L_000002850911B630, L_00000285093DA090, L_00000285093DA170;
LS_00000285093DEAF0_0_4 .concat8 [ 1 1 1 1], L_00000285093DA020, L_00000285093DA870, L_00000285093DACD0, L_00000285093DA4F0;
LS_00000285093DEAF0_0_8 .concat8 [ 1 1 1 1], L_00000285093DD2E0, L_00000285093DD040, L_00000285093DD200, L_00000285093DD190;
LS_00000285093DEAF0_0_12 .concat8 [ 1 1 1 1], L_00000285093DD3C0, L_00000285093DD970, L_00000285093E2D80, L_00000285093E3560;
LS_00000285093DEAF0_0_16 .concat8 [ 1 1 1 1], L_00000285093E3410, L_00000285093E3170, L_00000285093E2DF0, L_00000285093E38E0;
LS_00000285093DEAF0_0_20 .concat8 [ 1 1 1 1], L_00000285093E2A70, L_00000285093E2AE0, L_00000285093E2450, L_00000285093E33A0;
LS_00000285093DEAF0_0_24 .concat8 [ 1 1 1 1], L_00000285093E2F40, L_00000285093E3C60, L_00000285093E9360, L_00000285093E7F40;
LS_00000285093DEAF0_0_28 .concat8 [ 1 1 1 1], L_00000285093E82C0, L_00000285093E8950, L_00000285093E8BF0, L_00000285093E89C0;
LS_00000285093DEAF0_0_32 .concat8 [ 1 0 0 0], L_00000285093E8480;
LS_00000285093DEAF0_1_0 .concat8 [ 4 4 4 4], LS_00000285093DEAF0_0_0, LS_00000285093DEAF0_0_4, LS_00000285093DEAF0_0_8, LS_00000285093DEAF0_0_12;
LS_00000285093DEAF0_1_4 .concat8 [ 4 4 4 4], LS_00000285093DEAF0_0_16, LS_00000285093DEAF0_0_20, LS_00000285093DEAF0_0_24, LS_00000285093DEAF0_0_28;
LS_00000285093DEAF0_1_8 .concat8 [ 1 0 0 0], LS_00000285093DEAF0_0_32;
L_00000285093DEAF0 .concat8 [ 16 16 1 0], LS_00000285093DEAF0_1_0, LS_00000285093DEAF0_1_4, LS_00000285093DEAF0_1_8;
L_00000285093DFC70 .part L_00000285093DEAF0, 32, 1;
S_00000285090A5FD0 .scope generate, "fa_loop[0]" "fa_loop[0]" 4 19, 4 19 0, S_00000285090A5E40;
 .timescale 0 0;
P_0000028509121240 .param/l "i" 1 4 19, +C4<00>;
S_000002850905E1F0 .scope module, "fa" "full_adder" 4 20, 5 1 0, S_00000285090A5FD0;
 .timescale 0 0;
    .port_info 0 /INPUT 1 "a";
    .port_info 1 /INPUT 1 "b";
    .port_info 2 /INPUT 1 "cin";
    .port_info 3 /OUTPUT 1 "sum";
    .port_info 4 /OUTPUT 1 "cout";
L_000002850911B010 .functor XOR 1, L_00000285093D5790, L_00000285093D4930, C4<0>, C4<0>;
L_000002850911B320 .functor XOR 1, L_000002850911B010, L_00000285093D5470, C4<0>, C4<0>;
L_000002850911B8D0 .functor AND 1, L_00000285093D5790, L_00000285093D4930, C4<1>, C4<1>;
L_000002850911B400 .functor XOR 1, L_00000285093D5790, L_00000285093D4930, C4<0>, C4<0>;
L_000002850911AC90 .functor AND 1, L_00000285093D5470, L_000002850911B400, C4<1>, C4<1>;
L_000002850911B630 .functor OR 1, L_000002850911B8D0, L_000002850911AC90, C4<0>, C4<0>;
v000002850911D950_0 .net *"_ivl_0", 0 0, L_000002850911B010;  1 drivers
v000002850911C190_0 .net *"_ivl_4", 0 0, L_000002850911B8D0;  1 drivers
v000002850911C730_0 .net *"_ivl_6", 0 0, L_000002850911B400;  1 drivers
v000002850911BB50_0 .net *"_ivl_8", 0 0, L_000002850911AC90;  1 drivers
v000002850911C0F0_0 .net "a", 0 0, L_00000285093D5790;  1 drivers
v000002850911C2D0_0 .net "b", 0 0, L_00000285093D4930;  1 drivers
v000002850911C370_0 .net "cin", 0 0, L_00000285093D5470;  1 drivers
v000002850911D8B0_0 .net "cout", 0 0, L_000002850911B630;  1 drivers
v000002850911C410_0 .net "sum", 0 0, L_000002850911B320;  1 drivers
S_000002850905E380 .scope generate, "fa_loop[1]" "fa_loop[1]" 4 19, 4 19 0, S_00000285090A5E40;
 .timescale 0 0;
P_0000028509121100 .param/l "i" 1 4 19, +C4<01>;
S_000002850905E510 .scope module, "fa" "full_adder" 4 20, 5 1 0, S_000002850905E380;
 .timescale 0 0;
    .port_info 0 /INPUT 1 "a";
    .port_info 1 /INPUT 1 "b";
    .port_info 2 /INPUT 1 "cin";
    .port_info 3 /OUTPUT 1 "sum";
    .port_info 4 /OUTPUT 1 "cout";
L_000002850911B080 .functor XOR 1, L_00000285093D49D0, L_00000285093D5970, C4<0>, C4<0>;
L_000002850911B470 .functor XOR 1, L_000002850911B080, L_00000285093D5B50, C4<0>, C4<0>;
L_000002850911B4E0 .functor AND 1, L_00000285093D49D0, L_00000285093D5970, C4<1>, C4<1>;
L_000002850911B6A0 .functor XOR 1, L_00000285093D49D0, L_00000285093D5970, C4<0>, C4<0>;
L_000002850911B9B0 .functor AND 1, L_00000285093D5B50, L_000002850911B6A0, C4<1>, C4<1>;
L_00000285093DA090 .functor OR 1, L_000002850911B4E0, L_000002850911B9B0, C4<0>, C4<0>;
v000002850911D450_0 .net *"_ivl_0", 0 0, L_000002850911B080;  1 drivers
v000002850911D4F0_0 .net *"_ivl_4", 0 0, L_000002850911B4E0;  1 drivers
v000002850911C4B0_0 .net *"_ivl_6", 0 0, L_000002850911B6A0;  1 drivers
v000002850911C550_0 .net *"_ivl_8", 0 0, L_000002850911B9B0;  1 drivers
v000002850911BBF0_0 .net "a", 0 0, L_00000285093D49D0;  1 drivers
v000002850911C5F0_0 .net "b", 0 0, L_00000285093D5970;  1 drivers
v000002850911D9F0_0 .net "cin", 0 0, L_00000285093D5B50;  1 drivers
v000002850911D6D0_0 .net "cout", 0 0, L_00000285093DA090;  1 drivers
v000002850911D770_0 .net "sum", 0 0, L_000002850911B470;  1 drivers
S_000002850909B950 .scope generate, "fa_loop[2]" "fa_loop[2]" 4 19, 4 19 0, S_00000285090A5E40;
 .timescale 0 0;
P_0000028509121140 .param/l "i" 1 4 19, +C4<010>;
S_000002850909BAE0 .scope module, "fa" "full_adder" 4 20, 5 1 0, S_000002850909B950;
 .timescale 0 0;
    .port_info 0 /INPUT 1 "a";
    .port_info 1 /INPUT 1 "b";
    .port_info 2 /INPUT 1 "cin";
    .port_info 3 /OUTPUT 1 "sum";
    .port_info 4 /OUTPUT 1 "cout";
L_00000285093DA410 .functor XOR 1, L_00000285093D4A70, L_00000285093D5A10, C4<0>, C4<0>;
L_00000285093DA1E0 .functor XOR 1, L_00000285093DA410, L_00000285093D47F0, C4<0>, C4<0>;
L_00000285093DADB0 .functor AND 1, L_00000285093D4A70, L_00000285093D5A10, C4<1>, C4<1>;
L_00000285093DA790 .functor XOR 1, L_00000285093D4A70, L_00000285093D5A10, C4<0>, C4<0>;
L_00000285093DA100 .functor AND 1, L_00000285093D47F0, L_00000285093DA790, C4<1>, C4<1>;
L_00000285093DA170 .functor OR 1, L_00000285093DADB0, L_00000285093DA100, C4<0>, C4<0>;
v000002850911BC90_0 .net *"_ivl_0", 0 0, L_00000285093DA410;  1 drivers
v000002850911BDD0_0 .net *"_ivl_4", 0 0, L_00000285093DADB0;  1 drivers
v000002850911C910_0 .net *"_ivl_6", 0 0, L_00000285093DA790;  1 drivers
v000002850911CA50_0 .net *"_ivl_8", 0 0, L_00000285093DA100;  1 drivers
v000002850911CB90_0 .net "a", 0 0, L_00000285093D4A70;  1 drivers
v000002850911CC30_0 .net "b", 0 0, L_00000285093D5A10;  1 drivers
v000002850911CCD0_0 .net "cin", 0 0, L_00000285093D47F0;  1 drivers
v000002850911CD70_0 .net "cout", 0 0, L_00000285093DA170;  1 drivers
v000002850911CE10_0 .net "sum", 0 0, L_00000285093DA1E0;  1 drivers
S_000002850909BC70 .scope generate, "fa_loop[3]" "fa_loop[3]" 4 19, 4 19 0, S_00000285090A5E40;
 .timescale 0 0;
P_0000028509121700 .param/l "i" 1 4 19, +C4<011>;
S_00000285093BB930 .scope module, "fa" "full_adder" 4 20, 5 1 0, S_000002850909BC70;
 .timescale 0 0;
    .port_info 0 /INPUT 1 "a";
    .port_info 1 /INPUT 1 "b";
    .port_info 2 /INPUT 1 "cin";
    .port_info 3 /OUTPUT 1 "sum";
    .port_info 4 /OUTPUT 1 "cout";
L_00000285093D9F40 .functor XOR 1, L_00000285093D5C90, L_00000285093D5010, C4<0>, C4<0>;
L_00000285093DA950 .functor XOR 1, L_00000285093D9F40, L_00000285093D5BF0, C4<0>, C4<0>;
L_00000285093DA720 .functor AND 1, L_00000285093D5C90, L_00000285093D5010, C4<1>, C4<1>;
L_00000285093DA9C0 .functor XOR 1, L_00000285093D5C90, L_00000285093D5010, C4<0>, C4<0>;
L_00000285093DA250 .functor AND 1, L_00000285093D5BF0, L_00000285093DA9C0, C4<1>, C4<1>;
L_00000285093DA020 .functor OR 1, L_00000285093DA720, L_00000285093DA250, C4<0>, C4<0>;
v000002850911CEB0_0 .net *"_ivl_0", 0 0, L_00000285093D9F40;  1 drivers
v00000285090DF4A0_0 .net *"_ivl_4", 0 0, L_00000285093DA720;  1 drivers
v00000285090DFAE0_0 .net *"_ivl_6", 0 0, L_00000285093DA9C0;  1 drivers
v00000285090DFB80_0 .net *"_ivl_8", 0 0, L_00000285093DA250;  1 drivers
v00000285090DFE00_0 .net "a", 0 0, L_00000285093D5C90;  1 drivers
v00000285090DE5A0_0 .net "b", 0 0, L_00000285093D5010;  1 drivers
v00000285090DFEA0_0 .net "cin", 0 0, L_00000285093D5BF0;  1 drivers
v00000285090DE780_0 .net "cout", 0 0, L_00000285093DA020;  1 drivers
v00000285090DE0A0_0 .net "sum", 0 0, L_00000285093DA950;  1 drivers
S_00000285093BBAC0 .scope generate, "fa_loop[4]" "fa_loop[4]" 4 19, 4 19 0, S_00000285090A5E40;
 .timescale 0 0;
P_00000285091218C0 .param/l "i" 1 4 19, +C4<0100>;
S_00000285093BBC50 .scope module, "fa" "full_adder" 4 20, 5 1 0, S_00000285093BBAC0;
 .timescale 0 0;
    .port_info 0 /INPUT 1 "a";
    .port_info 1 /INPUT 1 "b";
    .port_info 2 /INPUT 1 "cin";
    .port_info 3 /OUTPUT 1 "sum";
    .port_info 4 /OUTPUT 1 "cout";
L_00000285093DAB80 .functor XOR 1, L_00000285093D5D30, L_00000285093D4B10, C4<0>, C4<0>;
L_00000285093DAD40 .functor XOR 1, L_00000285093DAB80, L_00000285093D4E30, C4<0>, C4<0>;
L_00000285093D9ED0 .functor AND 1, L_00000285093D5D30, L_00000285093D4B10, C4<1>, C4<1>;
L_00000285093DA800 .functor XOR 1, L_00000285093D5D30, L_00000285093D4B10, C4<0>, C4<0>;
L_00000285093DABF0 .functor AND 1, L_00000285093D4E30, L_00000285093DA800, C4<1>, C4<1>;
L_00000285093DA870 .functor OR 1, L_00000285093D9ED0, L_00000285093DABF0, C4<0>, C4<0>;
v00000285090DE8C0_0 .net *"_ivl_0", 0 0, L_00000285093DAB80;  1 drivers
v00000285090DEE60_0 .net *"_ivl_4", 0 0, L_00000285093D9ED0;  1 drivers
v00000285090F83B0_0 .net *"_ivl_6", 0 0, L_00000285093DA800;  1 drivers
v00000285090F6970_0 .net *"_ivl_8", 0 0, L_00000285093DABF0;  1 drivers
v00000285090F6C90_0 .net "a", 0 0, L_00000285093D5D30;  1 drivers
v00000285090F7230_0 .net "b", 0 0, L_00000285093D4B10;  1 drivers
v00000285090F6DD0_0 .net "cin", 0 0, L_00000285093D4E30;  1 drivers
v00000285090F7EB0_0 .net "cout", 0 0, L_00000285093DA870;  1 drivers
v00000285090F7910_0 .net "sum", 0 0, L_00000285093DAD40;  1 drivers
S_0000028509124E50 .scope generate, "fa_loop[5]" "fa_loop[5]" 4 19, 4 19 0, S_00000285090A5E40;
 .timescale 0 0;
P_0000028509120B80 .param/l "i" 1 4 19, +C4<0101>;
S_0000028509124FE0 .scope module, "fa" "full_adder" 4 20, 5 1 0, S_0000028509124E50;
 .timescale 0 0;
    .port_info 0 /INPUT 1 "a";
    .port_info 1 /INPUT 1 "b";
    .port_info 2 /INPUT 1 "cin";
    .port_info 3 /OUTPUT 1 "sum";
    .port_info 4 /OUTPUT 1 "cout";
L_00000285093DA2C0 .functor XOR 1, L_00000285093D50B0, L_00000285093D5290, C4<0>, C4<0>;
L_00000285093DA330 .functor XOR 1, L_00000285093DA2C0, L_00000285093D46B0, C4<0>, C4<0>;
L_00000285093D9FB0 .functor AND 1, L_00000285093D50B0, L_00000285093D5290, C4<1>, C4<1>;
L_00000285093DAC60 .functor XOR 1, L_00000285093D50B0, L_00000285093D5290, C4<0>, C4<0>;
L_00000285093DA640 .functor AND 1, L_00000285093D46B0, L_00000285093DAC60, C4<1>, C4<1>;
L_00000285093DACD0 .functor OR 1, L_00000285093D9FB0, L_00000285093DA640, C4<0>, C4<0>;
v00000285090F8090_0 .net *"_ivl_0", 0 0, L_00000285093DA2C0;  1 drivers
v00000285090F7870_0 .net *"_ivl_4", 0 0, L_00000285093D9FB0;  1 drivers
v00000285090F8450_0 .net *"_ivl_6", 0 0, L_00000285093DAC60;  1 drivers
v00000285090FFCE0_0 .net *"_ivl_8", 0 0, L_00000285093DA640;  1 drivers
v00000285090FFA60_0 .net "a", 0 0, L_00000285093D50B0;  1 drivers
v00000285090FF6A0_0 .net "b", 0 0, L_00000285093D5290;  1 drivers
v00000285091008C0_0 .net "cin", 0 0, L_00000285093D46B0;  1 drivers
v00000285090FFEC0_0 .net "cout", 0 0, L_00000285093DACD0;  1 drivers
v00000285091003C0_0 .net "sum", 0 0, L_00000285093DA330;  1 drivers
S_000002850912D850 .scope generate, "fa_loop[6]" "fa_loop[6]" 4 19, 4 19 0, S_00000285090A5E40;
 .timescale 0 0;
P_0000028509120F00 .param/l "i" 1 4 19, +C4<0110>;
S_000002850912DB70 .scope module, "fa" "full_adder" 4 20, 5 1 0, S_000002850912D850;
 .timescale 0 0;
    .port_info 0 /INPUT 1 "a";
    .port_info 1 /INPUT 1 "b";
    .port_info 2 /INPUT 1 "cin";
    .port_info 3 /OUTPUT 1 "sum";
    .port_info 4 /OUTPUT 1 "cout";
L_00000285093DA3A0 .functor XOR 1, L_00000285093D4750, L_00000285093D5150, C4<0>, C4<0>;
L_00000285093DAA30 .functor XOR 1, L_00000285093DA3A0, L_00000285093D5330, C4<0>, C4<0>;
L_00000285093DA480 .functor AND 1, L_00000285093D4750, L_00000285093D5150, C4<1>, C4<1>;
L_00000285093DA8E0 .functor XOR 1, L_00000285093D4750, L_00000285093D5150, C4<0>, C4<0>;
L_00000285093DAAA0 .functor AND 1, L_00000285093D5330, L_00000285093DA8E0, C4<1>, C4<1>;
L_00000285093DA4F0 .functor OR 1, L_00000285093DA480, L_00000285093DAAA0, C4<0>, C4<0>;
v0000028509100960_0 .net *"_ivl_0", 0 0, L_00000285093DA3A0;  1 drivers
v0000028509100AA0_0 .net *"_ivl_4", 0 0, L_00000285093DA480;  1 drivers
v0000028509100BE0_0 .net *"_ivl_6", 0 0, L_00000285093DA8E0;  1 drivers
v0000028509114370_0 .net *"_ivl_8", 0 0, L_00000285093DAAA0;  1 drivers
v0000028509113B50_0 .net "a", 0 0, L_00000285093D4750;  1 drivers
v00000285091136F0_0 .net "b", 0 0, L_00000285093D5150;  1 drivers
v0000028509114410_0 .net "cin", 0 0, L_00000285093D5330;  1 drivers
v0000028509114550_0 .net "cout", 0 0, L_00000285093DA4F0;  1 drivers
v0000028509113470_0 .net "sum", 0 0, L_00000285093DAA30;  1 drivers
S_000002850912D080 .scope generate, "fa_loop[7]" "fa_loop[7]" 4 19, 4 19 0, S_00000285090A5E40;
 .timescale 0 0;
P_000002850911E900 .param/l "i" 1 4 19, +C4<0111>;
S_000002850912D530 .scope module, "fa" "full_adder" 4 20, 5 1 0, S_000002850912D080;
 .timescale 0 0;
    .port_info 0 /INPUT 1 "a";
    .port_info 1 /INPUT 1 "b";
    .port_info 2 /INPUT 1 "cin";
    .port_info 3 /OUTPUT 1 "sum";
    .port_info 4 /OUTPUT 1 "cout";
L_00000285093DA560 .functor XOR 1, L_00000285093D53D0, L_00000285093D5510, C4<0>, C4<0>;
L_00000285093DAB10 .functor XOR 1, L_00000285093DA560, L_00000285093E1D90, C4<0>, C4<0>;
L_00000285093DA5D0 .functor AND 1, L_00000285093D53D0, L_00000285093D5510, C4<1>, C4<1>;
L_00000285093DA6B0 .functor XOR 1, L_00000285093D53D0, L_00000285093D5510, C4<0>, C4<0>;
L_00000285093DDAC0 .functor AND 1, L_00000285093E1D90, L_00000285093DA6B0, C4<1>, C4<1>;
L_00000285093DD2E0 .functor OR 1, L_00000285093DA5D0, L_00000285093DDAC0, C4<0>, C4<0>;
v00000285091130B0_0 .net *"_ivl_0", 0 0, L_00000285093DA560;  1 drivers
v0000028509113650_0 .net *"_ivl_4", 0 0, L_00000285093DA5D0;  1 drivers
v0000028509112CF0_0 .net *"_ivl_6", 0 0, L_00000285093DA6B0;  1 drivers
v00000285090D2480_0 .net *"_ivl_8", 0 0, L_00000285093DDAC0;  1 drivers
v00000285090D1F80_0 .net "a", 0 0, L_00000285093D53D0;  1 drivers
v00000285090D0FE0_0 .net "b", 0 0, L_00000285093D5510;  1 drivers
v00000285090D0C20_0 .net "cin", 0 0, L_00000285093E1D90;  1 drivers
v00000285090D2520_0 .net "cout", 0 0, L_00000285093DD2E0;  1 drivers
v00000285090D2160_0 .net "sum", 0 0, L_00000285093DAB10;  1 drivers
S_000002850912DD00 .scope generate, "fa_loop[8]" "fa_loop[8]" 4 19, 4 19 0, S_00000285090A5E40;
 .timescale 0 0;
P_000002850911DFC0 .param/l "i" 1 4 19, +C4<01000>;
S_000002850912DE90 .scope module, "fa" "full_adder" 4 20, 5 1 0, S_000002850912DD00;
 .timescale 0 0;
    .port_info 0 /INPUT 1 "a";
    .port_info 1 /INPUT 1 "b";
    .port_info 2 /INPUT 1 "cin";
    .port_info 3 /OUTPUT 1 "sum";
    .port_info 4 /OUTPUT 1 "cout";
L_00000285093DD900 .functor XOR 1, L_00000285093E0A30, L_00000285093E1A70, C4<0>, C4<0>;
L_00000285093DDB30 .functor XOR 1, L_00000285093DD900, L_00000285093E0D50, C4<0>, C4<0>;
L_00000285093DD9E0 .functor AND 1, L_00000285093E0A30, L_00000285093E1A70, C4<1>, C4<1>;
L_00000285093DCFD0 .functor XOR 1, L_00000285093E0A30, L_00000285093E1A70, C4<0>, C4<0>;
L_00000285093DD0B0 .functor AND 1, L_00000285093E0D50, L_00000285093DCFD0, C4<1>, C4<1>;
L_00000285093DD040 .functor OR 1, L_00000285093DD9E0, L_00000285093DD0B0, C4<0>, C4<0>;
v00000285090D0CC0_0 .net *"_ivl_0", 0 0, L_00000285093DD900;  1 drivers
v00000285090D0F40_0 .net *"_ivl_4", 0 0, L_00000285093DD9E0;  1 drivers
v00000285090ECA10_0 .net *"_ivl_6", 0 0, L_00000285093DCFD0;  1 drivers
v00000285090EC1F0_0 .net *"_ivl_8", 0 0, L_00000285093DD0B0;  1 drivers
v00000285090EADF0_0 .net "a", 0 0, L_00000285093E0A30;  1 drivers
v00000285090EB110_0 .net "b", 0 0, L_00000285093E1A70;  1 drivers
v00000285090EB1B0_0 .net "cin", 0 0, L_00000285093E0D50;  1 drivers
v00000285090EB890_0 .net "cout", 0 0, L_00000285093DD040;  1 drivers
v00000285090EBCF0_0 .net "sum", 0 0, L_00000285093DDB30;  1 drivers
S_000002850912D6C0 .scope generate, "fa_loop[9]" "fa_loop[9]" 4 19, 4 19 0, S_00000285090A5E40;
 .timescale 0 0;
P_000002850911E200 .param/l "i" 1 4 19, +C4<01001>;
S_000002850912D210 .scope module, "fa" "full_adder" 4 20, 5 1 0, S_000002850912D6C0;
 .timescale 0 0;
    .port_info 0 /INPUT 1 "a";
    .port_info 1 /INPUT 1 "b";
    .port_info 2 /INPUT 1 "cin";
    .port_info 3 /OUTPUT 1 "sum";
    .port_info 4 /OUTPUT 1 "cout";
L_00000285093DDA50 .functor XOR 1, L_00000285093E0850, L_00000285093E0B70, C4<0>, C4<0>;
L_00000285093DDDD0 .functor XOR 1, L_00000285093DDA50, L_00000285093E0AD0, C4<0>, C4<0>;
L_00000285093DD120 .functor AND 1, L_00000285093E0850, L_00000285093E0B70, C4<1>, C4<1>;
L_00000285093DD820 .functor XOR 1, L_00000285093E0850, L_00000285093E0B70, C4<0>, C4<0>;
L_00000285093DD510 .functor AND 1, L_00000285093E0AD0, L_00000285093DD820, C4<1>, C4<1>;
L_00000285093DD200 .functor OR 1, L_00000285093DD120, L_00000285093DD510, C4<0>, C4<0>;
v00000285090EC3D0_0 .net *"_ivl_0", 0 0, L_00000285093DDA50;  1 drivers
v00000285090C9620_0 .net *"_ivl_4", 0 0, L_00000285093DD120;  1 drivers
v00000285090CA0C0_0 .net *"_ivl_6", 0 0, L_00000285093DD820;  1 drivers
v00000285090CA160_0 .net *"_ivl_8", 0 0, L_00000285093DD510;  1 drivers
v00000285090C96C0_0 .net "a", 0 0, L_00000285093E0850;  1 drivers
v00000285090CA200_0 .net "b", 0 0, L_00000285093E0B70;  1 drivers
v00000285093C8360_0 .net "cin", 0 0, L_00000285093E0AD0;  1 drivers
v00000285093C9BC0_0 .net "cout", 0 0, L_00000285093DD200;  1 drivers
v00000285093C8AE0_0 .net "sum", 0 0, L_00000285093DDDD0;  1 drivers
S_000002850912D3A0 .scope generate, "fa_loop[10]" "fa_loop[10]" 4 19, 4 19 0, S_00000285090A5E40;
 .timescale 0 0;
P_000002850911EAC0 .param/l "i" 1 4 19, +C4<01010>;
S_000002850912D9E0 .scope module, "fa" "full_adder" 4 20, 5 1 0, S_000002850912D3A0;
 .timescale 0 0;
    .port_info 0 /INPUT 1 "a";
    .port_info 1 /INPUT 1 "b";
    .port_info 2 /INPUT 1 "cin";
    .port_info 3 /OUTPUT 1 "sum";
    .port_info 4 /OUTPUT 1 "cout";
L_00000285093DCF60 .functor XOR 1, L_00000285093E0E90, L_00000285093E0F30, C4<0>, C4<0>;
L_00000285093DD580 .functor XOR 1, L_00000285093DCF60, L_00000285093E16B0, C4<0>, C4<0>;
L_00000285093DD660 .functor AND 1, L_00000285093E0E90, L_00000285093E0F30, C4<1>, C4<1>;
L_00000285093DCEF0 .functor XOR 1, L_00000285093E0E90, L_00000285093E0F30, C4<0>, C4<0>;
L_00000285093DDC10 .functor AND 1, L_00000285093E16B0, L_00000285093DCEF0, C4<1>, C4<1>;
L_00000285093DD190 .functor OR 1, L_00000285093DD660, L_00000285093DDC10, C4<0>, C4<0>;
v00000285093C98A0_0 .net *"_ivl_0", 0 0, L_00000285093DCF60;  1 drivers
v00000285093C84A0_0 .net *"_ivl_4", 0 0, L_00000285093DD660;  1 drivers
v00000285093C8E00_0 .net *"_ivl_6", 0 0, L_00000285093DCEF0;  1 drivers
v00000285093C8B80_0 .net *"_ivl_8", 0 0, L_00000285093DDC10;  1 drivers
v00000285093C8900_0 .net "a", 0 0, L_00000285093E0E90;  1 drivers
v00000285093C9300_0 .net "b", 0 0, L_00000285093E0F30;  1 drivers
v00000285093C8540_0 .net "cin", 0 0, L_00000285093E16B0;  1 drivers
v00000285093C9260_0 .net "cout", 0 0, L_00000285093DD190;  1 drivers
v00000285093C9760_0 .net "sum", 0 0, L_00000285093DD580;  1 drivers
S_00000285093CA960 .scope generate, "fa_loop[11]" "fa_loop[11]" 4 19, 4 19 0, S_00000285090A5E40;
 .timescale 0 0;
P_000002850911E800 .param/l "i" 1 4 19, +C4<01011>;
S_00000285093CB900 .scope module, "fa" "full_adder" 4 20, 5 1 0, S_00000285093CA960;
 .timescale 0 0;
    .port_info 0 /INPUT 1 "a";
    .port_info 1 /INPUT 1 "b";
    .port_info 2 /INPUT 1 "cin";
    .port_info 3 /OUTPUT 1 "sum";
    .port_info 4 /OUTPUT 1 "cout";
L_00000285093DD740 .functor XOR 1, L_00000285093E0FD0, L_00000285093E0C10, C4<0>, C4<0>;
L_00000285093DD270 .functor XOR 1, L_00000285093DD740, L_00000285093E08F0, C4<0>, C4<0>;
L_00000285093DDD60 .functor AND 1, L_00000285093E0FD0, L_00000285093E0C10, C4<1>, C4<1>;
L_00000285093DD350 .functor XOR 1, L_00000285093E0FD0, L_00000285093E0C10, C4<0>, C4<0>;
L_00000285093DD4A0 .functor AND 1, L_00000285093E08F0, L_00000285093DD350, C4<1>, C4<1>;
L_00000285093DD3C0 .functor OR 1, L_00000285093DDD60, L_00000285093DD4A0, C4<0>, C4<0>;
v00000285093C9C60_0 .net *"_ivl_0", 0 0, L_00000285093DD740;  1 drivers
v00000285093C85E0_0 .net *"_ivl_4", 0 0, L_00000285093DDD60;  1 drivers
v00000285093C89A0_0 .net *"_ivl_6", 0 0, L_00000285093DD350;  1 drivers
v00000285093C7E60_0 .net *"_ivl_8", 0 0, L_00000285093DD4A0;  1 drivers
v00000285093C82C0_0 .net "a", 0 0, L_00000285093E0FD0;  1 drivers
v00000285093C8680_0 .net "b", 0 0, L_00000285093E0C10;  1 drivers
v00000285093C8400_0 .net "cin", 0 0, L_00000285093E08F0;  1 drivers
v00000285093C9B20_0 .net "cout", 0 0, L_00000285093DD3C0;  1 drivers
v00000285093C8720_0 .net "sum", 0 0, L_00000285093DD270;  1 drivers
S_00000285093CAFA0 .scope generate, "fa_loop[12]" "fa_loop[12]" 4 19, 4 19 0, S_00000285090A5E40;
 .timescale 0 0;
P_000002850911E3C0 .param/l "i" 1 4 19, +C4<01100>;
S_00000285093CAC80 .scope module, "fa" "full_adder" 4 20, 5 1 0, S_00000285093CAFA0;
 .timescale 0 0;
    .port_info 0 /INPUT 1 "a";
    .port_info 1 /INPUT 1 "b";
    .port_info 2 /INPUT 1 "cin";
    .port_info 3 /OUTPUT 1 "sum";
    .port_info 4 /OUTPUT 1 "cout";
L_00000285093DD430 .functor XOR 1, L_00000285093E14D0, L_00000285093E17F0, C4<0>, C4<0>;
L_00000285093DD7B0 .functor XOR 1, L_00000285093DD430, L_00000285093E0710, C4<0>, C4<0>;
L_00000285093DD890 .functor AND 1, L_00000285093E14D0, L_00000285093E17F0, C4<1>, C4<1>;
L_00000285093DD5F0 .functor XOR 1, L_00000285093E14D0, L_00000285093E17F0, C4<0>, C4<0>;
L_00000285093DD6D0 .functor AND 1, L_00000285093E0710, L_00000285093DD5F0, C4<1>, C4<1>;
L_00000285093DD970 .functor OR 1, L_00000285093DD890, L_00000285093DD6D0, C4<0>, C4<0>;
v00000285093C9440_0 .net *"_ivl_0", 0 0, L_00000285093DD430;  1 drivers
v00000285093C8220_0 .net *"_ivl_4", 0 0, L_00000285093DD890;  1 drivers
v00000285093C87C0_0 .net *"_ivl_6", 0 0, L_00000285093DD5F0;  1 drivers
v00000285093C7F00_0 .net *"_ivl_8", 0 0, L_00000285093DD6D0;  1 drivers
v00000285093C9940_0 .net "a", 0 0, L_00000285093E14D0;  1 drivers
v00000285093C9D00_0 .net "b", 0 0, L_00000285093E17F0;  1 drivers
v00000285093C91C0_0 .net "cin", 0 0, L_00000285093E0710;  1 drivers
v00000285093C80E0_0 .net "cout", 0 0, L_00000285093DD970;  1 drivers
v00000285093C8860_0 .net "sum", 0 0, L_00000285093DD7B0;  1 drivers
S_00000285093CAAF0 .scope generate, "fa_loop[13]" "fa_loop[13]" 4 19, 4 19 0, S_00000285090A5E40;
 .timescale 0 0;
P_000002850911E080 .param/l "i" 1 4 19, +C4<01101>;
S_00000285093CB450 .scope module, "fa" "full_adder" 4 20, 5 1 0, S_00000285093CAAF0;
 .timescale 0 0;
    .port_info 0 /INPUT 1 "a";
    .port_info 1 /INPUT 1 "b";
    .port_info 2 /INPUT 1 "cin";
    .port_info 3 /OUTPUT 1 "sum";
    .port_info 4 /OUTPUT 1 "cout";
L_00000285093DDBA0 .functor XOR 1, L_00000285093E1070, L_00000285093E0CB0, C4<0>, C4<0>;
L_00000285093DDC80 .functor XOR 1, L_00000285093DDBA0, L_00000285093E1750, C4<0>, C4<0>;
L_00000285093DDCF0 .functor AND 1, L_00000285093E1070, L_00000285093E0CB0, C4<1>, C4<1>;
L_00000285093E35D0 .functor XOR 1, L_00000285093E1070, L_00000285093E0CB0, C4<0>, C4<0>;
L_00000285093E3790 .functor AND 1, L_00000285093E1750, L_00000285093E35D0, C4<1>, C4<1>;
L_00000285093E2D80 .functor OR 1, L_00000285093DDCF0, L_00000285093E3790, C4<0>, C4<0>;
v00000285093C8040_0 .net *"_ivl_0", 0 0, L_00000285093DDBA0;  1 drivers
v00000285093C7FA0_0 .net *"_ivl_4", 0 0, L_00000285093DDCF0;  1 drivers
v00000285093C9120_0 .net *"_ivl_6", 0 0, L_00000285093E35D0;  1 drivers
v00000285093C8180_0 .net *"_ivl_8", 0 0, L_00000285093E3790;  1 drivers
v00000285093C8A40_0 .net "a", 0 0, L_00000285093E1070;  1 drivers
v00000285093C9620_0 .net "b", 0 0, L_00000285093E0CB0;  1 drivers
v00000285093C8C20_0 .net "cin", 0 0, L_00000285093E1750;  1 drivers
v00000285093C94E0_0 .net "cout", 0 0, L_00000285093E2D80;  1 drivers
v00000285093C8CC0_0 .net "sum", 0 0, L_00000285093DDC80;  1 drivers
S_00000285093CB2C0 .scope generate, "fa_loop[14]" "fa_loop[14]" 4 19, 4 19 0, S_00000285090A5E40;
 .timescale 0 0;
P_000002850911E8C0 .param/l "i" 1 4 19, +C4<01110>;
S_00000285093CAE10 .scope module, "fa" "full_adder" 4 20, 5 1 0, S_00000285093CB2C0;
 .timescale 0 0;
    .port_info 0 /INPUT 1 "a";
    .port_info 1 /INPUT 1 "b";
    .port_info 2 /INPUT 1 "cin";
    .port_info 3 /OUTPUT 1 "sum";
    .port_info 4 /OUTPUT 1 "cout";
L_00000285093E3950 .functor XOR 1, L_00000285093E12F0, L_00000285093E07B0, C4<0>, C4<0>;
L_00000285093E3020 .functor XOR 1, L_00000285093E3950, L_00000285093E0990, C4<0>, C4<0>;
L_00000285093E3090 .functor AND 1, L_00000285093E12F0, L_00000285093E07B0, C4<1>, C4<1>;
L_00000285093E34F0 .functor XOR 1, L_00000285093E12F0, L_00000285093E07B0, C4<0>, C4<0>;
L_00000285093E3800 .functor AND 1, L_00000285093E0990, L_00000285093E34F0, C4<1>, C4<1>;
L_00000285093E3560 .functor OR 1, L_00000285093E3090, L_00000285093E3800, C4<0>, C4<0>;
v00000285093C8D60_0 .net *"_ivl_0", 0 0, L_00000285093E3950;  1 drivers
v00000285093C8EA0_0 .net *"_ivl_4", 0 0, L_00000285093E3090;  1 drivers
v00000285093C8F40_0 .net *"_ivl_6", 0 0, L_00000285093E34F0;  1 drivers
v00000285093C93A0_0 .net *"_ivl_8", 0 0, L_00000285093E3800;  1 drivers
v00000285093C96C0_0 .net "a", 0 0, L_00000285093E12F0;  1 drivers
v00000285093C8FE0_0 .net "b", 0 0, L_00000285093E07B0;  1 drivers
v00000285093C9080_0 .net "cin", 0 0, L_00000285093E0990;  1 drivers
v00000285093C9580_0 .net "cout", 0 0, L_00000285093E3560;  1 drivers
v00000285093C9800_0 .net "sum", 0 0, L_00000285093E3020;  1 drivers
S_00000285093CB5E0 .scope generate, "fa_loop[15]" "fa_loop[15]" 4 19, 4 19 0, S_00000285090A5E40;
 .timescale 0 0;
P_000002850911E980 .param/l "i" 1 4 19, +C4<01111>;
S_00000285093CB130 .scope module, "fa" "full_adder" 4 20, 5 1 0, S_00000285093CB5E0;
 .timescale 0 0;
    .port_info 0 /INPUT 1 "a";
    .port_info 1 /INPUT 1 "b";
    .port_info 2 /INPUT 1 "cin";
    .port_info 3 /OUTPUT 1 "sum";
    .port_info 4 /OUTPUT 1 "cout";
L_00000285093E1F10 .functor XOR 1, L_00000285093E1570, L_00000285093E1250, C4<0>, C4<0>;
L_00000285093E2530 .functor XOR 1, L_00000285093E1F10, L_00000285093E1110, C4<0>, C4<0>;
L_00000285093E24C0 .functor AND 1, L_00000285093E1570, L_00000285093E1250, C4<1>, C4<1>;
L_00000285093E3640 .functor XOR 1, L_00000285093E1570, L_00000285093E1250, C4<0>, C4<0>;
L_00000285093E2840 .functor AND 1, L_00000285093E1110, L_00000285093E3640, C4<1>, C4<1>;
L_00000285093E3410 .functor OR 1, L_00000285093E24C0, L_00000285093E2840, C4<0>, C4<0>;
v00000285093C99E0_0 .net *"_ivl_0", 0 0, L_00000285093E1F10;  1 drivers
v00000285093C9A80_0 .net *"_ivl_4", 0 0, L_00000285093E24C0;  1 drivers
v00000285093CE0F0_0 .net *"_ivl_6", 0 0, L_00000285093E3640;  1 drivers
v00000285093CC570_0 .net *"_ivl_8", 0 0, L_00000285093E2840;  1 drivers
v00000285093CC390_0 .net "a", 0 0, L_00000285093E1570;  1 drivers
v00000285093CCBB0_0 .net "b", 0 0, L_00000285093E1250;  1 drivers
v00000285093CD010_0 .net "cin", 0 0, L_00000285093E1110;  1 drivers
v00000285093CE5F0_0 .net "cout", 0 0, L_00000285093E3410;  1 drivers
v00000285093CC930_0 .net "sum", 0 0, L_00000285093E2530;  1 drivers
S_00000285093CA640 .scope generate, "fa_loop[16]" "fa_loop[16]" 4 19, 4 19 0, S_00000285090A5E40;
 .timescale 0 0;
P_000002850911DD00 .param/l "i" 1 4 19, +C4<010000>;
S_00000285093CB770 .scope module, "fa" "full_adder" 4 20, 5 1 0, S_00000285093CA640;
 .timescale 0 0;
    .port_info 0 /INPUT 1 "a";
    .port_info 1 /INPUT 1 "b";
    .port_info 2 /INPUT 1 "cin";
    .port_info 3 /OUTPUT 1 "sum";
    .port_info 4 /OUTPUT 1 "cout";
L_00000285093E25A0 .functor XOR 1, L_00000285093E1B10, L_00000285093E0DF0, C4<0>, C4<0>;
L_00000285093E36B0 .functor XOR 1, L_00000285093E25A0, L_00000285093E1890, C4<0>, C4<0>;
L_00000285093E2370 .functor AND 1, L_00000285093E1B10, L_00000285093E0DF0, C4<1>, C4<1>;
L_00000285093E2610 .functor XOR 1, L_00000285093E1B10, L_00000285093E0DF0, C4<0>, C4<0>;
L_00000285093E3100 .functor AND 1, L_00000285093E1890, L_00000285093E2610, C4<1>, C4<1>;
L_00000285093E3170 .functor OR 1, L_00000285093E2370, L_00000285093E3100, C4<0>, C4<0>;
v00000285093CCE30_0 .net *"_ivl_0", 0 0, L_00000285093E25A0;  1 drivers
v00000285093CDBF0_0 .net *"_ivl_4", 0 0, L_00000285093E2370;  1 drivers
v00000285093CC6B0_0 .net *"_ivl_6", 0 0, L_00000285093E2610;  1 drivers
v00000285093CDE70_0 .net *"_ivl_8", 0 0, L_00000285093E3100;  1 drivers
v00000285093CE2D0_0 .net "a", 0 0, L_00000285093E1B10;  1 drivers
v00000285093CC430_0 .net "b", 0 0, L_00000285093E0DF0;  1 drivers
v00000285093CC250_0 .net "cin", 0 0, L_00000285093E1890;  1 drivers
v00000285093CD330_0 .net "cout", 0 0, L_00000285093E3170;  1 drivers
v00000285093CD6F0_0 .net "sum", 0 0, L_00000285093E36B0;  1 drivers
S_00000285093CBA90 .scope generate, "fa_loop[17]" "fa_loop[17]" 4 19, 4 19 0, S_00000285090A5E40;
 .timescale 0 0;
P_000002850911E400 .param/l "i" 1 4 19, +C4<010001>;
S_00000285093CBC20 .scope module, "fa" "full_adder" 4 20, 5 1 0, S_00000285093CBA90;
 .timescale 0 0;
    .port_info 0 /INPUT 1 "a";
    .port_info 1 /INPUT 1 "b";
    .port_info 2 /INPUT 1 "cin";
    .port_info 3 /OUTPUT 1 "sum";
    .port_info 4 /OUTPUT 1 "cout";
L_00000285093E3720 .functor XOR 1, L_00000285093E1430, L_00000285093E11B0, C4<0>, C4<0>;
L_00000285093E3870 .functor XOR 1, L_00000285093E3720, L_00000285093E1390, C4<0>, C4<0>;
L_00000285093E3AA0 .functor AND 1, L_00000285093E1430, L_00000285093E11B0, C4<1>, C4<1>;
L_00000285093E2290 .functor XOR 1, L_00000285093E1430, L_00000285093E11B0, C4<0>, C4<0>;
L_00000285093E2140 .functor AND 1, L_00000285093E1390, L_00000285093E2290, C4<1>, C4<1>;
L_00000285093E2DF0 .functor OR 1, L_00000285093E3AA0, L_00000285093E2140, C4<0>, C4<0>;
v00000285093CD470_0 .net *"_ivl_0", 0 0, L_00000285093E3720;  1 drivers
v00000285093CBE90_0 .net *"_ivl_4", 0 0, L_00000285093E3AA0;  1 drivers
v00000285093CDF10_0 .net *"_ivl_6", 0 0, L_00000285093E2290;  1 drivers
v00000285093CCC50_0 .net *"_ivl_8", 0 0, L_00000285093E2140;  1 drivers
v00000285093CBF30_0 .net "a", 0 0, L_00000285093E1430;  1 drivers
v00000285093CE190_0 .net "b", 0 0, L_00000285093E11B0;  1 drivers
v00000285093CDDD0_0 .net "cin", 0 0, L_00000285093E1390;  1 drivers
v00000285093CD5B0_0 .net "cout", 0 0, L_00000285093E2DF0;  1 drivers
v00000285093CE230_0 .net "sum", 0 0, L_00000285093E3870;  1 drivers
S_00000285093CA4B0 .scope generate, "fa_loop[18]" "fa_loop[18]" 4 19, 4 19 0, S_00000285090A5E40;
 .timescale 0 0;
P_000002850911E440 .param/l "i" 1 4 19, +C4<010010>;
S_00000285093C9E70 .scope module, "fa" "full_adder" 4 20, 5 1 0, S_00000285093CA4B0;
 .timescale 0 0;
    .port_info 0 /INPUT 1 "a";
    .port_info 1 /INPUT 1 "b";
    .port_info 2 /INPUT 1 "cin";
    .port_info 3 /OUTPUT 1 "sum";
    .port_info 4 /OUTPUT 1 "cout";
L_00000285093E2CA0 .functor XOR 1, L_00000285093E1930, L_00000285093E19D0, C4<0>, C4<0>;
L_00000285093E2220 .functor XOR 1, L_00000285093E2CA0, L_00000285093E1BB0, C4<0>, C4<0>;
L_00000285093E31E0 .functor AND 1, L_00000285093E1930, L_00000285093E19D0, C4<1>, C4<1>;
L_00000285093E2D10 .functor XOR 1, L_00000285093E1930, L_00000285093E19D0, C4<0>, C4<0>;
L_00000285093E21B0 .functor AND 1, L_00000285093E1BB0, L_00000285093E2D10, C4<1>, C4<1>;
L_00000285093E38E0 .functor OR 1, L_00000285093E31E0, L_00000285093E21B0, C4<0>, C4<0>;
v00000285093CD650_0 .net *"_ivl_0", 0 0, L_00000285093E2CA0;  1 drivers
v00000285093CC4D0_0 .net *"_ivl_4", 0 0, L_00000285093E31E0;  1 drivers
v00000285093CC750_0 .net *"_ivl_6", 0 0, L_00000285093E2D10;  1 drivers
v00000285093CBFD0_0 .net *"_ivl_8", 0 0, L_00000285093E21B0;  1 drivers
v00000285093CC2F0_0 .net "a", 0 0, L_00000285093E1930;  1 drivers
v00000285093CCCF0_0 .net "b", 0 0, L_00000285093E19D0;  1 drivers
v00000285093CD1F0_0 .net "cin", 0 0, L_00000285093E1BB0;  1 drivers
v00000285093CD790_0 .net "cout", 0 0, L_00000285093E38E0;  1 drivers
v00000285093CD0B0_0 .net "sum", 0 0, L_00000285093E2220;  1 drivers
S_00000285093CA320 .scope generate, "fa_loop[19]" "fa_loop[19]" 4 19, 4 19 0, S_00000285090A5E40;
 .timescale 0 0;
P_000002850911E000 .param/l "i" 1 4 19, +C4<010011>;
S_00000285093CA7D0 .scope module, "fa" "full_adder" 4 20, 5 1 0, S_00000285093CA320;
 .timescale 0 0;
    .port_info 0 /INPUT 1 "a";
    .port_info 1 /INPUT 1 "b";
    .port_info 2 /INPUT 1 "cin";
    .port_info 3 /OUTPUT 1 "sum";
    .port_info 4 /OUTPUT 1 "cout";
L_00000285093E2E60 .functor XOR 1, L_00000285093E1C50, L_00000285093E1610, C4<0>, C4<0>;
L_00000285093E27D0 .functor XOR 1, L_00000285093E2E60, L_00000285093E1CF0, C4<0>, C4<0>;
L_00000285093E1F80 .functor AND 1, L_00000285093E1C50, L_00000285093E1610, C4<1>, C4<1>;
L_00000285093E39C0 .functor XOR 1, L_00000285093E1C50, L_00000285093E1610, C4<0>, C4<0>;
L_00000285093E3A30 .functor AND 1, L_00000285093E1CF0, L_00000285093E39C0, C4<1>, C4<1>;
L_00000285093E2A70 .functor OR 1, L_00000285093E1F80, L_00000285093E3A30, C4<0>, C4<0>;
v00000285093CC7F0_0 .net *"_ivl_0", 0 0, L_00000285093E2E60;  1 drivers
v00000285093CD830_0 .net *"_ivl_4", 0 0, L_00000285093E1F80;  1 drivers
v00000285093CC610_0 .net *"_ivl_6", 0 0, L_00000285093E39C0;  1 drivers
v00000285093CC890_0 .net *"_ivl_8", 0 0, L_00000285093E3A30;  1 drivers
v00000285093CDC90_0 .net "a", 0 0, L_00000285093E1C50;  1 drivers
v00000285093CDA10_0 .net "b", 0 0, L_00000285093E1610;  1 drivers
v00000285093CCB10_0 .net "cin", 0 0, L_00000285093E1CF0;  1 drivers
v00000285093CDAB0_0 .net "cout", 0 0, L_00000285093E2A70;  1 drivers
v00000285093CDD30_0 .net "sum", 0 0, L_00000285093E27D0;  1 drivers
S_00000285093CA000 .scope generate, "fa_loop[20]" "fa_loop[20]" 4 19, 4 19 0, S_00000285090A5E40;
 .timescale 0 0;
P_000002850911DCC0 .param/l "i" 1 4 19, +C4<010100>;
S_00000285093CA190 .scope module, "fa" "full_adder" 4 20, 5 1 0, S_00000285093CA000;
 .timescale 0 0;
    .port_info 0 /INPUT 1 "a";
    .port_info 1 /INPUT 1 "b";
    .port_info 2 /INPUT 1 "cin";
    .port_info 3 /OUTPUT 1 "sum";
    .port_info 4 /OUTPUT 1 "cout";
L_00000285093E32C0 .functor XOR 1, L_00000285093DE5F0, L_00000285093E0490, C4<0>, C4<0>;
L_00000285093E3330 .functor XOR 1, L_00000285093E32C0, L_00000285093E0030, C4<0>, C4<0>;
L_00000285093E1FF0 .functor AND 1, L_00000285093DE5F0, L_00000285093E0490, C4<1>, C4<1>;
L_00000285093E2680 .functor XOR 1, L_00000285093DE5F0, L_00000285093E0490, C4<0>, C4<0>;
L_00000285093E3480 .functor AND 1, L_00000285093E0030, L_00000285093E2680, C4<1>, C4<1>;
L_00000285093E2AE0 .functor OR 1, L_00000285093E1FF0, L_00000285093E3480, C4<0>, C4<0>;
v00000285093CCD90_0 .net *"_ivl_0", 0 0, L_00000285093E32C0;  1 drivers
v00000285093CDB50_0 .net *"_ivl_4", 0 0, L_00000285093E1FF0;  1 drivers
v00000285093CDFB0_0 .net *"_ivl_6", 0 0, L_00000285093E2680;  1 drivers
v00000285093CCED0_0 .net *"_ivl_8", 0 0, L_00000285093E3480;  1 drivers
v00000285093CE050_0 .net "a", 0 0, L_00000285093DE5F0;  1 drivers
v00000285093CCF70_0 .net "b", 0 0, L_00000285093E0490;  1 drivers
v00000285093CC9D0_0 .net "cin", 0 0, L_00000285093E0030;  1 drivers
v00000285093CD970_0 .net "cout", 0 0, L_00000285093E2AE0;  1 drivers
v00000285093CCA70_0 .net "sum", 0 0, L_00000285093E3330;  1 drivers
S_00000285093D04D0 .scope generate, "fa_loop[21]" "fa_loop[21]" 4 19, 4 19 0, S_00000285090A5E40;
 .timescale 0 0;
P_000002850911E480 .param/l "i" 1 4 19, +C4<010101>;
S_00000285093D1600 .scope module, "fa" "full_adder" 4 20, 5 1 0, S_00000285093D04D0;
 .timescale 0 0;
    .port_info 0 /INPUT 1 "a";
    .port_info 1 /INPUT 1 "b";
    .port_info 2 /INPUT 1 "cin";
    .port_info 3 /OUTPUT 1 "sum";
    .port_info 4 /OUTPUT 1 "cout";
L_00000285093E2060 .functor XOR 1, L_00000285093E0530, L_00000285093DEF50, C4<0>, C4<0>;
L_00000285093E20D0 .functor XOR 1, L_00000285093E2060, L_00000285093DF770, C4<0>, C4<0>;
L_00000285093E2300 .functor AND 1, L_00000285093E0530, L_00000285093DEF50, C4<1>, C4<1>;
L_00000285093E23E0 .functor XOR 1, L_00000285093E0530, L_00000285093DEF50, C4<0>, C4<0>;
L_00000285093E3250 .functor AND 1, L_00000285093DF770, L_00000285093E23E0, C4<1>, C4<1>;
L_00000285093E2450 .functor OR 1, L_00000285093E2300, L_00000285093E3250, C4<0>, C4<0>;
v00000285093CD150_0 .net *"_ivl_0", 0 0, L_00000285093E2060;  1 drivers
v00000285093CE410_0 .net *"_ivl_4", 0 0, L_00000285093E2300;  1 drivers
v00000285093CD290_0 .net *"_ivl_6", 0 0, L_00000285093E23E0;  1 drivers
v00000285093CD3D0_0 .net *"_ivl_8", 0 0, L_00000285093E3250;  1 drivers
v00000285093CE4B0_0 .net "a", 0 0, L_00000285093E0530;  1 drivers
v00000285093CD8D0_0 .net "b", 0 0, L_00000285093DEF50;  1 drivers
v00000285093CE370_0 .net "cin", 0 0, L_00000285093DF770;  1 drivers
v00000285093CD510_0 .net "cout", 0 0, L_00000285093E2450;  1 drivers
v00000285093CE550_0 .net "sum", 0 0, L_00000285093E20D0;  1 drivers
S_00000285093D12E0 .scope generate, "fa_loop[22]" "fa_loop[22]" 4 19, 4 19 0, S_00000285090A5E40;
 .timescale 0 0;
P_000002850911DD40 .param/l "i" 1 4 19, +C4<010110>;
S_00000285093D0CA0 .scope module, "fa" "full_adder" 4 20, 5 1 0, S_00000285093D12E0;
 .timescale 0 0;
    .port_info 0 /INPUT 1 "a";
    .port_info 1 /INPUT 1 "b";
    .port_info 2 /INPUT 1 "cin";
    .port_info 3 /OUTPUT 1 "sum";
    .port_info 4 /OUTPUT 1 "cout";
L_00000285093E26F0 .functor XOR 1, L_00000285093DFB30, L_00000285093DEE10, C4<0>, C4<0>;
L_00000285093E2760 .functor XOR 1, L_00000285093E26F0, L_00000285093E00D0, C4<0>, C4<0>;
L_00000285093E28B0 .functor AND 1, L_00000285093DFB30, L_00000285093DEE10, C4<1>, C4<1>;
L_00000285093E2ED0 .functor XOR 1, L_00000285093DFB30, L_00000285093DEE10, C4<0>, C4<0>;
L_00000285093E2920 .functor AND 1, L_00000285093E00D0, L_00000285093E2ED0, C4<1>, C4<1>;
L_00000285093E33A0 .functor OR 1, L_00000285093E28B0, L_00000285093E2920, C4<0>, C4<0>;
v00000285093CC070_0 .net *"_ivl_0", 0 0, L_00000285093E26F0;  1 drivers
v00000285093CC110_0 .net *"_ivl_4", 0 0, L_00000285093E28B0;  1 drivers
v00000285093CC1B0_0 .net *"_ivl_6", 0 0, L_00000285093E2ED0;  1 drivers
v00000285093CEB90_0 .net *"_ivl_8", 0 0, L_00000285093E2920;  1 drivers
v00000285093CE910_0 .net "a", 0 0, L_00000285093DFB30;  1 drivers
v00000285093CE690_0 .net "b", 0 0, L_00000285093DEE10;  1 drivers
v00000285093CEC30_0 .net "cin", 0 0, L_00000285093E00D0;  1 drivers
v00000285093CFC70_0 .net "cout", 0 0, L_00000285093E33A0;  1 drivers
v00000285093CF450_0 .net "sum", 0 0, L_00000285093E2760;  1 drivers
S_00000285093D01B0 .scope generate, "fa_loop[23]" "fa_loop[23]" 4 19, 4 19 0, S_00000285090A5E40;
 .timescale 0 0;
P_000002850911E7C0 .param/l "i" 1 4 19, +C4<010111>;
S_00000285093D07F0 .scope module, "fa" "full_adder" 4 20, 5 1 0, S_00000285093D01B0;
 .timescale 0 0;
    .port_info 0 /INPUT 1 "a";
    .port_info 1 /INPUT 1 "b";
    .port_info 2 /INPUT 1 "cin";
    .port_info 3 /OUTPUT 1 "sum";
    .port_info 4 /OUTPUT 1 "cout";
L_00000285093E2990 .functor XOR 1, L_00000285093DE9B0, L_00000285093DE4B0, C4<0>, C4<0>;
L_00000285093E2A00 .functor XOR 1, L_00000285093E2990, L_00000285093DF270, C4<0>, C4<0>;
L_00000285093E2B50 .functor AND 1, L_00000285093DE9B0, L_00000285093DE4B0, C4<1>, C4<1>;
L_00000285093E2BC0 .functor XOR 1, L_00000285093DE9B0, L_00000285093DE4B0, C4<0>, C4<0>;
L_00000285093E2C30 .functor AND 1, L_00000285093DF270, L_00000285093E2BC0, C4<1>, C4<1>;
L_00000285093E2F40 .functor OR 1, L_00000285093E2B50, L_00000285093E2C30, C4<0>, C4<0>;
v00000285093CEAF0_0 .net *"_ivl_0", 0 0, L_00000285093E2990;  1 drivers
v00000285093CE730_0 .net *"_ivl_4", 0 0, L_00000285093E2B50;  1 drivers
v00000285093CFD10_0 .net *"_ivl_6", 0 0, L_00000285093E2BC0;  1 drivers
v00000285093CF3B0_0 .net *"_ivl_8", 0 0, L_00000285093E2C30;  1 drivers
v00000285093CED70_0 .net "a", 0 0, L_00000285093DE9B0;  1 drivers
v00000285093CF310_0 .net "b", 0 0, L_00000285093DE4B0;  1 drivers
v00000285093CEF50_0 .net "cin", 0 0, L_00000285093DF270;  1 drivers
v00000285093CEFF0_0 .net "cout", 0 0, L_00000285093E2F40;  1 drivers
v00000285093CF770_0 .net "sum", 0 0, L_00000285093E2A00;  1 drivers
S_00000285093D0980 .scope generate, "fa_loop[24]" "fa_loop[24]" 4 19, 4 19 0, S_00000285090A5E40;
 .timescale 0 0;
P_000002850911E180 .param/l "i" 1 4 19, +C4<011000>;
S_00000285093D1790 .scope module, "fa" "full_adder" 4 20, 5 1 0, S_00000285093D0980;
 .timescale 0 0;
    .port_info 0 /INPUT 1 "a";
    .port_info 1 /INPUT 1 "b";
    .port_info 2 /INPUT 1 "cin";
    .port_info 3 /OUTPUT 1 "sum";
    .port_info 4 /OUTPUT 1 "cout";
L_00000285093E2FB0 .functor XOR 1, L_00000285093DF9F0, L_00000285093DE2D0, C4<0>, C4<0>;
L_00000285093E3E20 .functor XOR 1, L_00000285093E2FB0, L_00000285093DE690, C4<0>, C4<0>;
L_00000285093E3D40 .functor AND 1, L_00000285093DF9F0, L_00000285093DE2D0, C4<1>, C4<1>;
L_00000285093E3BF0 .functor XOR 1, L_00000285093DF9F0, L_00000285093DE2D0, C4<0>, C4<0>;
L_00000285093E3B10 .functor AND 1, L_00000285093DE690, L_00000285093E3BF0, C4<1>, C4<1>;
L_00000285093E3C60 .functor OR 1, L_00000285093E3D40, L_00000285093E3B10, C4<0>, C4<0>;
v00000285093CF810_0 .net *"_ivl_0", 0 0, L_00000285093E2FB0;  1 drivers
v00000285093CF4F0_0 .net *"_ivl_4", 0 0, L_00000285093E3D40;  1 drivers
v00000285093CF8B0_0 .net *"_ivl_6", 0 0, L_00000285093E3BF0;  1 drivers
v00000285093CE7D0_0 .net *"_ivl_8", 0 0, L_00000285093E3B10;  1 drivers
v00000285093CE870_0 .net "a", 0 0, L_00000285093DF9F0;  1 drivers
v00000285093CECD0_0 .net "b", 0 0, L_00000285093DE2D0;  1 drivers
v00000285093CEE10_0 .net "cin", 0 0, L_00000285093DE690;  1 drivers
v00000285093CE9B0_0 .net "cout", 0 0, L_00000285093E3C60;  1 drivers
v00000285093CFB30_0 .net "sum", 0 0, L_00000285093E3E20;  1 drivers
S_00000285093D0E30 .scope generate, "fa_loop[25]" "fa_loop[25]" 4 19, 4 19 0, S_00000285090A5E40;
 .timescale 0 0;
P_000002850911E9C0 .param/l "i" 1 4 19, +C4<011001>;
S_00000285093D0B10 .scope module, "fa" "full_adder" 4 20, 5 1 0, S_00000285093D0E30;
 .timescale 0 0;
    .port_info 0 /INPUT 1 "a";
    .port_info 1 /INPUT 1 "b";
    .port_info 2 /INPUT 1 "cin";
    .port_info 3 /OUTPUT 1 "sum";
    .port_info 4 /OUTPUT 1 "cout";
L_00000285093E3CD0 .functor XOR 1, L_00000285093DE370, L_00000285093DF810, C4<0>, C4<0>;
L_00000285093E3DB0 .functor XOR 1, L_00000285093E3CD0, L_00000285093DE410, C4<0>, C4<0>;
L_00000285093E3B80 .functor AND 1, L_00000285093DE370, L_00000285093DF810, C4<1>, C4<1>;
L_00000285093E91A0 .functor XOR 1, L_00000285093DE370, L_00000285093DF810, C4<0>, C4<0>;
L_00000285093E9050 .functor AND 1, L_00000285093DE410, L_00000285093E91A0, C4<1>, C4<1>;
L_00000285093E9360 .functor OR 1, L_00000285093E3B80, L_00000285093E9050, C4<0>, C4<0>;
v00000285093CEEB0_0 .net *"_ivl_0", 0 0, L_00000285093E3CD0;  1 drivers
v00000285093CEA50_0 .net *"_ivl_4", 0 0, L_00000285093E3B80;  1 drivers
v00000285093CF090_0 .net *"_ivl_6", 0 0, L_00000285093E91A0;  1 drivers
v00000285093CF130_0 .net *"_ivl_8", 0 0, L_00000285093E9050;  1 drivers
v00000285093CF1D0_0 .net "a", 0 0, L_00000285093DE370;  1 drivers
v00000285093CF270_0 .net "b", 0 0, L_00000285093DF810;  1 drivers
v00000285093CF950_0 .net "cin", 0 0, L_00000285093DE410;  1 drivers
v00000285093CF590_0 .net "cout", 0 0, L_00000285093E9360;  1 drivers
v00000285093CF9F0_0 .net "sum", 0 0, L_00000285093E3DB0;  1 drivers
S_00000285093D1C40 .scope generate, "fa_loop[26]" "fa_loop[26]" 4 19, 4 19 0, S_00000285090A5E40;
 .timescale 0 0;
P_000002850911E040 .param/l "i" 1 4 19, +C4<011010>;
S_00000285093D0FC0 .scope module, "fa" "full_adder" 4 20, 5 1 0, S_00000285093D1C40;
 .timescale 0 0;
    .port_info 0 /INPUT 1 "a";
    .port_info 1 /INPUT 1 "b";
    .port_info 2 /INPUT 1 "cin";
    .port_info 3 /OUTPUT 1 "sum";
    .port_info 4 /OUTPUT 1 "cout";
L_00000285093E8330 .functor XOR 1, L_00000285093DF590, L_00000285093DF3B0, C4<0>, C4<0>;
L_00000285093E97C0 .functor XOR 1, L_00000285093E8330, L_00000285093DFEF0, C4<0>, C4<0>;
L_00000285093E9520 .functor AND 1, L_00000285093DF590, L_00000285093DF3B0, C4<1>, C4<1>;
L_00000285093E8CD0 .functor XOR 1, L_00000285093DF590, L_00000285093DF3B0, C4<0>, C4<0>;
L_00000285093E99F0 .functor AND 1, L_00000285093DFEF0, L_00000285093E8CD0, C4<1>, C4<1>;
L_00000285093E7F40 .functor OR 1, L_00000285093E9520, L_00000285093E99F0, C4<0>, C4<0>;
v00000285093CF630_0 .net *"_ivl_0", 0 0, L_00000285093E8330;  1 drivers
v00000285093CF6D0_0 .net *"_ivl_4", 0 0, L_00000285093E9520;  1 drivers
v00000285093CFA90_0 .net *"_ivl_6", 0 0, L_00000285093E8CD0;  1 drivers
v00000285093CFBD0_0 .net *"_ivl_8", 0 0, L_00000285093E99F0;  1 drivers
v00000285093D3A30_0 .net "a", 0 0, L_00000285093DF590;  1 drivers
v00000285093D3210_0 .net "b", 0 0, L_00000285093DF3B0;  1 drivers
v00000285093D2BD0_0 .net "cin", 0 0, L_00000285093DFEF0;  1 drivers
v00000285093D2C70_0 .net "cout", 0 0, L_00000285093E7F40;  1 drivers
v00000285093D3AD0_0 .net "sum", 0 0, L_00000285093E97C0;  1 drivers
S_00000285093D1150 .scope generate, "fa_loop[27]" "fa_loop[27]" 4 19, 4 19 0, S_00000285090A5E40;
 .timescale 0 0;
P_000002850911E1C0 .param/l "i" 1 4 19, +C4<011011>;
S_00000285093D1920 .scope module, "fa" "full_adder" 4 20, 5 1 0, S_00000285093D1150;
 .timescale 0 0;
    .port_info 0 /INPUT 1 "a";
    .port_info 1 /INPUT 1 "b";
    .port_info 2 /INPUT 1 "cin";
    .port_info 3 /OUTPUT 1 "sum";
    .port_info 4 /OUTPUT 1 "cout";
L_00000285093E7FB0 .functor XOR 1, L_00000285093DE730, L_00000285093E0350, C4<0>, C4<0>;
L_00000285093E8870 .functor XOR 1, L_00000285093E7FB0, L_00000285093DF950, C4<0>, C4<0>;
L_00000285093E8020 .functor AND 1, L_00000285093DE730, L_00000285093E0350, C4<1>, C4<1>;
L_00000285093E9910 .functor XOR 1, L_00000285093DE730, L_00000285093E0350, C4<0>, C4<0>;
L_00000285093E9A60 .functor AND 1, L_00000285093DF950, L_00000285093E9910, C4<1>, C4<1>;
L_00000285093E82C0 .functor OR 1, L_00000285093E8020, L_00000285093E9A60, C4<0>, C4<0>;
v00000285093D3B70_0 .net *"_ivl_0", 0 0, L_00000285093E7FB0;  1 drivers
v00000285093D32B0_0 .net *"_ivl_4", 0 0, L_00000285093E8020;  1 drivers
v00000285093D3990_0 .net *"_ivl_6", 0 0, L_00000285093E9910;  1 drivers
v00000285093D42F0_0 .net *"_ivl_8", 0 0, L_00000285093E9A60;  1 drivers
v00000285093D1F50_0 .net "a", 0 0, L_00000285093DE730;  1 drivers
v00000285093D2270_0 .net "b", 0 0, L_00000285093E0350;  1 drivers
v00000285093D23B0_0 .net "cin", 0 0, L_00000285093DF950;  1 drivers
v00000285093D4070_0 .net "cout", 0 0, L_00000285093E82C0;  1 drivers
v00000285093D3C10_0 .net "sum", 0 0, L_00000285093E8870;  1 drivers
S_00000285093D0340 .scope generate, "fa_loop[28]" "fa_loop[28]" 4 19, 4 19 0, S_00000285090A5E40;
 .timescale 0 0;
P_000002850911EA00 .param/l "i" 1 4 19, +C4<011100>;
S_00000285093D0660 .scope module, "fa" "full_adder" 4 20, 5 1 0, S_00000285093D0340;
 .timescale 0 0;
    .port_info 0 /INPUT 1 "a";
    .port_info 1 /INPUT 1 "b";
    .port_info 2 /INPUT 1 "cin";
    .port_info 3 /OUTPUT 1 "sum";
    .port_info 4 /OUTPUT 1 "cout";
L_00000285093E8090 .functor XOR 1, L_00000285093DE7D0, L_00000285093DE190, C4<0>, C4<0>;
L_00000285093E85D0 .functor XOR 1, L_00000285093E8090, L_00000285093DFF90, C4<0>, C4<0>;
L_00000285093E9280 .functor AND 1, L_00000285093DE7D0, L_00000285093DE190, C4<1>, C4<1>;
L_00000285093E93D0 .functor XOR 1, L_00000285093DE7D0, L_00000285093DE190, C4<0>, C4<0>;
L_00000285093E8FE0 .functor AND 1, L_00000285093DFF90, L_00000285093E93D0, C4<1>, C4<1>;
L_00000285093E8950 .functor OR 1, L_00000285093E9280, L_00000285093E8FE0, C4<0>, C4<0>;
v00000285093D3CB0_0 .net *"_ivl_0", 0 0, L_00000285093E8090;  1 drivers
v00000285093D2450_0 .net *"_ivl_4", 0 0, L_00000285093E9280;  1 drivers
v00000285093D2590_0 .net *"_ivl_6", 0 0, L_00000285093E93D0;  1 drivers
v00000285093D2EF0_0 .net *"_ivl_8", 0 0, L_00000285093E8FE0;  1 drivers
v00000285093D2130_0 .net "a", 0 0, L_00000285093DE7D0;  1 drivers
v00000285093D44D0_0 .net "b", 0 0, L_00000285093DE190;  1 drivers
v00000285093D4390_0 .net "cin", 0 0, L_00000285093DFF90;  1 drivers
v00000285093D3D50_0 .net "cout", 0 0, L_00000285093E8950;  1 drivers
v00000285093D4570_0 .net "sum", 0 0, L_00000285093E85D0;  1 drivers
S_00000285093D1AB0 .scope generate, "fa_loop[29]" "fa_loop[29]" 4 19, 4 19 0, S_00000285090A5E40;
 .timescale 0 0;
P_000002850911E840 .param/l "i" 1 4 19, +C4<011101>;
S_00000285093D0020 .scope module, "fa" "full_adder" 4 20, 5 1 0, S_00000285093D1AB0;
 .timescale 0 0;
    .port_info 0 /INPUT 1 "a";
    .port_info 1 /INPUT 1 "b";
    .port_info 2 /INPUT 1 "cin";
    .port_info 3 /OUTPUT 1 "sum";
    .port_info 4 /OUTPUT 1 "cout";
L_00000285093E9AD0 .functor XOR 1, L_00000285093DF8B0, L_00000285093DE0F0, C4<0>, C4<0>;
L_00000285093E88E0 .functor XOR 1, L_00000285093E9AD0, L_00000285093DE870, C4<0>, C4<0>;
L_00000285093E8100 .functor AND 1, L_00000285093DF8B0, L_00000285093DE0F0, C4<1>, C4<1>;
L_00000285093E8170 .functor XOR 1, L_00000285093DF8B0, L_00000285093DE0F0, C4<0>, C4<0>;
L_00000285093E81E0 .functor AND 1, L_00000285093DE870, L_00000285093E8170, C4<1>, C4<1>;
L_00000285093E8BF0 .functor OR 1, L_00000285093E8100, L_00000285093E81E0, C4<0>, C4<0>;
v00000285093D2E50_0 .net *"_ivl_0", 0 0, L_00000285093E9AD0;  1 drivers
v00000285093D24F0_0 .net *"_ivl_4", 0 0, L_00000285093E8100;  1 drivers
v00000285093D2770_0 .net *"_ivl_6", 0 0, L_00000285093E8170;  1 drivers
v00000285093D3F30_0 .net *"_ivl_8", 0 0, L_00000285093E81E0;  1 drivers
v00000285093D4110_0 .net "a", 0 0, L_00000285093DF8B0;  1 drivers
v00000285093D26D0_0 .net "b", 0 0, L_00000285093DE0F0;  1 drivers
v00000285093D2630_0 .net "cin", 0 0, L_00000285093DE870;  1 drivers
v00000285093D2B30_0 .net "cout", 0 0, L_00000285093E8BF0;  1 drivers
v00000285093D3FD0_0 .net "sum", 0 0, L_00000285093E88E0;  1 drivers
S_00000285093D1470 .scope generate, "fa_loop[30]" "fa_loop[30]" 4 19, 4 19 0, S_00000285090A5E40;
 .timescale 0 0;
P_000002850911E740 .param/l "i" 1 4 19, +C4<011110>;
S_00000285093CFE90 .scope module, "fa" "full_adder" 4 20, 5 1 0, S_00000285093D1470;
 .timescale 0 0;
    .port_info 0 /INPUT 1 "a";
    .port_info 1 /INPUT 1 "b";
    .port_info 2 /INPUT 1 "cin";
    .port_info 3 /OUTPUT 1 "sum";
    .port_info 4 /OUTPUT 1 "cout";
L_00000285093E9440 .functor XOR 1, L_00000285093DDF10, L_00000285093DFA90, C4<0>, C4<0>;
L_00000285093E8250 .functor XOR 1, L_00000285093E9440, L_00000285093DF6D0, C4<0>, C4<0>;
L_00000285093E9670 .functor AND 1, L_00000285093DDF10, L_00000285093DFA90, C4<1>, C4<1>;
L_00000285093E8800 .functor XOR 1, L_00000285093DDF10, L_00000285093DFA90, C4<0>, C4<0>;
L_00000285093E9980 .functor AND 1, L_00000285093DF6D0, L_00000285093E8800, C4<1>, C4<1>;
L_00000285093E89C0 .functor OR 1, L_00000285093E9670, L_00000285093E9980, C4<0>, C4<0>;
v00000285093D4610_0 .net *"_ivl_0", 0 0, L_00000285093E9440;  1 drivers
v00000285093D2810_0 .net *"_ivl_4", 0 0, L_00000285093E9670;  1 drivers
v00000285093D21D0_0 .net *"_ivl_6", 0 0, L_00000285093E8800;  1 drivers
v00000285093D3530_0 .net *"_ivl_8", 0 0, L_00000285093E9980;  1 drivers
v00000285093D28B0_0 .net "a", 0 0, L_00000285093DDF10;  1 drivers
v00000285093D3DF0_0 .net "b", 0 0, L_00000285093DFA90;  1 drivers
v00000285093D2310_0 .net "cin", 0 0, L_00000285093DF6D0;  1 drivers
v00000285093D3670_0 .net "cout", 0 0, L_00000285093E89C0;  1 drivers
v00000285093D41B0_0 .net "sum", 0 0, L_00000285093E8250;  1 drivers
S_00000285093D8370 .scope generate, "fa_loop[31]" "fa_loop[31]" 4 19, 4 19 0, S_00000285090A5E40;
 .timescale 0 0;
P_000002850911E640 .param/l "i" 1 4 19, +C4<011111>;
S_00000285093D8500 .scope module, "fa" "full_adder" 4 20, 5 1 0, S_00000285093D8370;
 .timescale 0 0;
    .port_info 0 /INPUT 1 "a";
    .port_info 1 /INPUT 1 "b";
    .port_info 2 /INPUT 1 "cin";
    .port_info 3 /OUTPUT 1 "sum";
    .port_info 4 /OUTPUT 1 "cout";
L_00000285093E83A0 .functor XOR 1, L_00000285093DFBD0, L_00000285093DE910, C4<0>, C4<0>;
L_00000285093E8F00 .functor XOR 1, L_00000285093E83A0, L_00000285093DEFF0, C4<0>, C4<0>;
L_00000285093E92F0 .functor AND 1, L_00000285093DFBD0, L_00000285093DE910, C4<1>, C4<1>;
L_00000285093E96E0 .functor XOR 1, L_00000285093DFBD0, L_00000285093DE910, C4<0>, C4<0>;
L_00000285093E8410 .functor AND 1, L_00000285093DEFF0, L_00000285093E96E0, C4<1>, C4<1>;
L_00000285093E8480 .functor OR 1, L_00000285093E92F0, L_00000285093E8410, C4<0>, C4<0>;
v00000285093D1EB0_0 .net *"_ivl_0", 0 0, L_00000285093E83A0;  1 drivers
v00000285093D2950_0 .net *"_ivl_4", 0 0, L_00000285093E92F0;  1 drivers
v00000285093D3710_0 .net *"_ivl_6", 0 0, L_00000285093E96E0;  1 drivers
v00000285093D29F0_0 .net *"_ivl_8", 0 0, L_00000285093E8410;  1 drivers
v00000285093D2090_0 .net "a", 0 0, L_00000285093DFBD0;  1 drivers
v00000285093D33F0_0 .net "b", 0 0, L_00000285093DE910;  1 drivers
v00000285093D3E90_0 .net "cin", 0 0, L_00000285093DEFF0;  1 drivers
v00000285093D4250_0 .net "cout", 0 0, L_00000285093E8480;  1 drivers
v00000285093D2D10_0 .net "sum", 0 0, L_00000285093E8F00;  1 drivers
    .scope S_00000285090A5CB0;
T_0 ;
    %wait E_00000285091216C0;
    %load/vec4 v00000285093D3170_0;
    %dup/vec4;
    %pushi/vec4 0, 0, 3;
    %cmp/e;
    %jmp/1 T_0.0, 6;
    %dup/vec4;
    %pushi/vec4 1, 0, 3;
    %cmp/e;
    %jmp/1 T_0.1, 6;
    %dup/vec4;
    %pushi/vec4 2, 0, 3;
    %cmp/e;
    %jmp/1 T_0.2, 6;
    %dup/vec4;
    %pushi/vec4 3, 0, 3;
    %cmp/e;
    %jmp/1 T_0.3, 6;
    %dup/vec4;
    %pushi/vec4 5, 0, 3;
    %cmp/e;
    %jmp/1 T_0.4, 6;
    %pushi/vec4 0, 0, 32;
    %store/vec4 v00000285093D4F70_0, 0, 32;
    %jmp T_0.6;
T_0.0 ;
    %load/vec4 v00000285093D4CF0_0;
    %store/vec4 v00000285093D4F70_0, 0, 32;
    %jmp T_0.6;
T_0.1 ;
    %load/vec4 v00000285093D4CF0_0;
    %store/vec4 v00000285093D4F70_0, 0, 32;
    %jmp T_0.6;
T_0.2 ;
    %load/vec4 v00000285093D55B0_0;
    %store/vec4 v00000285093D4F70_0, 0, 32;
    %jmp T_0.6;
T_0.3 ;
    %load/vec4 v00000285093D4D90_0;
    %store/vec4 v00000285093D4F70_0, 0, 32;
    %jmp T_0.6;
T_0.4 ;
    %load/vec4 v00000285093D5830_0;
    %store/vec4 v00000285093D4F70_0, 0, 32;
    %jmp T_0.6;
T_0.6 ;
    %pop/vec4 1;
    %jmp T_0;
    .thread T_0, $push;
    .scope S_0000028509125DB0;
T_1 ;
    %vpi_call 2 24 "$dumpfile", "alu.vcd" {0 0 0};
    %vpi_call 2 25 "$dumpvars", 32'sb00000000000000000000000000000000, S_0000028509125DB0 {0 0 0};
    %vpi_call 2 28 "$monitor", "Time=%0t | Ctrl=%b | A=%d, B=%d | Result=%d (hex:%h), Zero=%b", $time, v00000285093D4C50_0, v00000285093D4ED0_0, v00000285093D4890_0, v00000285093D5AB0_0, v00000285093D5AB0_0, v00000285093D56F0_0 {0 0 0};
    %pushi/vec4 10, 0, 32;
    %store/vec4 v00000285093D4ED0_0, 0, 32;
    %pushi/vec4 20, 0, 32;
    %store/vec4 v00000285093D4890_0, 0, 32;
    %pushi/vec4 0, 0, 3;
    %store/vec4 v00000285093D4C50_0, 0, 3;
    %delay 10000, 0;
    %pushi/vec4 30, 0, 32;
    %store/vec4 v00000285093D4ED0_0, 0, 32;
    %pushi/vec4 10, 0, 32;
    %store/vec4 v00000285093D4890_0, 0, 32;
    %pushi/vec4 1, 0, 3;
    %store/vec4 v00000285093D4C50_0, 0, 3;
    %delay 10000, 0;
    %pushi/vec4 25, 0, 32;
    %store/vec4 v00000285093D4ED0_0, 0, 32;
    %pushi/vec4 25, 0, 32;
    %store/vec4 v00000285093D4890_0, 0, 32;
    %pushi/vec4 1, 0, 3;
    %store/vec4 v00000285093D4C50_0, 0, 3;
    %delay 10000, 0;
    %pushi/vec4 12, 0, 32;
    %store/vec4 v00000285093D4ED0_0, 0, 32;
    %pushi/vec4 10, 0, 32;
    %store/vec4 v00000285093D4890_0, 0, 32;
    %pushi/vec4 2, 0, 3;
    %store/vec4 v00000285093D4C50_0, 0, 3;
    %delay 10000, 0;
    %pushi/vec4 12, 0, 32;
    %store/vec4 v00000285093D4ED0_0, 0, 32;
    %pushi/vec4 10, 0, 32;
    %store/vec4 v00000285093D4890_0, 0, 32;
    %pushi/vec4 3, 0, 3;
    %store/vec4 v00000285093D4C50_0, 0, 3;
    %delay 10000, 0;
    %pushi/vec4 5, 0, 32;
    %store/vec4 v00000285093D4ED0_0, 0, 32;
    %pushi/vec4 10, 0, 32;
    %store/vec4 v00000285093D4890_0, 0, 32;
    %pushi/vec4 5, 0, 3;
    %store/vec4 v00000285093D4C50_0, 0, 3;
    %delay 10000, 0;
    %pushi/vec4 15, 0, 32;
    %store/vec4 v00000285093D4ED0_0, 0, 32;
    %pushi/vec4 10, 0, 32;
    %store/vec4 v00000285093D4890_0, 0, 32;
    %pushi/vec4 5, 0, 3;
    %store/vec4 v00000285093D4C50_0, 0, 3;
    %delay 10000, 0;
    %pushi/vec4 10, 0, 32;
    %store/vec4 v00000285093D4ED0_0, 0, 32;
    %pushi/vec4 20, 0, 32;
    %store/vec4 v00000285093D4890_0, 0, 32;
    %pushi/vec4 7, 0, 3;
    %store/vec4 v00000285093D4C50_0, 0, 3;
    %delay 10000, 0;
    %vpi_call 2 63 "$finish" {0 0 0};
    %end;
    .thread T_1;
# The file index is used to find the file name in the following table.
:file_names 6;
    "N/A";
    "<interactive>";
    "tb_alu.v";
    "alu.v";
    "adder_32.v";
    "full_adder.v";
