#! /c/Source/iverilog-install/bin/vvp
:ivl_version "14.0 (devel)";
:ivl_delay_selection "TYPICAL";
:vpi_time_precision - 12;
:vpi_module "C:\iverilog\lib\ivl\system.vpi";
:vpi_module "C:\iverilog\lib\ivl\vhdl_sys.vpi";
:vpi_module "C:\iverilog\lib\ivl\vhdl_textio.vpi";
:vpi_module "C:\iverilog\lib\ivl\v2005_math.vpi";
:vpi_module "C:\iverilog\lib\ivl\va_math.vpi";
S_000001D069A27810 .scope module, "tb_pc_plus4" "tb_pc_plus4" 2 3;
 .timescale -9 -12;
v000001D069CA3BB0_0 .var "pc", 31 0;
v000001D069CA4DD0_0 .net "pc_plus4", 31 0, L_000001D069CAE380;  1 drivers
S_000001D069A27B30 .scope module, "uut" "pc_plus4" 2 9, 3 1 0, S_000001D069A27810;
 .timescale 0 0;
    .port_info 0 /INPUT 32 "pc";
    .port_info 1 /OUTPUT 32 "pc_plus4";
v000001D069CA3610_0 .net "cout_unused", 0 0, L_000001D069CAE4C0;  1 drivers
v000001D069CA36B0_0 .net "pc", 31 0, v000001D069CA3BB0_0;  1 drivers
v000001D069CA54B0_0 .net "pc_plus4", 31 0, L_000001D069CAE380;  alias, 1 drivers
S_000001D069A27CC0 .scope module, "u_adder_32" "adder_32" 3 9, 4 1 0, S_000001D069A27B30;
 .timescale 0 0;
    .port_info 0 /INPUT 32 "a";
    .port_info 1 /INPUT 32 "b";
    .port_info 2 /INPUT 1 "sub_ctrl";
    .port_info 3 /OUTPUT 32 "sum";
    .port_info 4 /OUTPUT 1 "cout";
L_000001D069CBBD48 .functor BUFT 1, C4<00000000000000000000000000000100>, C4<0>, C4<0>, C4<0>;
L_000001D069CB79B0 .functor XOR 32, L_000001D069CBBD48, L_000001D069CAE880, C4<00000000000000000000000000000000>, C4<00000000000000000000000000000000>;
L_000001D069CBBD90 .functor BUFT 1, C4<0>, C4<0>, C4<0>, C4<0>;
L_000001D069CB8EB0 .functor BUFZ 1, L_000001D069CBBD90, C4<0>, C4<0>, C4<0>;
v000001D069CA48D0_0 .net *"_ivl_226", 31 0, L_000001D069CAE880;  1 drivers
v000001D069CA3570_0 .net *"_ivl_233", 0 0, L_000001D069CB8EB0;  1 drivers
v000001D069CA3A70_0 .net "a", 31 0, v000001D069CA3BB0_0;  alias, 1 drivers
v000001D069CA4010_0 .net "b", 31 0, L_000001D069CBBD48;  1 drivers
v000001D069CA4C90_0 .net "b_inv", 31 0, L_000001D069CB79B0;  1 drivers
v000001D069CA4970_0 .net "c", 32 0, L_000001D069CAE420;  1 drivers
v000001D069CA5370_0 .net "cout", 0 0, L_000001D069CAE4C0;  alias, 1 drivers
v000001D069CA4D30_0 .net "sub_ctrl", 0 0, L_000001D069CBBD90;  1 drivers
v000001D069CA3B10_0 .net "sum", 31 0, L_000001D069CAE380;  alias, 1 drivers
L_000001D069CA4FB0 .part v000001D069CA3BB0_0, 0, 1;
L_000001D069CA5550 .part L_000001D069CB79B0, 0, 1;
L_000001D069CA3C50 .part L_000001D069CAE420, 0, 1;
L_000001D069CA3CF0 .part v000001D069CA3BB0_0, 1, 1;
L_000001D069CA55F0 .part L_000001D069CB79B0, 1, 1;
L_000001D069CA68B0 .part L_000001D069CAE420, 1, 1;
L_000001D069CA5A50 .part v000001D069CA3BB0_0, 2, 1;
L_000001D069CA5D70 .part L_000001D069CB79B0, 2, 1;
L_000001D069CA6EF0 .part L_000001D069CAE420, 2, 1;
L_000001D069CA5AF0 .part v000001D069CA3BB0_0, 3, 1;
L_000001D069CA5CD0 .part L_000001D069CB79B0, 3, 1;
L_000001D069CA6B30 .part L_000001D069CAE420, 3, 1;
L_000001D069CA6270 .part v000001D069CA3BB0_0, 4, 1;
L_000001D069CA6950 .part L_000001D069CB79B0, 4, 1;
L_000001D069CA5E10 .part L_000001D069CAE420, 4, 1;
L_000001D069CA6DB0 .part v000001D069CA3BB0_0, 5, 1;
L_000001D069CA5B90 .part L_000001D069CB79B0, 5, 1;
L_000001D069CA5EB0 .part L_000001D069CAE420, 5, 1;
L_000001D069CA6310 .part v000001D069CA3BB0_0, 6, 1;
L_000001D069CA6090 .part L_000001D069CB79B0, 6, 1;
L_000001D069CA6130 .part L_000001D069CAE420, 6, 1;
L_000001D069CA7030 .part v000001D069CA3BB0_0, 7, 1;
L_000001D069CA6E50 .part L_000001D069CB79B0, 7, 1;
L_000001D069CA6A90 .part L_000001D069CAE420, 7, 1;
L_000001D069CA61D0 .part v000001D069CA3BB0_0, 8, 1;
L_000001D069CA63B0 .part L_000001D069CB79B0, 8, 1;
L_000001D069CA6450 .part L_000001D069CAE420, 8, 1;
L_000001D069CA5F50 .part v000001D069CA3BB0_0, 9, 1;
L_000001D069CA6F90 .part L_000001D069CB79B0, 9, 1;
L_000001D069CA64F0 .part L_000001D069CAE420, 9, 1;
L_000001D069CA59B0 .part v000001D069CA3BB0_0, 10, 1;
L_000001D069CA6630 .part L_000001D069CB79B0, 10, 1;
L_000001D069CA6590 .part L_000001D069CAE420, 10, 1;
L_000001D069CA5C30 .part v000001D069CA3BB0_0, 11, 1;
L_000001D069CA66D0 .part L_000001D069CB79B0, 11, 1;
L_000001D069CA6770 .part L_000001D069CAE420, 11, 1;
L_000001D069CA6810 .part v000001D069CA3BB0_0, 12, 1;
L_000001D069CA69F0 .part L_000001D069CB79B0, 12, 1;
L_000001D069CA5FF0 .part L_000001D069CAE420, 12, 1;
L_000001D069CA6BD0 .part v000001D069CA3BB0_0, 13, 1;
L_000001D069CA6C70 .part L_000001D069CB79B0, 13, 1;
L_000001D069CA6D10 .part L_000001D069CAE420, 13, 1;
L_000001D069CAF5A0 .part v000001D069CA3BB0_0, 14, 1;
L_000001D069CAD980 .part L_000001D069CB79B0, 14, 1;
L_000001D069CAF1E0 .part L_000001D069CAE420, 14, 1;
L_000001D069CAEEC0 .part v000001D069CA3BB0_0, 15, 1;
L_000001D069CAD700 .part L_000001D069CB79B0, 15, 1;
L_000001D069CADDE0 .part L_000001D069CAE420, 15, 1;
L_000001D069CAD5C0 .part v000001D069CA3BB0_0, 16, 1;
L_000001D069CAF3C0 .part L_000001D069CB79B0, 16, 1;
L_000001D069CAF640 .part L_000001D069CAE420, 16, 1;
L_000001D069CAD840 .part v000001D069CA3BB0_0, 17, 1;
L_000001D069CAF6E0 .part L_000001D069CB79B0, 17, 1;
L_000001D069CAD8E0 .part L_000001D069CAE420, 17, 1;
L_000001D069CAE060 .part v000001D069CA3BB0_0, 18, 1;
L_000001D069CAEE20 .part L_000001D069CB79B0, 18, 1;
L_000001D069CAF280 .part L_000001D069CAE420, 18, 1;
L_000001D069CAD480 .part v000001D069CA3BB0_0, 19, 1;
L_000001D069CAE9C0 .part L_000001D069CB79B0, 19, 1;
L_000001D069CADA20 .part L_000001D069CAE420, 19, 1;
L_000001D069CAE560 .part v000001D069CA3BB0_0, 20, 1;
L_000001D069CAD340 .part L_000001D069CB79B0, 20, 1;
L_000001D069CAF460 .part L_000001D069CAE420, 20, 1;
L_000001D069CAEA60 .part v000001D069CA3BB0_0, 21, 1;
L_000001D069CAD3E0 .part L_000001D069CB79B0, 21, 1;
L_000001D069CAD200 .part L_000001D069CAE420, 21, 1;
L_000001D069CAE2E0 .part v000001D069CA3BB0_0, 22, 1;
L_000001D069CAE600 .part L_000001D069CB79B0, 22, 1;
L_000001D069CAF320 .part L_000001D069CAE420, 22, 1;
L_000001D069CAF500 .part v000001D069CA3BB0_0, 23, 1;
L_000001D069CAF780 .part L_000001D069CB79B0, 23, 1;
L_000001D069CAF820 .part L_000001D069CAE420, 23, 1;
L_000001D069CAD7A0 .part v000001D069CA3BB0_0, 24, 1;
L_000001D069CADE80 .part L_000001D069CB79B0, 24, 1;
L_000001D069CAF8C0 .part L_000001D069CAE420, 24, 1;
L_000001D069CAF960 .part v000001D069CA3BB0_0, 25, 1;
L_000001D069CAE100 .part L_000001D069CB79B0, 25, 1;
L_000001D069CAF140 .part L_000001D069CAE420, 25, 1;
L_000001D069CADAC0 .part v000001D069CA3BB0_0, 26, 1;
L_000001D069CAD2A0 .part L_000001D069CB79B0, 26, 1;
L_000001D069CAE1A0 .part L_000001D069CAE420, 26, 1;
L_000001D069CAE7E0 .part v000001D069CA3BB0_0, 27, 1;
L_000001D069CAEF60 .part L_000001D069CB79B0, 27, 1;
L_000001D069CAE6A0 .part L_000001D069CAE420, 27, 1;
L_000001D069CAEB00 .part v000001D069CA3BB0_0, 28, 1;
L_000001D069CADB60 .part L_000001D069CB79B0, 28, 1;
L_000001D069CAD520 .part L_000001D069CAE420, 28, 1;
L_000001D069CAE740 .part v000001D069CA3BB0_0, 29, 1;
L_000001D069CAD660 .part L_000001D069CB79B0, 29, 1;
L_000001D069CADC00 .part L_000001D069CAE420, 29, 1;
L_000001D069CAEBA0 .part v000001D069CA3BB0_0, 30, 1;
L_000001D069CADCA0 .part L_000001D069CB79B0, 30, 1;
L_000001D069CADD40 .part L_000001D069CAE420, 30, 1;
L_000001D069CADF20 .part v000001D069CA3BB0_0, 31, 1;
L_000001D069CADFC0 .part L_000001D069CB79B0, 31, 1;
L_000001D069CAE240 .part L_000001D069CAE420, 31, 1;
LS_000001D069CAE380_0_0 .concat8 [ 1 1 1 1], L_000001D069A26DD0, L_000001D069A26E40, L_000001D069A26040, L_000001D069A26120;
LS_000001D069CAE380_0_4 .concat8 [ 1 1 1 1], L_000001D069A26200, L_000001D069A26B30, L_000001D069CABB00, L_000001D069CAB780;
LS_000001D069CAE380_0_8 .concat8 [ 1 1 1 1], L_000001D069CABB70, L_000001D069CAB390, L_000001D069CAB7F0, L_000001D069CAC1E0;
LS_000001D069CAE380_0_12 .concat8 [ 1 1 1 1], L_000001D069CAC9C0, L_000001D069CAC950, L_000001D069CACB10, L_000001D069CAD0C0;
LS_000001D069CAE380_0_16 .concat8 [ 1 1 1 1], L_000001D069CACA30, L_000001D069CB2310, L_000001D069CB2C40, L_000001D069CB1DD0;
LS_000001D069CAE380_0_20 .concat8 [ 1 1 1 1], L_000001D069CB2A10, L_000001D069CB1510, L_000001D069CB2230, L_000001D069CB1F90;
LS_000001D069CAE380_0_24 .concat8 [ 1 1 1 1], L_000001D069CB14A0, L_000001D069CB25B0, L_000001D069CB2690, L_000001D069CB1A50;
LS_000001D069CAE380_0_28 .concat8 [ 1 1 1 1], L_000001D069CB2E70, L_000001D069CB8DD0, L_000001D069CB7940, L_000001D069CB8890;
LS_000001D069CAE380_1_0 .concat8 [ 4 4 4 4], LS_000001D069CAE380_0_0, LS_000001D069CAE380_0_4, LS_000001D069CAE380_0_8, LS_000001D069CAE380_0_12;
LS_000001D069CAE380_1_4 .concat8 [ 4 4 4 4], LS_000001D069CAE380_0_16, LS_000001D069CAE380_0_20, LS_000001D069CAE380_0_24, LS_000001D069CAE380_0_28;
L_000001D069CAE380 .concat8 [ 16 16 0 0], LS_000001D069CAE380_1_0, LS_000001D069CAE380_1_4;
L_000001D069CAE880 .repeat 32, 32, L_000001D069CBBD90;
LS_000001D069CAE420_0_0 .concat8 [ 1 1 1 1], L_000001D069CB8EB0, L_000001D069A26660, L_000001D069A26C10, L_000001D069A267B0;
LS_000001D069CAE420_0_4 .concat8 [ 1 1 1 1], L_000001D069A266D0, L_000001D069A26AC0, L_000001D069CABA90, L_000001D069CAB2B0;
LS_000001D069CAE420_0_8 .concat8 [ 1 1 1 1], L_000001D069CABF60, L_000001D069CABC50, L_000001D069CAB5C0, L_000001D069CAB8D0;
LS_000001D069CAE420_0_12 .concat8 [ 1 1 1 1], L_000001D069CAD050, L_000001D069CAC8E0, L_000001D069CACFE0, L_000001D069CAC330;
LS_000001D069CAE420_0_16 .concat8 [ 1 1 1 1], L_000001D069CACAA0, L_000001D069CACD40, L_000001D069CB2620, L_000001D069CB2A80;
LS_000001D069CAE420_0_20 .concat8 [ 1 1 1 1], L_000001D069CB16D0, L_000001D069CB1AC0, L_000001D069CB2AF0, L_000001D069CB1B30;
LS_000001D069CAE420_0_24 .concat8 [ 1 1 1 1], L_000001D069CB1900, L_000001D069CB1CF0, L_000001D069CB1D60, L_000001D069CB1890;
LS_000001D069CAE420_0_28 .concat8 [ 1 1 1 1], L_000001D069CB3030, L_000001D069CB2F50, L_000001D069CB7EF0, L_000001D069CB8F20;
LS_000001D069CAE420_0_32 .concat8 [ 1 0 0 0], L_000001D069CB76A0;
LS_000001D069CAE420_1_0 .concat8 [ 4 4 4 4], LS_000001D069CAE420_0_0, LS_000001D069CAE420_0_4, LS_000001D069CAE420_0_8, LS_000001D069CAE420_0_12;
LS_000001D069CAE420_1_4 .concat8 [ 4 4 4 4], LS_000001D069CAE420_0_16, LS_000001D069CAE420_0_20, LS_000001D069CAE420_0_24, LS_000001D069CAE420_0_28;
LS_000001D069CAE420_1_8 .concat8 [ 1 0 0 0], LS_000001D069CAE420_0_32;
L_000001D069CAE420 .concat8 [ 16 16 1 0], LS_000001D069CAE420_1_0, LS_000001D069CAE420_1_4, LS_000001D069CAE420_1_8;
L_000001D069CAE4C0 .part L_000001D069CAE420, 32, 1;
S_000001D0699B1E80 .scope generate, "fa_loop[0]" "fa_loop[0]" 4 19, 4 19 0, S_000001D069A27CC0;
 .timescale 0 0;
P_000001D069A10A10 .param/l "i" 1 4 19, +C4<00>;
S_000001D0699B2010 .scope module, "fa" "full_adder" 4 20, 5 1 0, S_000001D0699B1E80;
 .timescale 0 0;
    .port_info 0 /INPUT 1 "a";
    .port_info 1 /INPUT 1 "b";
    .port_info 2 /INPUT 1 "cin";
    .port_info 3 /OUTPUT 1 "sum";
    .port_info 4 /OUTPUT 1 "cout";
L_000001D069A26820 .functor XOR 1, L_000001D069CA4FB0, L_000001D069CA5550, C4<0>, C4<0>;
L_000001D069A26DD0 .functor XOR 1, L_000001D069A26820, L_000001D069CA3C50, C4<0>, C4<0>;
L_000001D069A26900 .functor AND 1, L_000001D069CA4FB0, L_000001D069CA5550, C4<1>, C4<1>;
L_000001D069A26270 .functor XOR 1, L_000001D069CA4FB0, L_000001D069CA5550, C4<0>, C4<0>;
L_000001D069A264A0 .functor AND 1, L_000001D069CA3C50, L_000001D069A26270, C4<1>, C4<1>;
L_000001D069A26660 .functor OR 1, L_000001D069A26900, L_000001D069A264A0, C4<0>, C4<0>;
v000001D069A25C80_0 .net *"_ivl_0", 0 0, L_000001D069A26820;  1 drivers
v000001D069A24420_0 .net *"_ivl_4", 0 0, L_000001D069A26900;  1 drivers
v000001D069A24CE0_0 .net *"_ivl_6", 0 0, L_000001D069A26270;  1 drivers
v000001D069A250A0_0 .net *"_ivl_8", 0 0, L_000001D069A264A0;  1 drivers
v000001D069A25DC0_0 .net "a", 0 0, L_000001D069CA4FB0;  1 drivers
v000001D069A247E0_0 .net "b", 0 0, L_000001D069CA5550;  1 drivers
v000001D069A25500_0 .net "cin", 0 0, L_000001D069CA3C50;  1 drivers
v000001D069A256E0_0 .net "cout", 0 0, L_000001D069A26660;  1 drivers
v000001D069A249C0_0 .net "sum", 0 0, L_000001D069A26DD0;  1 drivers
S_000001D0699B21A0 .scope generate, "fa_loop[1]" "fa_loop[1]" 4 19, 4 19 0, S_000001D069A27CC0;
 .timescale 0 0;
P_000001D069A10710 .param/l "i" 1 4 19, +C4<01>;
S_000001D0699AAC80 .scope module, "fa" "full_adder" 4 20, 5 1 0, S_000001D0699B21A0;
 .timescale 0 0;
    .port_info 0 /INPUT 1 "a";
    .port_info 1 /INPUT 1 "b";
    .port_info 2 /INPUT 1 "cin";
    .port_info 3 /OUTPUT 1 "sum";
    .port_info 4 /OUTPUT 1 "cout";
L_000001D069A26350 .functor XOR 1, L_000001D069CA3CF0, L_000001D069CA55F0, C4<0>, C4<0>;
L_000001D069A26E40 .functor XOR 1, L_000001D069A26350, L_000001D069CA68B0, C4<0>, C4<0>;
L_000001D069A26970 .functor AND 1, L_000001D069CA3CF0, L_000001D069CA55F0, C4<1>, C4<1>;
L_000001D069A26580 .functor XOR 1, L_000001D069CA3CF0, L_000001D069CA55F0, C4<0>, C4<0>;
L_000001D069A26BA0 .functor AND 1, L_000001D069CA68B0, L_000001D069A26580, C4<1>, C4<1>;
L_000001D069A26C10 .functor OR 1, L_000001D069A26970, L_000001D069A26BA0, C4<0>, C4<0>;
v000001D069A24EC0_0 .net *"_ivl_0", 0 0, L_000001D069A26350;  1 drivers
v000001D069A25780_0 .net *"_ivl_4", 0 0, L_000001D069A26970;  1 drivers
v000001D069A24920_0 .net *"_ivl_6", 0 0, L_000001D069A26580;  1 drivers
v000001D069A24E20_0 .net *"_ivl_8", 0 0, L_000001D069A26BA0;  1 drivers
v000001D069A24060_0 .net "a", 0 0, L_000001D069CA3CF0;  1 drivers
v000001D069A253C0_0 .net "b", 0 0, L_000001D069CA55F0;  1 drivers
v000001D069A24F60_0 .net "cin", 0 0, L_000001D069CA68B0;  1 drivers
v000001D069A24560_0 .net "cout", 0 0, L_000001D069A26C10;  1 drivers
v000001D069A24A60_0 .net "sum", 0 0, L_000001D069A26E40;  1 drivers
S_000001D0699AAE10 .scope generate, "fa_loop[2]" "fa_loop[2]" 4 19, 4 19 0, S_000001D069A27CC0;
 .timescale 0 0;
P_000001D069A10F90 .param/l "i" 1 4 19, +C4<010>;
S_000001D0699AAFA0 .scope module, "fa" "full_adder" 4 20, 5 1 0, S_000001D0699AAE10;
 .timescale 0 0;
    .port_info 0 /INPUT 1 "a";
    .port_info 1 /INPUT 1 "b";
    .port_info 2 /INPUT 1 "cin";
    .port_info 3 /OUTPUT 1 "sum";
    .port_info 4 /OUTPUT 1 "cout";
L_000001D069A26D60 .functor XOR 1, L_000001D069CA5A50, L_000001D069CA5D70, C4<0>, C4<0>;
L_000001D069A26040 .functor XOR 1, L_000001D069A26D60, L_000001D069CA6EF0, C4<0>, C4<0>;
L_000001D069A26CF0 .functor AND 1, L_000001D069CA5A50, L_000001D069CA5D70, C4<1>, C4<1>;
L_000001D069A26EB0 .functor XOR 1, L_000001D069CA5A50, L_000001D069CA5D70, C4<0>, C4<0>;
L_000001D069A26740 .functor AND 1, L_000001D069CA6EF0, L_000001D069A26EB0, C4<1>, C4<1>;
L_000001D069A267B0 .functor OR 1, L_000001D069A26CF0, L_000001D069A26740, C4<0>, C4<0>;
v000001D069A25960_0 .net *"_ivl_0", 0 0, L_000001D069A26D60;  1 drivers
v000001D069A24600_0 .net *"_ivl_4", 0 0, L_000001D069A26CF0;  1 drivers
v000001D069A25A00_0 .net *"_ivl_6", 0 0, L_000001D069A26EB0;  1 drivers
v000001D069A251E0_0 .net *"_ivl_8", 0 0, L_000001D069A26740;  1 drivers
v000001D069A25B40_0 .net "a", 0 0, L_000001D069CA5A50;  1 drivers
v000001D069A25D20_0 .net "b", 0 0, L_000001D069CA5D70;  1 drivers
v000001D069A25E60_0 .net "cin", 0 0, L_000001D069CA6EF0;  1 drivers
v000001D069A23FC0_0 .net "cout", 0 0, L_000001D069A267B0;  1 drivers
v000001D069A24100_0 .net "sum", 0 0, L_000001D069A26040;  1 drivers
S_000001D0699A8270 .scope generate, "fa_loop[3]" "fa_loop[3]" 4 19, 4 19 0, S_000001D069A27CC0;
 .timescale 0 0;
P_000001D069A10DD0 .param/l "i" 1 4 19, +C4<011>;
S_000001D0699A8400 .scope module, "fa" "full_adder" 4 20, 5 1 0, S_000001D0699A8270;
 .timescale 0 0;
    .port_info 0 /INPUT 1 "a";
    .port_info 1 /INPUT 1 "b";
    .port_info 2 /INPUT 1 "cin";
    .port_info 3 /OUTPUT 1 "sum";
    .port_info 4 /OUTPUT 1 "cout";
L_000001D069A260B0 .functor XOR 1, L_000001D069CA5AF0, L_000001D069CA5CD0, C4<0>, C4<0>;
L_000001D069A26120 .functor XOR 1, L_000001D069A260B0, L_000001D069CA6B30, C4<0>, C4<0>;
L_000001D069A26190 .functor AND 1, L_000001D069CA5AF0, L_000001D069CA5CD0, C4<1>, C4<1>;
L_000001D069A269E0 .functor XOR 1, L_000001D069CA5AF0, L_000001D069CA5CD0, C4<0>, C4<0>;
L_000001D069A25FD0 .functor AND 1, L_000001D069CA6B30, L_000001D069A269E0, C4<1>, C4<1>;
L_000001D069A266D0 .functor OR 1, L_000001D069A26190, L_000001D069A25FD0, C4<0>, C4<0>;
v000001D069A241A0_0 .net *"_ivl_0", 0 0, L_000001D069A260B0;  1 drivers
v000001D069A24B00_0 .net *"_ivl_4", 0 0, L_000001D069A26190;  1 drivers
v000001D069A24240_0 .net *"_ivl_6", 0 0, L_000001D069A269E0;  1 drivers
v000001D069A25000_0 .net *"_ivl_8", 0 0, L_000001D069A25FD0;  1 drivers
v000001D069A24D80_0 .net "a", 0 0, L_000001D069CA5AF0;  1 drivers
v000001D069A246A0_0 .net "b", 0 0, L_000001D069CA5CD0;  1 drivers
v000001D069A24740_0 .net "cin", 0 0, L_000001D069CA6B30;  1 drivers
v000001D0699F2710_0 .net "cout", 0 0, L_000001D069A266D0;  1 drivers
v000001D0699F1A90_0 .net "sum", 0 0, L_000001D069A26120;  1 drivers
S_000001D0699A8590 .scope generate, "fa_loop[4]" "fa_loop[4]" 4 19, 4 19 0, S_000001D069A27CC0;
 .timescale 0 0;
P_000001D069A10550 .param/l "i" 1 4 19, +C4<0100>;
S_000001D069A3CC40 .scope module, "fa" "full_adder" 4 20, 5 1 0, S_000001D0699A8590;
 .timescale 0 0;
    .port_info 0 /INPUT 1 "a";
    .port_info 1 /INPUT 1 "b";
    .port_info 2 /INPUT 1 "cin";
    .port_info 3 /OUTPUT 1 "sum";
    .port_info 4 /OUTPUT 1 "cout";
L_000001D069A262E0 .functor XOR 1, L_000001D069CA6270, L_000001D069CA6950, C4<0>, C4<0>;
L_000001D069A26200 .functor XOR 1, L_000001D069A262E0, L_000001D069CA5E10, C4<0>, C4<0>;
L_000001D069A263C0 .functor AND 1, L_000001D069CA6270, L_000001D069CA6950, C4<1>, C4<1>;
L_000001D069A26510 .functor XOR 1, L_000001D069CA6270, L_000001D069CA6950, C4<0>, C4<0>;
L_000001D069A26A50 .functor AND 1, L_000001D069CA5E10, L_000001D069A26510, C4<1>, C4<1>;
L_000001D069A26AC0 .functor OR 1, L_000001D069A263C0, L_000001D069A26A50, C4<0>, C4<0>;
v000001D0699F2530_0 .net *"_ivl_0", 0 0, L_000001D069A262E0;  1 drivers
v000001D0699F2B70_0 .net *"_ivl_4", 0 0, L_000001D069A263C0;  1 drivers
v000001D0699F22B0_0 .net *"_ivl_6", 0 0, L_000001D069A26510;  1 drivers
v000001D0699F3390_0 .net *"_ivl_8", 0 0, L_000001D069A26A50;  1 drivers
v000001D0699F1D10_0 .net "a", 0 0, L_000001D069CA6270;  1 drivers
v000001D0699F3430_0 .net "b", 0 0, L_000001D069CA6950;  1 drivers
v000001D0699F2030_0 .net "cin", 0 0, L_000001D069CA5E10;  1 drivers
v000001D0699F2350_0 .net "cout", 0 0, L_000001D069A26AC0;  1 drivers
v000001D069A0A770_0 .net "sum", 0 0, L_000001D069A26200;  1 drivers
S_000001D069A3CDD0 .scope generate, "fa_loop[5]" "fa_loop[5]" 4 19, 4 19 0, S_000001D069A27CC0;
 .timescale 0 0;
P_000001D069A10C50 .param/l "i" 1 4 19, +C4<0101>;
S_000001D069A3CF60 .scope module, "fa" "full_adder" 4 20, 5 1 0, S_000001D069A3CDD0;
 .timescale 0 0;
    .port_info 0 /INPUT 1 "a";
    .port_info 1 /INPUT 1 "b";
    .port_info 2 /INPUT 1 "cin";
    .port_info 3 /OUTPUT 1 "sum";
    .port_info 4 /OUTPUT 1 "cout";
L_000001D069A265F0 .functor XOR 1, L_000001D069CA6DB0, L_000001D069CA5B90, C4<0>, C4<0>;
L_000001D069A26B30 .functor XOR 1, L_000001D069A265F0, L_000001D069CA5EB0, C4<0>, C4<0>;
L_000001D069CABE10 .functor AND 1, L_000001D069CA6DB0, L_000001D069CA5B90, C4<1>, C4<1>;
L_000001D069CAB400 .functor XOR 1, L_000001D069CA6DB0, L_000001D069CA5B90, C4<0>, C4<0>;
L_000001D069CAB710 .functor AND 1, L_000001D069CA5EB0, L_000001D069CAB400, C4<1>, C4<1>;
L_000001D069CABA90 .functor OR 1, L_000001D069CABE10, L_000001D069CAB710, C4<0>, C4<0>;
v000001D069A0A310_0 .net *"_ivl_0", 0 0, L_000001D069A265F0;  1 drivers
v000001D069A0AA90_0 .net *"_ivl_4", 0 0, L_000001D069CABE10;  1 drivers
v000001D069A0AF90_0 .net *"_ivl_6", 0 0, L_000001D069CAB400;  1 drivers
v000001D069A0B0D0_0 .net *"_ivl_8", 0 0, L_000001D069CAB710;  1 drivers
v000001D069A0B2B0_0 .net "a", 0 0, L_000001D069CA6DB0;  1 drivers
v000001D069A0B670_0 .net "b", 0 0, L_000001D069CA5B90;  1 drivers
v000001D069A0BC10_0 .net "cin", 0 0, L_000001D069CA5EB0;  1 drivers
v000001D069A0BCB0_0 .net "cout", 0 0, L_000001D069CABA90;  1 drivers
v000001D069A0B710_0 .net "sum", 0 0, L_000001D069A26B30;  1 drivers
S_000001D069A3D140 .scope generate, "fa_loop[6]" "fa_loop[6]" 4 19, 4 19 0, S_000001D069A27CC0;
 .timescale 0 0;
P_000001D069A104D0 .param/l "i" 1 4 19, +C4<0110>;
S_000001D069A3DAA0 .scope module, "fa" "full_adder" 4 20, 5 1 0, S_000001D069A3D140;
 .timescale 0 0;
    .port_info 0 /INPUT 1 "a";
    .port_info 1 /INPUT 1 "b";
    .port_info 2 /INPUT 1 "cin";
    .port_info 3 /OUTPUT 1 "sum";
    .port_info 4 /OUTPUT 1 "cout";
L_000001D069CAB860 .functor XOR 1, L_000001D069CA6310, L_000001D069CA6090, C4<0>, C4<0>;
L_000001D069CABB00 .functor XOR 1, L_000001D069CAB860, L_000001D069CA6130, C4<0>, C4<0>;
L_000001D069CAB240 .functor AND 1, L_000001D069CA6310, L_000001D069CA6090, C4<1>, C4<1>;
L_000001D069CABD30 .functor XOR 1, L_000001D069CA6310, L_000001D069CA6090, C4<0>, C4<0>;
L_000001D069CAC0B0 .functor AND 1, L_000001D069CA6130, L_000001D069CABD30, C4<1>, C4<1>;
L_000001D069CAB2B0 .functor OR 1, L_000001D069CAB240, L_000001D069CAC0B0, C4<0>, C4<0>;
v000001D0699D9790_0 .net *"_ivl_0", 0 0, L_000001D069CAB860;  1 drivers
v000001D0699D9F10_0 .net *"_ivl_4", 0 0, L_000001D069CAB240;  1 drivers
v000001D0699D9970_0 .net *"_ivl_6", 0 0, L_000001D069CABD30;  1 drivers
v000001D0699D9A10_0 .net *"_ivl_8", 0 0, L_000001D069CAC0B0;  1 drivers
v000001D0699DA190_0 .net "a", 0 0, L_000001D069CA6310;  1 drivers
v000001D0699D84D0_0 .net "b", 0 0, L_000001D069CA6090;  1 drivers
v000001D0699D8D90_0 .net "cin", 0 0, L_000001D069CA6130;  1 drivers
v000001D0699D8ED0_0 .net "cout", 0 0, L_000001D069CAB2B0;  1 drivers
v000001D0699D8F70_0 .net "sum", 0 0, L_000001D069CABB00;  1 drivers
S_000001D069A3D460 .scope generate, "fa_loop[7]" "fa_loop[7]" 4 19, 4 19 0, S_000001D069A27CC0;
 .timescale 0 0;
P_000001D069A10810 .param/l "i" 1 4 19, +C4<0111>;
S_000001D069A3D2D0 .scope module, "fa" "full_adder" 4 20, 5 1 0, S_000001D069A3D460;
 .timescale 0 0;
    .port_info 0 /INPUT 1 "a";
    .port_info 1 /INPUT 1 "b";
    .port_info 2 /INPUT 1 "cin";
    .port_info 3 /OUTPUT 1 "sum";
    .port_info 4 /OUTPUT 1 "cout";
L_000001D069CAB470 .functor XOR 1, L_000001D069CA7030, L_000001D069CA6E50, C4<0>, C4<0>;
L_000001D069CAB780 .functor XOR 1, L_000001D069CAB470, L_000001D069CA6A90, C4<0>, C4<0>;
L_000001D069CAB4E0 .functor AND 1, L_000001D069CA7030, L_000001D069CA6E50, C4<1>, C4<1>;
L_000001D069CAB550 .functor XOR 1, L_000001D069CA7030, L_000001D069CA6E50, C4<0>, C4<0>;
L_000001D069CAB6A0 .functor AND 1, L_000001D069CA6A90, L_000001D069CAB550, C4<1>, C4<1>;
L_000001D069CABF60 .functor OR 1, L_000001D069CAB4E0, L_000001D069CAB6A0, C4<0>, C4<0>;
v000001D0699E61E0_0 .net *"_ivl_0", 0 0, L_000001D069CAB470;  1 drivers
v000001D0699E6D20_0 .net *"_ivl_4", 0 0, L_000001D069CAB4E0;  1 drivers
v000001D0699E5CE0_0 .net *"_ivl_6", 0 0, L_000001D069CAB550;  1 drivers
v000001D0699E6820_0 .net *"_ivl_8", 0 0, L_000001D069CAB6A0;  1 drivers
v000001D0699E5600_0 .net "a", 0 0, L_000001D069CA7030;  1 drivers
v000001D0699E5380_0 .net "b", 0 0, L_000001D069CA6E50;  1 drivers
v000001D0699E6320_0 .net "cin", 0 0, L_000001D069CA6A90;  1 drivers
v000001D0699E68C0_0 .net "cout", 0 0, L_000001D069CABF60;  1 drivers
v000001D0699E6A00_0 .net "sum", 0 0, L_000001D069CAB780;  1 drivers
S_000001D069A3D5F0 .scope generate, "fa_loop[8]" "fa_loop[8]" 4 19, 4 19 0, S_000001D069A27CC0;
 .timescale 0 0;
P_000001D069A10590 .param/l "i" 1 4 19, +C4<01000>;
S_000001D069A3D780 .scope module, "fa" "full_adder" 4 20, 5 1 0, S_000001D069A3D5F0;
 .timescale 0 0;
    .port_info 0 /INPUT 1 "a";
    .port_info 1 /INPUT 1 "b";
    .port_info 2 /INPUT 1 "cin";
    .port_info 3 /OUTPUT 1 "sum";
    .port_info 4 /OUTPUT 1 "cout";
L_000001D069CAB1D0 .functor XOR 1, L_000001D069CA61D0, L_000001D069CA63B0, C4<0>, C4<0>;
L_000001D069CABB70 .functor XOR 1, L_000001D069CAB1D0, L_000001D069CA6450, C4<0>, C4<0>;
L_000001D069CABBE0 .functor AND 1, L_000001D069CA61D0, L_000001D069CA63B0, C4<1>, C4<1>;
L_000001D069CAB320 .functor XOR 1, L_000001D069CA61D0, L_000001D069CA63B0, C4<0>, C4<0>;
L_000001D069CAB940 .functor AND 1, L_000001D069CA6450, L_000001D069CAB320, C4<1>, C4<1>;
L_000001D069CABC50 .functor OR 1, L_000001D069CABBE0, L_000001D069CAB940, C4<0>, C4<0>;
v000001D0699FE160_0 .net *"_ivl_0", 0 0, L_000001D069CAB1D0;  1 drivers
v000001D0699FE7A0_0 .net *"_ivl_4", 0 0, L_000001D069CABBE0;  1 drivers
v000001D0699FCEA0_0 .net *"_ivl_6", 0 0, L_000001D069CAB320;  1 drivers
v000001D0699FEC00_0 .net *"_ivl_8", 0 0, L_000001D069CAB940;  1 drivers
v000001D0699FD8A0_0 .net "a", 0 0, L_000001D069CA61D0;  1 drivers
v000001D0699FD9E0_0 .net "b", 0 0, L_000001D069CA63B0;  1 drivers
v000001D0699FD260_0 .net "cin", 0 0, L_000001D069CA6450;  1 drivers
v000001D0699FDA80_0 .net "cout", 0 0, L_000001D069CABC50;  1 drivers
v000001D069A1C5F0_0 .net "sum", 0 0, L_000001D069CABB70;  1 drivers
S_000001D069A3D910 .scope generate, "fa_loop[9]" "fa_loop[9]" 4 19, 4 19 0, S_000001D069A27CC0;
 .timescale 0 0;
P_000001D069A10E50 .param/l "i" 1 4 19, +C4<01001>;
S_000001D069A3DC30 .scope module, "fa" "full_adder" 4 20, 5 1 0, S_000001D069A3D910;
 .timescale 0 0;
    .port_info 0 /INPUT 1 "a";
    .port_info 1 /INPUT 1 "b";
    .port_info 2 /INPUT 1 "cin";
    .port_info 3 /OUTPUT 1 "sum";
    .port_info 4 /OUTPUT 1 "cout";
L_000001D069CABE80 .functor XOR 1, L_000001D069CA5F50, L_000001D069CA6F90, C4<0>, C4<0>;
L_000001D069CAB390 .functor XOR 1, L_000001D069CABE80, L_000001D069CA64F0, C4<0>, C4<0>;
L_000001D069CABDA0 .functor AND 1, L_000001D069CA5F50, L_000001D069CA6F90, C4<1>, C4<1>;
L_000001D069CABCC0 .functor XOR 1, L_000001D069CA5F50, L_000001D069CA6F90, C4<0>, C4<0>;
L_000001D069CABEF0 .functor AND 1, L_000001D069CA64F0, L_000001D069CABCC0, C4<1>, C4<1>;
L_000001D069CAB5C0 .functor OR 1, L_000001D069CABDA0, L_000001D069CABEF0, C4<0>, C4<0>;
v000001D069A1D130_0 .net *"_ivl_0", 0 0, L_000001D069CABE80;  1 drivers
v000001D069A1D310_0 .net *"_ivl_4", 0 0, L_000001D069CABDA0;  1 drivers
v000001D069A1D1D0_0 .net *"_ivl_6", 0 0, L_000001D069CABCC0;  1 drivers
v000001D069A1D770_0 .net *"_ivl_8", 0 0, L_000001D069CABEF0;  1 drivers
v000001D069A1D950_0 .net "a", 0 0, L_000001D069CA5F50;  1 drivers
v000001D069A1D9F0_0 .net "b", 0 0, L_000001D069CA6F90;  1 drivers
v000001D069A1DEF0_0 .net "cin", 0 0, L_000001D069CA64F0;  1 drivers
v000001D0699D15B0_0 .net "cout", 0 0, L_000001D069CAB5C0;  1 drivers
v000001D0699D09D0_0 .net "sum", 0 0, L_000001D069CAB390;  1 drivers
S_000001D069A3DDC0 .scope generate, "fa_loop[10]" "fa_loop[10]" 4 19, 4 19 0, S_000001D069A27CC0;
 .timescale 0 0;
P_000001D069A10350 .param/l "i" 1 4 19, +C4<01010>;
S_000001D069A3DF50 .scope module, "fa" "full_adder" 4 20, 5 1 0, S_000001D069A3DDC0;
 .timescale 0 0;
    .port_info 0 /INPUT 1 "a";
    .port_info 1 /INPUT 1 "b";
    .port_info 2 /INPUT 1 "cin";
    .port_info 3 /OUTPUT 1 "sum";
    .port_info 4 /OUTPUT 1 "cout";
L_000001D069CAB630 .functor XOR 1, L_000001D069CA59B0, L_000001D069CA6630, C4<0>, C4<0>;
L_000001D069CAB7F0 .functor XOR 1, L_000001D069CAB630, L_000001D069CA6590, C4<0>, C4<0>;
L_000001D069CABA20 .functor AND 1, L_000001D069CA59B0, L_000001D069CA6630, C4<1>, C4<1>;
L_000001D069CAB9B0 .functor XOR 1, L_000001D069CA59B0, L_000001D069CA6630, C4<0>, C4<0>;
L_000001D069CABFD0 .functor AND 1, L_000001D069CA6590, L_000001D069CAB9B0, C4<1>, C4<1>;
L_000001D069CAB8D0 .functor OR 1, L_000001D069CABA20, L_000001D069CABFD0, C4<0>, C4<0>;
v000001D0699D0BB0_0 .net *"_ivl_0", 0 0, L_000001D069CAB630;  1 drivers
v000001D0699D0C50_0 .net *"_ivl_4", 0 0, L_000001D069CABA20;  1 drivers
v000001D069C8FB40_0 .net *"_ivl_6", 0 0, L_000001D069CAB9B0;  1 drivers
v000001D069C902C0_0 .net *"_ivl_8", 0 0, L_000001D069CABFD0;  1 drivers
v000001D069C8FD20_0 .net "a", 0 0, L_000001D069CA59B0;  1 drivers
v000001D069C90E00_0 .net "b", 0 0, L_000001D069CA6630;  1 drivers
v000001D069C8F140_0 .net "cin", 0 0, L_000001D069CA6590;  1 drivers
v000001D069C8FDC0_0 .net "cout", 0 0, L_000001D069CAB8D0;  1 drivers
v000001D069C90360_0 .net "sum", 0 0, L_000001D069CAB7F0;  1 drivers
S_000001D069C91AB0 .scope generate, "fa_loop[11]" "fa_loop[11]" 4 19, 4 19 0, S_000001D069A27CC0;
 .timescale 0 0;
P_000001D069A10E90 .param/l "i" 1 4 19, +C4<01011>;
S_000001D069C91C40 .scope module, "fa" "full_adder" 4 20, 5 1 0, S_000001D069C91AB0;
 .timescale 0 0;
    .port_info 0 /INPUT 1 "a";
    .port_info 1 /INPUT 1 "b";
    .port_info 2 /INPUT 1 "cin";
    .port_info 3 /OUTPUT 1 "sum";
    .port_info 4 /OUTPUT 1 "cout";
L_000001D069CAC040 .functor XOR 1, L_000001D069CA5C30, L_000001D069CA66D0, C4<0>, C4<0>;
L_000001D069CAC1E0 .functor XOR 1, L_000001D069CAC040, L_000001D069CA6770, C4<0>, C4<0>;
L_000001D069CAC800 .functor AND 1, L_000001D069CA5C30, L_000001D069CA66D0, C4<1>, C4<1>;
L_000001D069CACF00 .functor XOR 1, L_000001D069CA5C30, L_000001D069CA66D0, C4<0>, C4<0>;
L_000001D069CACB80 .functor AND 1, L_000001D069CA6770, L_000001D069CACF00, C4<1>, C4<1>;
L_000001D069CAD050 .functor OR 1, L_000001D069CAC800, L_000001D069CACB80, C4<0>, C4<0>;
v000001D069C8FBE0_0 .net *"_ivl_0", 0 0, L_000001D069CAC040;  1 drivers
v000001D069C90A40_0 .net *"_ivl_4", 0 0, L_000001D069CAC800;  1 drivers
v000001D069C90B80_0 .net *"_ivl_6", 0 0, L_000001D069CACF00;  1 drivers
v000001D069C90860_0 .net *"_ivl_8", 0 0, L_000001D069CACB80;  1 drivers
v000001D069C900E0_0 .net "a", 0 0, L_000001D069CA5C30;  1 drivers
v000001D069C904A0_0 .net "b", 0 0, L_000001D069CA66D0;  1 drivers
v000001D069C8F640_0 .net "cin", 0 0, L_000001D069CA6770;  1 drivers
v000001D069C8F960_0 .net "cout", 0 0, L_000001D069CAD050;  1 drivers
v000001D069C90540_0 .net "sum", 0 0, L_000001D069CAC1E0;  1 drivers
S_000001D069C91600 .scope generate, "fa_loop[12]" "fa_loop[12]" 4 19, 4 19 0, S_000001D069A27CC0;
 .timescale 0 0;
P_000001D069A10750 .param/l "i" 1 4 19, +C4<01100>;
S_000001D069C92280 .scope module, "fa" "full_adder" 4 20, 5 1 0, S_000001D069C91600;
 .timescale 0 0;
    .port_info 0 /INPUT 1 "a";
    .port_info 1 /INPUT 1 "b";
    .port_info 2 /INPUT 1 "cin";
    .port_info 3 /OUTPUT 1 "sum";
    .port_info 4 /OUTPUT 1 "cout";
L_000001D069CAC4F0 .functor XOR 1, L_000001D069CA6810, L_000001D069CA69F0, C4<0>, C4<0>;
L_000001D069CAC9C0 .functor XOR 1, L_000001D069CAC4F0, L_000001D069CA5FF0, C4<0>, C4<0>;
L_000001D069CAC250 .functor AND 1, L_000001D069CA6810, L_000001D069CA69F0, C4<1>, C4<1>;
L_000001D069CACDB0 .functor XOR 1, L_000001D069CA6810, L_000001D069CA69F0, C4<0>, C4<0>;
L_000001D069CACF70 .functor AND 1, L_000001D069CA5FF0, L_000001D069CACDB0, C4<1>, C4<1>;
L_000001D069CAC8E0 .functor OR 1, L_000001D069CAC250, L_000001D069CACF70, C4<0>, C4<0>;
v000001D069C8FE60_0 .net *"_ivl_0", 0 0, L_000001D069CAC4F0;  1 drivers
v000001D069C907C0_0 .net *"_ivl_4", 0 0, L_000001D069CAC250;  1 drivers
v000001D069C8F6E0_0 .net *"_ivl_6", 0 0, L_000001D069CACDB0;  1 drivers
v000001D069C8F780_0 .net *"_ivl_8", 0 0, L_000001D069CACF70;  1 drivers
v000001D069C905E0_0 .net "a", 0 0, L_000001D069CA6810;  1 drivers
v000001D069C90180_0 .net "b", 0 0, L_000001D069CA69F0;  1 drivers
v000001D069C8F320_0 .net "cin", 0 0, L_000001D069CA5FF0;  1 drivers
v000001D069C90C20_0 .net "cout", 0 0, L_000001D069CAC8E0;  1 drivers
v000001D069C90CC0_0 .net "sum", 0 0, L_000001D069CAC9C0;  1 drivers
S_000001D069C928C0 .scope generate, "fa_loop[13]" "fa_loop[13]" 4 19, 4 19 0, S_000001D069A27CC0;
 .timescale 0 0;
P_000001D069A105D0 .param/l "i" 1 4 19, +C4<01101>;
S_000001D069C91920 .scope module, "fa" "full_adder" 4 20, 5 1 0, S_000001D069C928C0;
 .timescale 0 0;
    .port_info 0 /INPUT 1 "a";
    .port_info 1 /INPUT 1 "b";
    .port_info 2 /INPUT 1 "cin";
    .port_info 3 /OUTPUT 1 "sum";
    .port_info 4 /OUTPUT 1 "cout";
L_000001D069CAC2C0 .functor XOR 1, L_000001D069CA6BD0, L_000001D069CA6C70, C4<0>, C4<0>;
L_000001D069CAC950 .functor XOR 1, L_000001D069CAC2C0, L_000001D069CA6D10, C4<0>, C4<0>;
L_000001D069CAC5D0 .functor AND 1, L_000001D069CA6BD0, L_000001D069CA6C70, C4<1>, C4<1>;
L_000001D069CAC560 .functor XOR 1, L_000001D069CA6BD0, L_000001D069CA6C70, C4<0>, C4<0>;
L_000001D069CACE90 .functor AND 1, L_000001D069CA6D10, L_000001D069CAC560, C4<1>, C4<1>;
L_000001D069CACFE0 .functor OR 1, L_000001D069CAC5D0, L_000001D069CACE90, C4<0>, C4<0>;
v000001D069C90D60_0 .net *"_ivl_0", 0 0, L_000001D069CAC2C0;  1 drivers
v000001D069C8FF00_0 .net *"_ivl_4", 0 0, L_000001D069CAC5D0;  1 drivers
v000001D069C90EA0_0 .net *"_ivl_6", 0 0, L_000001D069CAC560;  1 drivers
v000001D069C8F820_0 .net *"_ivl_8", 0 0, L_000001D069CACE90;  1 drivers
v000001D069C8FFA0_0 .net "a", 0 0, L_000001D069CA6BD0;  1 drivers
v000001D069C8FC80_0 .net "b", 0 0, L_000001D069CA6C70;  1 drivers
v000001D069C90400_0 .net "cin", 0 0, L_000001D069CA6D10;  1 drivers
v000001D069C8F5A0_0 .net "cout", 0 0, L_000001D069CACFE0;  1 drivers
v000001D069C8F8C0_0 .net "sum", 0 0, L_000001D069CAC950;  1 drivers
S_000001D069C912E0 .scope generate, "fa_loop[14]" "fa_loop[14]" 4 19, 4 19 0, S_000001D069A27CC0;
 .timescale 0 0;
P_000001D069A10610 .param/l "i" 1 4 19, +C4<01110>;
S_000001D069C91790 .scope module, "fa" "full_adder" 4 20, 5 1 0, S_000001D069C912E0;
 .timescale 0 0;
    .port_info 0 /INPUT 1 "a";
    .port_info 1 /INPUT 1 "b";
    .port_info 2 /INPUT 1 "cin";
    .port_info 3 /OUTPUT 1 "sum";
    .port_info 4 /OUTPUT 1 "cout";
L_000001D069CAC3A0 .functor XOR 1, L_000001D069CAF5A0, L_000001D069CAD980, C4<0>, C4<0>;
L_000001D069CACB10 .functor XOR 1, L_000001D069CAC3A0, L_000001D069CAF1E0, C4<0>, C4<0>;
L_000001D069CAC790 .functor AND 1, L_000001D069CAF5A0, L_000001D069CAD980, C4<1>, C4<1>;
L_000001D069CACC60 .functor XOR 1, L_000001D069CAF5A0, L_000001D069CAD980, C4<0>, C4<0>;
L_000001D069CAC480 .functor AND 1, L_000001D069CAF1E0, L_000001D069CACC60, C4<1>, C4<1>;
L_000001D069CAC330 .functor OR 1, L_000001D069CAC790, L_000001D069CAC480, C4<0>, C4<0>;
v000001D069C8F3C0_0 .net *"_ivl_0", 0 0, L_000001D069CAC3A0;  1 drivers
v000001D069C8FA00_0 .net *"_ivl_4", 0 0, L_000001D069CAC790;  1 drivers
v000001D069C90F40_0 .net *"_ivl_6", 0 0, L_000001D069CACC60;  1 drivers
v000001D069C90040_0 .net *"_ivl_8", 0 0, L_000001D069CAC480;  1 drivers
v000001D069C8F1E0_0 .net "a", 0 0, L_000001D069CAF5A0;  1 drivers
v000001D069C90220_0 .net "b", 0 0, L_000001D069CAD980;  1 drivers
v000001D069C90AE0_0 .net "cin", 0 0, L_000001D069CAF1E0;  1 drivers
v000001D069C8FAA0_0 .net "cout", 0 0, L_000001D069CAC330;  1 drivers
v000001D069C90680_0 .net "sum", 0 0, L_000001D069CACB10;  1 drivers
S_000001D069C91DD0 .scope generate, "fa_loop[15]" "fa_loop[15]" 4 19, 4 19 0, S_000001D069A27CC0;
 .timescale 0 0;
P_000001D069A10B10 .param/l "i" 1 4 19, +C4<01111>;
S_000001D069C92BE0 .scope module, "fa" "full_adder" 4 20, 5 1 0, S_000001D069C91DD0;
 .timescale 0 0;
    .port_info 0 /INPUT 1 "a";
    .port_info 1 /INPUT 1 "b";
    .port_info 2 /INPUT 1 "cin";
    .port_info 3 /OUTPUT 1 "sum";
    .port_info 4 /OUTPUT 1 "cout";
L_000001D069CACE20 .functor XOR 1, L_000001D069CAEEC0, L_000001D069CAD700, C4<0>, C4<0>;
L_000001D069CAD0C0 .functor XOR 1, L_000001D069CACE20, L_000001D069CADDE0, C4<0>, C4<0>;
L_000001D069CAC410 .functor AND 1, L_000001D069CAEEC0, L_000001D069CAD700, C4<1>, C4<1>;
L_000001D069CAC6B0 .functor XOR 1, L_000001D069CAEEC0, L_000001D069CAD700, C4<0>, C4<0>;
L_000001D069CACBF0 .functor AND 1, L_000001D069CADDE0, L_000001D069CAC6B0, C4<1>, C4<1>;
L_000001D069CACAA0 .functor OR 1, L_000001D069CAC410, L_000001D069CACBF0, C4<0>, C4<0>;
v000001D069C90900_0 .net *"_ivl_0", 0 0, L_000001D069CACE20;  1 drivers
v000001D069C90720_0 .net *"_ivl_4", 0 0, L_000001D069CAC410;  1 drivers
v000001D069C909A0_0 .net *"_ivl_6", 0 0, L_000001D069CAC6B0;  1 drivers
v000001D069C8F280_0 .net *"_ivl_8", 0 0, L_000001D069CACBF0;  1 drivers
v000001D069C90FE0_0 .net "a", 0 0, L_000001D069CAEEC0;  1 drivers
v000001D069C8F460_0 .net "b", 0 0, L_000001D069CAD700;  1 drivers
v000001D069C8F500_0 .net "cin", 0 0, L_000001D069CADDE0;  1 drivers
v000001D069C9B680_0 .net "cout", 0 0, L_000001D069CACAA0;  1 drivers
v000001D069C9C9E0_0 .net "sum", 0 0, L_000001D069CAD0C0;  1 drivers
S_000001D069C91150 .scope generate, "fa_loop[16]" "fa_loop[16]" 4 19, 4 19 0, S_000001D069A27CC0;
 .timescale 0 0;
P_000001D069A10790 .param/l "i" 1 4 19, +C4<010000>;
S_000001D069C92D70 .scope module, "fa" "full_adder" 4 20, 5 1 0, S_000001D069C91150;
 .timescale 0 0;
    .port_info 0 /INPUT 1 "a";
    .port_info 1 /INPUT 1 "b";
    .port_info 2 /INPUT 1 "cin";
    .port_info 3 /OUTPUT 1 "sum";
    .port_info 4 /OUTPUT 1 "cout";
L_000001D069CAC640 .functor XOR 1, L_000001D069CAD5C0, L_000001D069CAF3C0, C4<0>, C4<0>;
L_000001D069CACA30 .functor XOR 1, L_000001D069CAC640, L_000001D069CAF640, C4<0>, C4<0>;
L_000001D069CAC720 .functor AND 1, L_000001D069CAD5C0, L_000001D069CAF3C0, C4<1>, C4<1>;
L_000001D069CAC870 .functor XOR 1, L_000001D069CAD5C0, L_000001D069CAF3C0, C4<0>, C4<0>;
L_000001D069CACCD0 .functor AND 1, L_000001D069CAF640, L_000001D069CAC870, C4<1>, C4<1>;
L_000001D069CACD40 .functor OR 1, L_000001D069CAC720, L_000001D069CACCD0, C4<0>, C4<0>;
v000001D069C9C440_0 .net *"_ivl_0", 0 0, L_000001D069CAC640;  1 drivers
v000001D069C9B860_0 .net *"_ivl_4", 0 0, L_000001D069CAC720;  1 drivers
v000001D069C9C4E0_0 .net *"_ivl_6", 0 0, L_000001D069CAC870;  1 drivers
v000001D069C9BE00_0 .net *"_ivl_8", 0 0, L_000001D069CACCD0;  1 drivers
v000001D069C9B900_0 .net "a", 0 0, L_000001D069CAD5C0;  1 drivers
v000001D069C9C580_0 .net "b", 0 0, L_000001D069CAF3C0;  1 drivers
v000001D069C9B2C0_0 .net "cin", 0 0, L_000001D069CAF640;  1 drivers
v000001D069C9D3E0_0 .net "cout", 0 0, L_000001D069CACD40;  1 drivers
v000001D069C9CF80_0 .net "sum", 0 0, L_000001D069CACA30;  1 drivers
S_000001D069C91470 .scope generate, "fa_loop[17]" "fa_loop[17]" 4 19, 4 19 0, S_000001D069A27CC0;
 .timescale 0 0;
P_000001D069A10650 .param/l "i" 1 4 19, +C4<010001>;
S_000001D069C91F60 .scope module, "fa" "full_adder" 4 20, 5 1 0, S_000001D069C91470;
 .timescale 0 0;
    .port_info 0 /INPUT 1 "a";
    .port_info 1 /INPUT 1 "b";
    .port_info 2 /INPUT 1 "cin";
    .port_info 3 /OUTPUT 1 "sum";
    .port_info 4 /OUTPUT 1 "cout";
L_000001D069CB27E0 .functor XOR 1, L_000001D069CAD840, L_000001D069CAF6E0, C4<0>, C4<0>;
L_000001D069CB2310 .functor XOR 1, L_000001D069CB27E0, L_000001D069CAD8E0, C4<0>, C4<0>;
L_000001D069CB20E0 .functor AND 1, L_000001D069CAD840, L_000001D069CAF6E0, C4<1>, C4<1>;
L_000001D069CB2BD0 .functor XOR 1, L_000001D069CAD840, L_000001D069CAF6E0, C4<0>, C4<0>;
L_000001D069CB2930 .functor AND 1, L_000001D069CAD8E0, L_000001D069CB2BD0, C4<1>, C4<1>;
L_000001D069CB2620 .functor OR 1, L_000001D069CB20E0, L_000001D069CB2930, C4<0>, C4<0>;
v000001D069C9D660_0 .net *"_ivl_0", 0 0, L_000001D069CB27E0;  1 drivers
v000001D069C9D840_0 .net *"_ivl_4", 0 0, L_000001D069CB20E0;  1 drivers
v000001D069C9D020_0 .net *"_ivl_6", 0 0, L_000001D069CB2BD0;  1 drivers
v000001D069C9CA80_0 .net *"_ivl_8", 0 0, L_000001D069CB2930;  1 drivers
v000001D069C9B7C0_0 .net "a", 0 0, L_000001D069CAD840;  1 drivers
v000001D069C9C120_0 .net "b", 0 0, L_000001D069CAF6E0;  1 drivers
v000001D069C9C760_0 .net "cin", 0 0, L_000001D069CAD8E0;  1 drivers
v000001D069C9CEE0_0 .net "cout", 0 0, L_000001D069CB2620;  1 drivers
v000001D069C9BD60_0 .net "sum", 0 0, L_000001D069CB2310;  1 drivers
S_000001D069C92F00 .scope generate, "fa_loop[18]" "fa_loop[18]" 4 19, 4 19 0, S_000001D069A27CC0;
 .timescale 0 0;
P_000001D069A111D0 .param/l "i" 1 4 19, +C4<010010>;
S_000001D069C920F0 .scope module, "fa" "full_adder" 4 20, 5 1 0, S_000001D069C92F00;
 .timescale 0 0;
    .port_info 0 /INPUT 1 "a";
    .port_info 1 /INPUT 1 "b";
    .port_info 2 /INPUT 1 "cin";
    .port_info 3 /OUTPUT 1 "sum";
    .port_info 4 /OUTPUT 1 "cout";
L_000001D069CB2070 .functor XOR 1, L_000001D069CAE060, L_000001D069CAEE20, C4<0>, C4<0>;
L_000001D069CB2C40 .functor XOR 1, L_000001D069CB2070, L_000001D069CAF280, C4<0>, C4<0>;
L_000001D069CB2850 .functor AND 1, L_000001D069CAE060, L_000001D069CAEE20, C4<1>, C4<1>;
L_000001D069CB1200 .functor XOR 1, L_000001D069CAE060, L_000001D069CAEE20, C4<0>, C4<0>;
L_000001D069CB2CB0 .functor AND 1, L_000001D069CAF280, L_000001D069CB1200, C4<1>, C4<1>;
L_000001D069CB2A80 .functor OR 1, L_000001D069CB2850, L_000001D069CB2CB0, C4<0>, C4<0>;
v000001D069C9BEA0_0 .net *"_ivl_0", 0 0, L_000001D069CB2070;  1 drivers
v000001D069C9BF40_0 .net *"_ivl_4", 0 0, L_000001D069CB2850;  1 drivers
v000001D069C9C620_0 .net *"_ivl_6", 0 0, L_000001D069CB1200;  1 drivers
v000001D069C9BFE0_0 .net *"_ivl_8", 0 0, L_000001D069CB2CB0;  1 drivers
v000001D069C9D2A0_0 .net "a", 0 0, L_000001D069CAE060;  1 drivers
v000001D069C9CE40_0 .net "b", 0 0, L_000001D069CAEE20;  1 drivers
v000001D069C9D340_0 .net "cin", 0 0, L_000001D069CAF280;  1 drivers
v000001D069C9C6C0_0 .net "cout", 0 0, L_000001D069CB2A80;  1 drivers
v000001D069C9D0C0_0 .net "sum", 0 0, L_000001D069CB2C40;  1 drivers
S_000001D069C92410 .scope generate, "fa_loop[19]" "fa_loop[19]" 4 19, 4 19 0, S_000001D069A27CC0;
 .timescale 0 0;
P_000001D069A11050 .param/l "i" 1 4 19, +C4<010011>;
S_000001D069C925A0 .scope module, "fa" "full_adder" 4 20, 5 1 0, S_000001D069C92410;
 .timescale 0 0;
    .port_info 0 /INPUT 1 "a";
    .port_info 1 /INPUT 1 "b";
    .port_info 2 /INPUT 1 "cin";
    .port_info 3 /OUTPUT 1 "sum";
    .port_info 4 /OUTPUT 1 "cout";
L_000001D069CB29A0 .functor XOR 1, L_000001D069CAD480, L_000001D069CAE9C0, C4<0>, C4<0>;
L_000001D069CB1DD0 .functor XOR 1, L_000001D069CB29A0, L_000001D069CADA20, C4<0>, C4<0>;
L_000001D069CB15F0 .functor AND 1, L_000001D069CAD480, L_000001D069CAE9C0, C4<1>, C4<1>;
L_000001D069CB1EB0 .functor XOR 1, L_000001D069CAD480, L_000001D069CAE9C0, C4<0>, C4<0>;
L_000001D069CB2D20 .functor AND 1, L_000001D069CADA20, L_000001D069CB1EB0, C4<1>, C4<1>;
L_000001D069CB16D0 .functor OR 1, L_000001D069CB15F0, L_000001D069CB2D20, C4<0>, C4<0>;
v000001D069C9B9A0_0 .net *"_ivl_0", 0 0, L_000001D069CB29A0;  1 drivers
v000001D069C9C080_0 .net *"_ivl_4", 0 0, L_000001D069CB15F0;  1 drivers
v000001D069C9D480_0 .net *"_ivl_6", 0 0, L_000001D069CB1EB0;  1 drivers
v000001D069C9C1C0_0 .net *"_ivl_8", 0 0, L_000001D069CB2D20;  1 drivers
v000001D069C9D520_0 .net "a", 0 0, L_000001D069CAD480;  1 drivers
v000001D069C9D8E0_0 .net "b", 0 0, L_000001D069CAE9C0;  1 drivers
v000001D069C9BA40_0 .net "cin", 0 0, L_000001D069CADA20;  1 drivers
v000001D069C9D5C0_0 .net "cout", 0 0, L_000001D069CB16D0;  1 drivers
v000001D069C9BAE0_0 .net "sum", 0 0, L_000001D069CB1DD0;  1 drivers
S_000001D069C92730 .scope generate, "fa_loop[20]" "fa_loop[20]" 4 19, 4 19 0, S_000001D069A27CC0;
 .timescale 0 0;
P_000001D069A110D0 .param/l "i" 1 4 19, +C4<010100>;
S_000001D069C92A50 .scope module, "fa" "full_adder" 4 20, 5 1 0, S_000001D069C92730;
 .timescale 0 0;
    .port_info 0 /INPUT 1 "a";
    .port_info 1 /INPUT 1 "b";
    .port_info 2 /INPUT 1 "cin";
    .port_info 3 /OUTPUT 1 "sum";
    .port_info 4 /OUTPUT 1 "cout";
L_000001D069CB2700 .functor XOR 1, L_000001D069CAE560, L_000001D069CAD340, C4<0>, C4<0>;
L_000001D069CB2A10 .functor XOR 1, L_000001D069CB2700, L_000001D069CAF460, C4<0>, C4<0>;
L_000001D069CB19E0 .functor AND 1, L_000001D069CAE560, L_000001D069CAD340, C4<1>, C4<1>;
L_000001D069CB2770 .functor XOR 1, L_000001D069CAE560, L_000001D069CAD340, C4<0>, C4<0>;
L_000001D069CB23F0 .functor AND 1, L_000001D069CAF460, L_000001D069CB2770, C4<1>, C4<1>;
L_000001D069CB1AC0 .functor OR 1, L_000001D069CB19E0, L_000001D069CB23F0, C4<0>, C4<0>;
v000001D069C9D160_0 .net *"_ivl_0", 0 0, L_000001D069CB2700;  1 drivers
v000001D069C9D7A0_0 .net *"_ivl_4", 0 0, L_000001D069CB19E0;  1 drivers
v000001D069C9D200_0 .net *"_ivl_6", 0 0, L_000001D069CB2770;  1 drivers
v000001D069C9D700_0 .net *"_ivl_8", 0 0, L_000001D069CB23F0;  1 drivers
v000001D069C9C800_0 .net "a", 0 0, L_000001D069CAE560;  1 drivers
v000001D069C9B360_0 .net "b", 0 0, L_000001D069CAD340;  1 drivers
v000001D069C9B180_0 .net "cin", 0 0, L_000001D069CAF460;  1 drivers
v000001D069C9B220_0 .net "cout", 0 0, L_000001D069CB1AC0;  1 drivers
v000001D069C9B720_0 .net "sum", 0 0, L_000001D069CB2A10;  1 drivers
S_000001D069C9F950 .scope generate, "fa_loop[21]" "fa_loop[21]" 4 19, 4 19 0, S_000001D069A27CC0;
 .timescale 0 0;
P_000001D069A10690 .param/l "i" 1 4 19, +C4<010101>;
S_000001D069CA0F30 .scope module, "fa" "full_adder" 4 20, 5 1 0, S_000001D069C9F950;
 .timescale 0 0;
    .port_info 0 /INPUT 1 "a";
    .port_info 1 /INPUT 1 "b";
    .port_info 2 /INPUT 1 "cin";
    .port_info 3 /OUTPUT 1 "sum";
    .port_info 4 /OUTPUT 1 "cout";
L_000001D069CB1430 .functor XOR 1, L_000001D069CAEA60, L_000001D069CAD3E0, C4<0>, C4<0>;
L_000001D069CB1510 .functor XOR 1, L_000001D069CB1430, L_000001D069CAD200, C4<0>, C4<0>;
L_000001D069CB2150 .functor AND 1, L_000001D069CAEA60, L_000001D069CAD3E0, C4<1>, C4<1>;
L_000001D069CB24D0 .functor XOR 1, L_000001D069CAEA60, L_000001D069CAD3E0, C4<0>, C4<0>;
L_000001D069CB2D90 .functor AND 1, L_000001D069CAD200, L_000001D069CB24D0, C4<1>, C4<1>;
L_000001D069CB2AF0 .functor OR 1, L_000001D069CB2150, L_000001D069CB2D90, C4<0>, C4<0>;
v000001D069C9B400_0 .net *"_ivl_0", 0 0, L_000001D069CB1430;  1 drivers
v000001D069C9B4A0_0 .net *"_ivl_4", 0 0, L_000001D069CB2150;  1 drivers
v000001D069C9BB80_0 .net *"_ivl_6", 0 0, L_000001D069CB24D0;  1 drivers
v000001D069C9C260_0 .net *"_ivl_8", 0 0, L_000001D069CB2D90;  1 drivers
v000001D069C9BC20_0 .net "a", 0 0, L_000001D069CAEA60;  1 drivers
v000001D069C9C8A0_0 .net "b", 0 0, L_000001D069CAD3E0;  1 drivers
v000001D069C9B540_0 .net "cin", 0 0, L_000001D069CAD200;  1 drivers
v000001D069C9B5E0_0 .net "cout", 0 0, L_000001D069CB2AF0;  1 drivers
v000001D069C9BCC0_0 .net "sum", 0 0, L_000001D069CB1510;  1 drivers
S_000001D069C9FE00 .scope generate, "fa_loop[22]" "fa_loop[22]" 4 19, 4 19 0, S_000001D069A27CC0;
 .timescale 0 0;
P_000001D069A107D0 .param/l "i" 1 4 19, +C4<010110>;
S_000001D069C9F310 .scope module, "fa" "full_adder" 4 20, 5 1 0, S_000001D069C9FE00;
 .timescale 0 0;
    .port_info 0 /INPUT 1 "a";
    .port_info 1 /INPUT 1 "b";
    .port_info 2 /INPUT 1 "cin";
    .port_info 3 /OUTPUT 1 "sum";
    .port_info 4 /OUTPUT 1 "cout";
L_000001D069CB21C0 .functor XOR 1, L_000001D069CAE2E0, L_000001D069CAE600, C4<0>, C4<0>;
L_000001D069CB2230 .functor XOR 1, L_000001D069CB21C0, L_000001D069CAF320, C4<0>, C4<0>;
L_000001D069CB1270 .functor AND 1, L_000001D069CAE2E0, L_000001D069CAE600, C4<1>, C4<1>;
L_000001D069CB22A0 .functor XOR 1, L_000001D069CAE2E0, L_000001D069CAE600, C4<0>, C4<0>;
L_000001D069CB2380 .functor AND 1, L_000001D069CAF320, L_000001D069CB22A0, C4<1>, C4<1>;
L_000001D069CB1B30 .functor OR 1, L_000001D069CB1270, L_000001D069CB2380, C4<0>, C4<0>;
v000001D069C9C300_0 .net *"_ivl_0", 0 0, L_000001D069CB21C0;  1 drivers
v000001D069C9C3A0_0 .net *"_ivl_4", 0 0, L_000001D069CB1270;  1 drivers
v000001D069C9C940_0 .net *"_ivl_6", 0 0, L_000001D069CB22A0;  1 drivers
v000001D069C9CB20_0 .net *"_ivl_8", 0 0, L_000001D069CB2380;  1 drivers
v000001D069C9CBC0_0 .net "a", 0 0, L_000001D069CAE2E0;  1 drivers
v000001D069C9CC60_0 .net "b", 0 0, L_000001D069CAE600;  1 drivers
v000001D069C9CD00_0 .net "cin", 0 0, L_000001D069CAF320;  1 drivers
v000001D069C9CDA0_0 .net "cout", 0 0, L_000001D069CB1B30;  1 drivers
v000001D069C9EF60_0 .net "sum", 0 0, L_000001D069CB2230;  1 drivers
S_000001D069C9F180 .scope generate, "fa_loop[23]" "fa_loop[23]" 4 19, 4 19 0, S_000001D069A27CC0;
 .timescale 0 0;
P_000001D069A10850 .param/l "i" 1 4 19, +C4<010111>;
S_000001D069CA0A80 .scope module, "fa" "full_adder" 4 20, 5 1 0, S_000001D069C9F180;
 .timescale 0 0;
    .port_info 0 /INPUT 1 "a";
    .port_info 1 /INPUT 1 "b";
    .port_info 2 /INPUT 1 "cin";
    .port_info 3 /OUTPUT 1 "sum";
    .port_info 4 /OUTPUT 1 "cout";
L_000001D069CB2B60 .functor XOR 1, L_000001D069CAF500, L_000001D069CAF780, C4<0>, C4<0>;
L_000001D069CB1F90 .functor XOR 1, L_000001D069CB2B60, L_000001D069CAF820, C4<0>, C4<0>;
L_000001D069CB1C10 .functor AND 1, L_000001D069CAF500, L_000001D069CAF780, C4<1>, C4<1>;
L_000001D069CB1350 .functor XOR 1, L_000001D069CAF500, L_000001D069CAF780, C4<0>, C4<0>;
L_000001D069CB12E0 .functor AND 1, L_000001D069CAF820, L_000001D069CB1350, C4<1>, C4<1>;
L_000001D069CB1900 .functor OR 1, L_000001D069CB1C10, L_000001D069CB12E0, C4<0>, C4<0>;
v000001D069C9E920_0 .net *"_ivl_0", 0 0, L_000001D069CB2B60;  1 drivers
v000001D069C9DD40_0 .net *"_ivl_4", 0 0, L_000001D069CB1C10;  1 drivers
v000001D069C9EBA0_0 .net *"_ivl_6", 0 0, L_000001D069CB1350;  1 drivers
v000001D069C9E600_0 .net *"_ivl_8", 0 0, L_000001D069CB12E0;  1 drivers
v000001D069C9E7E0_0 .net "a", 0 0, L_000001D069CAF500;  1 drivers
v000001D069C9E740_0 .net "b", 0 0, L_000001D069CAF780;  1 drivers
v000001D069C9E6A0_0 .net "cin", 0 0, L_000001D069CAF820;  1 drivers
v000001D069C9EA60_0 .net "cout", 0 0, L_000001D069CB1900;  1 drivers
v000001D069C9F000_0 .net "sum", 0 0, L_000001D069CB1F90;  1 drivers
S_000001D069CA0440 .scope generate, "fa_loop[24]" "fa_loop[24]" 4 19, 4 19 0, S_000001D069A27CC0;
 .timescale 0 0;
P_000001D069A108D0 .param/l "i" 1 4 19, +C4<011000>;
S_000001D069CA0DA0 .scope module, "fa" "full_adder" 4 20, 5 1 0, S_000001D069CA0440;
 .timescale 0 0;
    .port_info 0 /INPUT 1 "a";
    .port_info 1 /INPUT 1 "b";
    .port_info 2 /INPUT 1 "cin";
    .port_info 3 /OUTPUT 1 "sum";
    .port_info 4 /OUTPUT 1 "cout";
L_000001D069CB1BA0 .functor XOR 1, L_000001D069CAD7A0, L_000001D069CADE80, C4<0>, C4<0>;
L_000001D069CB14A0 .functor XOR 1, L_000001D069CB1BA0, L_000001D069CAF8C0, C4<0>, C4<0>;
L_000001D069CB1580 .functor AND 1, L_000001D069CAD7A0, L_000001D069CADE80, C4<1>, C4<1>;
L_000001D069CB2460 .functor XOR 1, L_000001D069CAD7A0, L_000001D069CADE80, C4<0>, C4<0>;
L_000001D069CB2540 .functor AND 1, L_000001D069CAF8C0, L_000001D069CB2460, C4<1>, C4<1>;
L_000001D069CB1CF0 .functor OR 1, L_000001D069CB1580, L_000001D069CB2540, C4<0>, C4<0>;
v000001D069C9DC00_0 .net *"_ivl_0", 0 0, L_000001D069CB1BA0;  1 drivers
v000001D069C9EE20_0 .net *"_ivl_4", 0 0, L_000001D069CB1580;  1 drivers
v000001D069C9E560_0 .net *"_ivl_6", 0 0, L_000001D069CB2460;  1 drivers
v000001D069C9DFC0_0 .net *"_ivl_8", 0 0, L_000001D069CB2540;  1 drivers
v000001D069C9E380_0 .net "a", 0 0, L_000001D069CAD7A0;  1 drivers
v000001D069C9EB00_0 .net "b", 0 0, L_000001D069CADE80;  1 drivers
v000001D069C9E240_0 .net "cin", 0 0, L_000001D069CAF8C0;  1 drivers
v000001D069C9EEC0_0 .net "cout", 0 0, L_000001D069CB1CF0;  1 drivers
v000001D069C9ECE0_0 .net "sum", 0 0, L_000001D069CB14A0;  1 drivers
S_000001D069C9F4A0 .scope generate, "fa_loop[25]" "fa_loop[25]" 4 19, 4 19 0, S_000001D069A27CC0;
 .timescale 0 0;
P_000001D069A10910 .param/l "i" 1 4 19, +C4<011001>;
S_000001D069CA05D0 .scope module, "fa" "full_adder" 4 20, 5 1 0, S_000001D069C9F4A0;
 .timescale 0 0;
    .port_info 0 /INPUT 1 "a";
    .port_info 1 /INPUT 1 "b";
    .port_info 2 /INPUT 1 "cin";
    .port_info 3 /OUTPUT 1 "sum";
    .port_info 4 /OUTPUT 1 "cout";
L_000001D069CB13C0 .functor XOR 1, L_000001D069CAF960, L_000001D069CAE100, C4<0>, C4<0>;
L_000001D069CB25B0 .functor XOR 1, L_000001D069CB13C0, L_000001D069CAF140, C4<0>, C4<0>;
L_000001D069CB1C80 .functor AND 1, L_000001D069CAF960, L_000001D069CAE100, C4<1>, C4<1>;
L_000001D069CB28C0 .functor XOR 1, L_000001D069CAF960, L_000001D069CAE100, C4<0>, C4<0>;
L_000001D069CB1660 .functor AND 1, L_000001D069CAF140, L_000001D069CB28C0, C4<1>, C4<1>;
L_000001D069CB1D60 .functor OR 1, L_000001D069CB1C80, L_000001D069CB1660, C4<0>, C4<0>;
v000001D069C9DCA0_0 .net *"_ivl_0", 0 0, L_000001D069CB13C0;  1 drivers
v000001D069C9E880_0 .net *"_ivl_4", 0 0, L_000001D069CB1C80;  1 drivers
v000001D069C9E2E0_0 .net *"_ivl_6", 0 0, L_000001D069CB28C0;  1 drivers
v000001D069C9EC40_0 .net *"_ivl_8", 0 0, L_000001D069CB1660;  1 drivers
v000001D069C9D980_0 .net "a", 0 0, L_000001D069CAF960;  1 drivers
v000001D069C9ED80_0 .net "b", 0 0, L_000001D069CAE100;  1 drivers
v000001D069C9E9C0_0 .net "cin", 0 0, L_000001D069CAF140;  1 drivers
v000001D069C9E060_0 .net "cout", 0 0, L_000001D069CB1D60;  1 drivers
v000001D069C9DDE0_0 .net "sum", 0 0, L_000001D069CB25B0;  1 drivers
S_000001D069C9FAE0 .scope generate, "fa_loop[26]" "fa_loop[26]" 4 19, 4 19 0, S_000001D069A27CC0;
 .timescale 0 0;
P_000001D069A10950 .param/l "i" 1 4 19, +C4<011010>;
S_000001D069CA08F0 .scope module, "fa" "full_adder" 4 20, 5 1 0, S_000001D069C9FAE0;
 .timescale 0 0;
    .port_info 0 /INPUT 1 "a";
    .port_info 1 /INPUT 1 "b";
    .port_info 2 /INPUT 1 "cin";
    .port_info 3 /OUTPUT 1 "sum";
    .port_info 4 /OUTPUT 1 "cout";
L_000001D069CB1F20 .functor XOR 1, L_000001D069CADAC0, L_000001D069CAD2A0, C4<0>, C4<0>;
L_000001D069CB2690 .functor XOR 1, L_000001D069CB1F20, L_000001D069CAE1A0, C4<0>, C4<0>;
L_000001D069CB1740 .functor AND 1, L_000001D069CADAC0, L_000001D069CAD2A0, C4<1>, C4<1>;
L_000001D069CB17B0 .functor XOR 1, L_000001D069CADAC0, L_000001D069CAD2A0, C4<0>, C4<0>;
L_000001D069CB1820 .functor AND 1, L_000001D069CAE1A0, L_000001D069CB17B0, C4<1>, C4<1>;
L_000001D069CB1890 .functor OR 1, L_000001D069CB1740, L_000001D069CB1820, C4<0>, C4<0>;
v000001D069C9DB60_0 .net *"_ivl_0", 0 0, L_000001D069CB1F20;  1 drivers
v000001D069C9DA20_0 .net *"_ivl_4", 0 0, L_000001D069CB1740;  1 drivers
v000001D069C9DAC0_0 .net *"_ivl_6", 0 0, L_000001D069CB17B0;  1 drivers
v000001D069C9DE80_0 .net *"_ivl_8", 0 0, L_000001D069CB1820;  1 drivers
v000001D069C9E420_0 .net "a", 0 0, L_000001D069CADAC0;  1 drivers
v000001D069C9DF20_0 .net "b", 0 0, L_000001D069CAD2A0;  1 drivers
v000001D069C9E100_0 .net "cin", 0 0, L_000001D069CAE1A0;  1 drivers
v000001D069C9E1A0_0 .net "cout", 0 0, L_000001D069CB1890;  1 drivers
v000001D069C9E4C0_0 .net "sum", 0 0, L_000001D069CB2690;  1 drivers
S_000001D069C9F630 .scope generate, "fa_loop[27]" "fa_loop[27]" 4 19, 4 19 0, S_000001D069A27CC0;
 .timescale 0 0;
P_000001D069A10990 .param/l "i" 1 4 19, +C4<011011>;
S_000001D069CA0760 .scope module, "fa" "full_adder" 4 20, 5 1 0, S_000001D069C9F630;
 .timescale 0 0;
    .port_info 0 /INPUT 1 "a";
    .port_info 1 /INPUT 1 "b";
    .port_info 2 /INPUT 1 "cin";
    .port_info 3 /OUTPUT 1 "sum";
    .port_info 4 /OUTPUT 1 "cout";
L_000001D069CB1970 .functor XOR 1, L_000001D069CAE7E0, L_000001D069CAEF60, C4<0>, C4<0>;
L_000001D069CB1A50 .functor XOR 1, L_000001D069CB1970, L_000001D069CAE6A0, C4<0>, C4<0>;
L_000001D069CB1E40 .functor AND 1, L_000001D069CAE7E0, L_000001D069CAEF60, C4<1>, C4<1>;
L_000001D069CB2000 .functor XOR 1, L_000001D069CAE7E0, L_000001D069CAEF60, C4<0>, C4<0>;
L_000001D069CB3110 .functor AND 1, L_000001D069CAE6A0, L_000001D069CB2000, C4<1>, C4<1>;
L_000001D069CB3030 .functor OR 1, L_000001D069CB1E40, L_000001D069CB3110, C4<0>, C4<0>;
v000001D069CA34D0_0 .net *"_ivl_0", 0 0, L_000001D069CB1970;  1 drivers
v000001D069CA50F0_0 .net *"_ivl_4", 0 0, L_000001D069CB1E40;  1 drivers
v000001D069CA4650_0 .net *"_ivl_6", 0 0, L_000001D069CB2000;  1 drivers
v000001D069CA5730_0 .net *"_ivl_8", 0 0, L_000001D069CB3110;  1 drivers
v000001D069CA5190_0 .net "a", 0 0, L_000001D069CAE7E0;  1 drivers
v000001D069CA5910_0 .net "b", 0 0, L_000001D069CAEF60;  1 drivers
v000001D069CA40B0_0 .net "cin", 0 0, L_000001D069CAE6A0;  1 drivers
v000001D069CA46F0_0 .net "cout", 0 0, L_000001D069CB3030;  1 drivers
v000001D069CA52D0_0 .net "sum", 0 0, L_000001D069CB1A50;  1 drivers
S_000001D069C9FC70 .scope generate, "fa_loop[28]" "fa_loop[28]" 4 19, 4 19 0, S_000001D069A27CC0;
 .timescale 0 0;
P_000001D069A10A50 .param/l "i" 1 4 19, +C4<011100>;
S_000001D069C9FF90 .scope module, "fa" "full_adder" 4 20, 5 1 0, S_000001D069C9FC70;
 .timescale 0 0;
    .port_info 0 /INPUT 1 "a";
    .port_info 1 /INPUT 1 "b";
    .port_info 2 /INPUT 1 "cin";
    .port_info 3 /OUTPUT 1 "sum";
    .port_info 4 /OUTPUT 1 "cout";
L_000001D069CB30A0 .functor XOR 1, L_000001D069CAEB00, L_000001D069CADB60, C4<0>, C4<0>;
L_000001D069CB2E70 .functor XOR 1, L_000001D069CB30A0, L_000001D069CAD520, C4<0>, C4<0>;
L_000001D069CB2FC0 .functor AND 1, L_000001D069CAEB00, L_000001D069CADB60, C4<1>, C4<1>;
L_000001D069CB2E00 .functor XOR 1, L_000001D069CAEB00, L_000001D069CADB60, C4<0>, C4<0>;
L_000001D069CB2EE0 .functor AND 1, L_000001D069CAD520, L_000001D069CB2E00, C4<1>, C4<1>;
L_000001D069CB2F50 .functor OR 1, L_000001D069CB2FC0, L_000001D069CB2EE0, C4<0>, C4<0>;
v000001D069CA4290_0 .net *"_ivl_0", 0 0, L_000001D069CB30A0;  1 drivers
v000001D069CA57D0_0 .net *"_ivl_4", 0 0, L_000001D069CB2FC0;  1 drivers
v000001D069CA3D90_0 .net *"_ivl_6", 0 0, L_000001D069CB2E00;  1 drivers
v000001D069CA4790_0 .net *"_ivl_8", 0 0, L_000001D069CB2EE0;  1 drivers
v000001D069CA4510_0 .net "a", 0 0, L_000001D069CAEB00;  1 drivers
v000001D069CA37F0_0 .net "b", 0 0, L_000001D069CADB60;  1 drivers
v000001D069CA5870_0 .net "cin", 0 0, L_000001D069CAD520;  1 drivers
v000001D069CA4150_0 .net "cout", 0 0, L_000001D069CB2F50;  1 drivers
v000001D069CA4E70_0 .net "sum", 0 0, L_000001D069CB2E70;  1 drivers
S_000001D069C9F7C0 .scope generate, "fa_loop[29]" "fa_loop[29]" 4 19, 4 19 0, S_000001D069A27CC0;
 .timescale 0 0;
P_000001D069A10AD0 .param/l "i" 1 4 19, +C4<011101>;
S_000001D069CA0C10 .scope module, "fa" "full_adder" 4 20, 5 1 0, S_000001D069C9F7C0;
 .timescale 0 0;
    .port_info 0 /INPUT 1 "a";
    .port_info 1 /INPUT 1 "b";
    .port_info 2 /INPUT 1 "cin";
    .port_info 3 /OUTPUT 1 "sum";
    .port_info 4 /OUTPUT 1 "cout";
L_000001D069CB8430 .functor XOR 1, L_000001D069CAE740, L_000001D069CAD660, C4<0>, C4<0>;
L_000001D069CB8DD0 .functor XOR 1, L_000001D069CB8430, L_000001D069CADC00, C4<0>, C4<0>;
L_000001D069CB7E10 .functor AND 1, L_000001D069CAE740, L_000001D069CAD660, C4<1>, C4<1>;
L_000001D069CB8BA0 .functor XOR 1, L_000001D069CAE740, L_000001D069CAD660, C4<0>, C4<0>;
L_000001D069CB8820 .functor AND 1, L_000001D069CADC00, L_000001D069CB8BA0, C4<1>, C4<1>;
L_000001D069CB7EF0 .functor OR 1, L_000001D069CB7E10, L_000001D069CB8820, C4<0>, C4<0>;
v000001D069CA4A10_0 .net *"_ivl_0", 0 0, L_000001D069CB8430;  1 drivers
v000001D069CA3750_0 .net *"_ivl_4", 0 0, L_000001D069CB7E10;  1 drivers
v000001D069CA4B50_0 .net *"_ivl_6", 0 0, L_000001D069CB8BA0;  1 drivers
v000001D069CA31B0_0 .net *"_ivl_8", 0 0, L_000001D069CB8820;  1 drivers
v000001D069CA41F0_0 .net "a", 0 0, L_000001D069CAE740;  1 drivers
v000001D069CA3ED0_0 .net "b", 0 0, L_000001D069CAD660;  1 drivers
v000001D069CA3890_0 .net "cin", 0 0, L_000001D069CADC00;  1 drivers
v000001D069CA4330_0 .net "cout", 0 0, L_000001D069CB7EF0;  1 drivers
v000001D069CA32F0_0 .net "sum", 0 0, L_000001D069CB8DD0;  1 drivers
S_000001D069CA0120 .scope generate, "fa_loop[30]" "fa_loop[30]" 4 19, 4 19 0, S_000001D069A27CC0;
 .timescale 0 0;
P_000001D069A10B90 .param/l "i" 1 4 19, +C4<011110>;
S_000001D069CA02B0 .scope module, "fa" "full_adder" 4 20, 5 1 0, S_000001D069CA0120;
 .timescale 0 0;
    .port_info 0 /INPUT 1 "a";
    .port_info 1 /INPUT 1 "b";
    .port_info 2 /INPUT 1 "cin";
    .port_info 3 /OUTPUT 1 "sum";
    .port_info 4 /OUTPUT 1 "cout";
L_000001D069CB7860 .functor XOR 1, L_000001D069CAEBA0, L_000001D069CADCA0, C4<0>, C4<0>;
L_000001D069CB7940 .functor XOR 1, L_000001D069CB7860, L_000001D069CADD40, C4<0>, C4<0>;
L_000001D069CB84A0 .functor AND 1, L_000001D069CAEBA0, L_000001D069CADCA0, C4<1>, C4<1>;
L_000001D069CB8900 .functor XOR 1, L_000001D069CAEBA0, L_000001D069CADCA0, C4<0>, C4<0>;
L_000001D069CB9000 .functor AND 1, L_000001D069CADD40, L_000001D069CB8900, C4<1>, C4<1>;
L_000001D069CB8F20 .functor OR 1, L_000001D069CB84A0, L_000001D069CB9000, C4<0>, C4<0>;
v000001D069CA43D0_0 .net *"_ivl_0", 0 0, L_000001D069CB7860;  1 drivers
v000001D069CA5050_0 .net *"_ivl_4", 0 0, L_000001D069CB84A0;  1 drivers
v000001D069CA4BF0_0 .net *"_ivl_6", 0 0, L_000001D069CB8900;  1 drivers
v000001D069CA3930_0 .net *"_ivl_8", 0 0, L_000001D069CB9000;  1 drivers
v000001D069CA3E30_0 .net "a", 0 0, L_000001D069CAEBA0;  1 drivers
v000001D069CA5690_0 .net "b", 0 0, L_000001D069CADCA0;  1 drivers
v000001D069CA45B0_0 .net "cin", 0 0, L_000001D069CADD40;  1 drivers
v000001D069CA3390_0 .net "cout", 0 0, L_000001D069CB8F20;  1 drivers
v000001D069CA5410_0 .net "sum", 0 0, L_000001D069CB7940;  1 drivers
S_000001D069CA9800 .scope generate, "fa_loop[31]" "fa_loop[31]" 4 19, 4 19 0, S_000001D069A27CC0;
 .timescale 0 0;
P_000001D069A11410 .param/l "i" 1 4 19, +C4<011111>;
S_000001D069CAAAC0 .scope module, "fa" "full_adder" 4 20, 5 1 0, S_000001D069CA9800;
 .timescale 0 0;
    .port_info 0 /INPUT 1 "a";
    .port_info 1 /INPUT 1 "b";
    .port_info 2 /INPUT 1 "cin";
    .port_info 3 /OUTPUT 1 "sum";
    .port_info 4 /OUTPUT 1 "cout";
L_000001D069CB8580 .functor XOR 1, L_000001D069CADF20, L_000001D069CADFC0, C4<0>, C4<0>;
L_000001D069CB8890 .functor XOR 1, L_000001D069CB8580, L_000001D069CAE240, C4<0>, C4<0>;
L_000001D069CB7F60 .functor AND 1, L_000001D069CADF20, L_000001D069CADFC0, C4<1>, C4<1>;
L_000001D069CB83C0 .functor XOR 1, L_000001D069CADF20, L_000001D069CADFC0, C4<0>, C4<0>;
L_000001D069CB8E40 .functor AND 1, L_000001D069CAE240, L_000001D069CB83C0, C4<1>, C4<1>;
L_000001D069CB76A0 .functor OR 1, L_000001D069CB7F60, L_000001D069CB8E40, C4<0>, C4<0>;
v000001D069CA3250_0 .net *"_ivl_0", 0 0, L_000001D069CB8580;  1 drivers
v000001D069CA3430_0 .net *"_ivl_4", 0 0, L_000001D069CB7F60;  1 drivers
v000001D069CA5230_0 .net *"_ivl_6", 0 0, L_000001D069CB83C0;  1 drivers
v000001D069CA4AB0_0 .net *"_ivl_8", 0 0, L_000001D069CB8E40;  1 drivers
v000001D069CA39D0_0 .net "a", 0 0, L_000001D069CADF20;  1 drivers
v000001D069CA4470_0 .net "b", 0 0, L_000001D069CADFC0;  1 drivers
v000001D069CA4830_0 .net "cin", 0 0, L_000001D069CAE240;  1 drivers
v000001D069CA4F10_0 .net "cout", 0 0, L_000001D069CB76A0;  1 drivers
v000001D069CA3F70_0 .net "sum", 0 0, L_000001D069CB8890;  1 drivers
    .scope S_000001D069A27810;
T_0 ;
    %vpi_call 2 15 "$dumpfile", "pc_plus4.vcd" {0 0 0};
    %vpi_call 2 16 "$dumpvars", 32'sb00000000000000000000000000000000, S_000001D069A27810 {0 0 0};
    %vpi_call 2 18 "$monitor", "Time=%0t | PC=0x%h | PCPlus4=0x%h", $time, v000001D069CA3BB0_0, v000001D069CA4DD0_0 {0 0 0};
    %pushi/vec4 0, 0, 32;
    %store/vec4 v000001D069CA3BB0_0, 0, 32;
    %delay 10000, 0;
    %pushi/vec4 4096, 0, 32;
    %store/vec4 v000001D069CA3BB0_0, 0, 32;
    %delay 10000, 0;
    %pushi/vec4 4100, 0, 32;
    %store/vec4 v000001D069CA3BB0_0, 0, 32;
    %delay 10000, 0;
    %pushi/vec4 8188, 0, 32;
    %store/vec4 v000001D069CA3BB0_0, 0, 32;
    %delay 10000, 0;
    %delay 10000, 0;
    %vpi_call 2 37 "$finish" {0 0 0};
    %end;
    .thread T_0;
# The file index is used to find the file name in the following table.
:file_names 6;
    "N/A";
    "<interactive>";
    "tb_pc_plus4.v";
    "pc_plus4.v";
    "adder_32.v";
    "full_adder.v";
