#! /c/Source/iverilog-install/bin/vvp
:ivl_version "14.0 (devel)";
:ivl_delay_selection "TYPICAL";
:vpi_time_precision - 12;
:vpi_module "C:\iverilog\lib\ivl\system.vpi";
:vpi_module "C:\iverilog\lib\ivl\vhdl_sys.vpi";
:vpi_module "C:\iverilog\lib\ivl\vhdl_textio.vpi";
:vpi_module "C:\iverilog\lib\ivl\v2005_math.vpi";
:vpi_module "C:\iverilog\lib\ivl\va_math.vpi";
S_000002728F7DB460 .scope module, "tb_mux2" "tb_mux2" 2 3;
 .timescale -9 -12;
P_000002728F7C49A0 .param/l "WIDTH" 1 2 6, +C4<00000000000000000000000000100000>;
v000002728F7DB820_0 .var "d0", 31 0;
v000002728F825830_0 .var "d1", 31 0;
v000002728F8258D0_0 .var "s", 0 0;
v000002728F825970_0 .net "y", 31 0, L_000002728F825A10;  1 drivers
S_000002728F7DB5F0 .scope module, "uut" "mux2" 2 15, 3 2 0, S_000002728F7DB460;
 .timescale 0 0;
    .port_info 0 /INPUT 32 "d0";
    .port_info 1 /INPUT 32 "d1";
    .port_info 2 /INPUT 1 "s";
    .port_info 3 /OUTPUT 32 "y";
P_000002728F7C4CE0 .param/l "WIDTH" 0 3 3, +C4<00000000000000000000000000100000>;
v000002728F7C7B70_0 .net "d0", 31 0, v000002728F7DB820_0;  1 drivers
v000002728F7C88E0_0 .net "d1", 31 0, v000002728F825830_0;  1 drivers
v000002728F7C8980_0 .net "s", 0 0, v000002728F8258D0_0;  1 drivers
v000002728F7DB780_0 .net "y", 31 0, L_000002728F825A10;  alias, 1 drivers
L_000002728F825A10 .functor MUXZ 32, v000002728F7DB820_0, v000002728F825830_0, v000002728F8258D0_0, C4<>;
    .scope S_000002728F7DB460;
T_0 ;
    %vpi_call 2 24 "$dumpfile", "mux2.vcd" {0 0 0};
    %vpi_call 2 25 "$dumpvars", 32'sb00000000000000000000000000000000, S_000002728F7DB460 {0 0 0};
    %vpi_call 2 28 "$monitor", "Time=%0t | s=%b | d0=0x%h | d1=0x%h | y=0x%h", $time, v000002728F8258D0_0, v000002728F7DB820_0, v000002728F825830_0, v000002728F825970_0 {0 0 0};
    %pushi/vec4 2863311530, 0, 32;
    %store/vec4 v000002728F7DB820_0, 0, 32;
    %pushi/vec4 1431655765, 0, 32;
    %store/vec4 v000002728F825830_0, 0, 32;
    %pushi/vec4 0, 0, 1;
    %store/vec4 v000002728F8258D0_0, 0, 1;
    %delay 10000, 0;
    %pushi/vec4 1, 0, 1;
    %store/vec4 v000002728F8258D0_0, 0, 1;
    %delay 10000, 0;
    %pushi/vec4 4100, 0, 32;
    %store/vec4 v000002728F7DB820_0, 0, 32;
    %pushi/vec4 4096, 0, 32;
    %store/vec4 v000002728F825830_0, 0, 32;
    %pushi/vec4 0, 0, 1;
    %store/vec4 v000002728F8258D0_0, 0, 1;
    %delay 10000, 0;
    %pushi/vec4 1, 0, 1;
    %store/vec4 v000002728F8258D0_0, 0, 1;
    %delay 10000, 0;
    %pushi/vec4 10, 0, 32;
    %store/vec4 v000002728F7DB820_0, 0, 32;
    %pushi/vec4 4294967292, 0, 32;
    %store/vec4 v000002728F825830_0, 0, 32;
    %pushi/vec4 0, 0, 1;
    %store/vec4 v000002728F8258D0_0, 0, 1;
    %delay 10000, 0;
    %pushi/vec4 1, 0, 1;
    %store/vec4 v000002728F8258D0_0, 0, 1;
    %delay 10000, 0;
    %vpi_call 2 67 "$finish" {0 0 0};
    %end;
    .thread T_0;
# The file index is used to find the file name in the following table.
:file_names 4;
    "N/A";
    "<interactive>";
    "tb_mux2.v";
    "mux2.v";
