#! /c/Source/iverilog-install/bin/vvp
:ivl_version "14.0 (devel)";
:ivl_delay_selection "TYPICAL";
:vpi_time_precision - 12;
:vpi_module "C:\iverilog\lib\ivl\system.vpi";
:vpi_module "C:\iverilog\lib\ivl\vhdl_sys.vpi";
:vpi_module "C:\iverilog\lib\ivl\vhdl_textio.vpi";
:vpi_module "C:\iverilog\lib\ivl\v2005_math.vpi";
:vpi_module "C:\iverilog\lib\ivl\va_math.vpi";
S_000001F7FBB54E10 .scope module, "tb_extend" "tb_extend" 2 3;
 .timescale -9 -12;
L_000001F7FBB6F0A0 .functor BUFZ 32, v000001F7FBB54760_0, C4<00000000000000000000000000000000>, C4<00000000000000000000000000000000>, C4<00000000000000000000000000000000>;
v000001F7FBBBCEE0_0 .net "imm_ext", 31 0, v000001F7FBB54760_0;  1 drivers
v000001F7FBB696F0_0 .net/s "imm_ext_signed", 31 0, L_000001F7FBB6F0A0;  1 drivers
v000001F7FBB69790_0 .var "immsrc", 1 0;
v000001F7FBB69830_0 .var "instr", 31 7;
S_000001F7FBB54FA0 .scope module, "uut" "extend" 2 15, 3 1 0, S_000001F7FBB54E10;
 .timescale 0 0;
    .port_info 0 /INPUT 25 "instr";
    .port_info 1 /INPUT 2 "immsrc";
    .port_info 2 /OUTPUT 32 "imm_ext";
v000001F7FBB54760_0 .var "imm_ext", 31 0;
v000001F7FBB54800_0 .net "immsrc", 1 0, v000001F7FBB69790_0;  1 drivers
v000001F7FBB6EA40_0 .net "instr", 31 7, v000001F7FBB69830_0;  1 drivers
E_000001F7FBB575C0 .event anyedge, v000001F7FBB54800_0, v000001F7FBB6EA40_0;
    .scope S_000001F7FBB54FA0;
T_0 ;
    %wait E_000001F7FBB575C0;
    %load/vec4 v000001F7FBB54800_0;
    %dup/vec4;
    %pushi/vec4 0, 0, 2;
    %cmp/e;
    %jmp/1 T_0.0, 6;
    %dup/vec4;
    %pushi/vec4 1, 0, 2;
    %cmp/e;
    %jmp/1 T_0.1, 6;
    %dup/vec4;
    %pushi/vec4 2, 0, 2;
    %cmp/e;
    %jmp/1 T_0.2, 6;
    %dup/vec4;
    %pushi/vec4 3, 0, 2;
    %cmp/e;
    %jmp/1 T_0.3, 6;
    %pushi/vec4 0, 0, 32;
    %store/vec4 v000001F7FBB54760_0, 0, 32;
    %jmp T_0.5;
T_0.0 ;
    %load/vec4 v000001F7FBB6EA40_0;
    %parti/s 1, 24, 6;
    %replicate 20;
    %load/vec4 v000001F7FBB6EA40_0;
    %parti/s 12, 13, 5;
    %concat/vec4; draw_concat_vec4
    %store/vec4 v000001F7FBB54760_0, 0, 32;
    %jmp T_0.5;
T_0.1 ;
    %load/vec4 v000001F7FBB6EA40_0;
    %parti/s 1, 24, 6;
    %replicate 20;
    %load/vec4 v000001F7FBB6EA40_0;
    %parti/s 7, 18, 6;
    %concat/vec4; draw_concat_vec4
    %load/vec4 v000001F7FBB6EA40_0;
    %parti/s 5, 0, 2;
    %concat/vec4; draw_concat_vec4
    %store/vec4 v000001F7FBB54760_0, 0, 32;
    %jmp T_0.5;
T_0.2 ;
    %load/vec4 v000001F7FBB6EA40_0;
    %parti/s 1, 24, 6;
    %replicate 20;
    %load/vec4 v000001F7FBB6EA40_0;
    %parti/s 1, 0, 2;
    %concat/vec4; draw_concat_vec4
    %load/vec4 v000001F7FBB6EA40_0;
    %parti/s 6, 18, 6;
    %concat/vec4; draw_concat_vec4
    %load/vec4 v000001F7FBB6EA40_0;
    %parti/s 4, 1, 2;
    %concat/vec4; draw_concat_vec4
    %concati/vec4 0, 0, 1;
    %store/vec4 v000001F7FBB54760_0, 0, 32;
    %jmp T_0.5;
T_0.3 ;
    %load/vec4 v000001F7FBB6EA40_0;
    %parti/s 1, 24, 6;
    %replicate 12;
    %load/vec4 v000001F7FBB6EA40_0;
    %parti/s 8, 5, 4;
    %concat/vec4; draw_concat_vec4
    %load/vec4 v000001F7FBB6EA40_0;
    %parti/s 1, 13, 5;
    %concat/vec4; draw_concat_vec4
    %load/vec4 v000001F7FBB6EA40_0;
    %parti/s 10, 14, 5;
    %concat/vec4; draw_concat_vec4
    %concati/vec4 0, 0, 1;
    %store/vec4 v000001F7FBB54760_0, 0, 32;
    %jmp T_0.5;
T_0.5 ;
    %pop/vec4 1;
    %jmp T_0;
    .thread T_0, $push;
    .scope S_000001F7FBB54E10;
T_1 ;
    %vpi_call 2 24 "$dumpfile", "extend.vcd" {0 0 0};
    %vpi_call 2 25 "$dumpvars", 32'sb00000000000000000000000000000000, S_000001F7FBB54E10 {0 0 0};
    %vpi_call 2 28 "$monitor", "Time=%0t | ImmSrc=%b | Instr[31:7]=0x%h | ImmExt=0x%h (%0d)", $time, v000001F7FBB69790_0, v000001F7FBB69830_0, v000001F7FBBBCEE0_0, v000001F7FBB696F0_0 {0 0 0};
    %pushi/vec4 0, 0, 2;
    %store/vec4 v000001F7FBB69790_0, 0, 2;
    %pushi/vec4 0, 0, 25;
    %store/vec4 v000001F7FBB69830_0, 0, 25;
    %pushi/vec4 5, 0, 12;
    %ix/load 4, 13, 0;
    %flag_set/imm 4, 0;
    %store/vec4 v000001F7FBB69830_0, 4, 12;
    %delay 10000, 0;
    %pushi/vec4 0, 0, 2;
    %store/vec4 v000001F7FBB69790_0, 0, 2;
    %pushi/vec4 4092, 0, 12;
    %ix/load 4, 13, 0;
    %flag_set/imm 4, 0;
    %store/vec4 v000001F7FBB69830_0, 4, 12;
    %delay 10000, 0;
    %pushi/vec4 1, 0, 2;
    %store/vec4 v000001F7FBB69790_0, 0, 2;
    %pushi/vec4 0, 0, 25;
    %store/vec4 v000001F7FBB69830_0, 0, 25;
    %pushi/vec4 127, 0, 7;
    %ix/load 4, 18, 0;
    %flag_set/imm 4, 0;
    %store/vec4 v000001F7FBB69830_0, 4, 7;
    %pushi/vec4 24, 0, 5;
    %ix/load 4, 0, 0;
    %flag_set/imm 4, 0;
    %store/vec4 v000001F7FBB69830_0, 4, 5;
    %delay 10000, 0;
    %pushi/vec4 2, 0, 2;
    %store/vec4 v000001F7FBB69790_0, 0, 2;
    %pushi/vec4 0, 0, 25;
    %store/vec4 v000001F7FBB69830_0, 0, 25;
    %pushi/vec4 0, 0, 1;
    %ix/load 4, 24, 0;
    %flag_set/imm 4, 0;
    %store/vec4 v000001F7FBB69830_0, 4, 1;
    %pushi/vec4 0, 0, 1;
    %ix/load 4, 0, 0;
    %flag_set/imm 4, 0;
    %store/vec4 v000001F7FBB69830_0, 4, 1;
    %pushi/vec4 0, 0, 6;
    %ix/load 4, 18, 0;
    %flag_set/imm 4, 0;
    %store/vec4 v000001F7FBB69830_0, 4, 6;
    %pushi/vec4 8, 0, 4;
    %ix/load 4, 1, 0;
    %flag_set/imm 4, 0;
    %store/vec4 v000001F7FBB69830_0, 4, 4;
    %delay 10000, 0;
    %pushi/vec4 3, 0, 2;
    %store/vec4 v000001F7FBB69790_0, 0, 2;
    %pushi/vec4 0, 0, 25;
    %store/vec4 v000001F7FBB69830_0, 0, 25;
    %pushi/vec4 1, 0, 1;
    %ix/load 4, 24, 0;
    %flag_set/imm 4, 0;
    %store/vec4 v000001F7FBB69830_0, 4, 1;
    %pushi/vec4 255, 0, 8;
    %ix/load 4, 5, 0;
    %flag_set/imm 4, 0;
    %store/vec4 v000001F7FBB69830_0, 4, 8;
    %pushi/vec4 1, 0, 1;
    %ix/load 4, 13, 0;
    %flag_set/imm 4, 0;
    %store/vec4 v000001F7FBB69830_0, 4, 1;
    %pushi/vec4 1022, 0, 10;
    %ix/load 4, 14, 0;
    %flag_set/imm 4, 0;
    %store/vec4 v000001F7FBB69830_0, 4, 10;
    %delay 10000, 0;
    %delay 20000, 0;
    %vpi_call 2 84 "$finish" {0 0 0};
    %end;
    .thread T_1;
# The file index is used to find the file name in the following table.
:file_names 4;
    "N/A";
    "<interactive>";
    "tb_extend.v";
    "extend.v";
