#! /c/Source/iverilog-install/bin/vvp
:ivl_version "14.0 (devel)";
:ivl_delay_selection "TYPICAL";
:vpi_time_precision - 12;
:vpi_module "C:\iverilog\lib\ivl\system.vpi";
:vpi_module "C:\iverilog\lib\ivl\vhdl_sys.vpi";
:vpi_module "C:\iverilog\lib\ivl\vhdl_textio.vpi";
:vpi_module "C:\iverilog\lib\ivl\v2005_math.vpi";
:vpi_module "C:\iverilog\lib\ivl\va_math.vpi";
S_000001EB2FEB1E30 .scope module, "tb_instruction_memory" "tb_instruction_memory" 2 3;
 .timescale -9 -12;
v000001EB2FE6E6C0_0 .var "addr", 31 0;
v000001EB2FE6E760_0 .net "instr", 31 0, L_000001EB2FEB1590;  1 drivers
S_000001EB2FE947F0 .scope module, "uut" "instruction_memory" 2 10, 3 1 0, S_000001EB2FEB1E30;
 .timescale 0 0;
    .port_info 0 /INPUT 32 "addr";
    .port_info 1 /OUTPUT 32 "instr";
L_000001EB2FEB1590 .functor BUFZ 32, L_000001EB2FE6E800, C4<00000000000000000000000000000000>, C4<00000000000000000000000000000000>, C4<00000000000000000000000000000000>;
v000001EB2FEB14F0_0 .net *"_ivl_0", 31 0, L_000001EB2FE6E800;  1 drivers
v000001EB2FEAB870_0 .net *"_ivl_3", 29 0, L_000001EB2FEA6370;  1 drivers
v000001EB2FE94980_0 .net "addr", 31 0, v000001EB2FE6E6C0_0;  1 drivers
v000001EB2FE94A20_0 .var/i "i", 31 0;
v000001EB2FE6E580_0 .net "instr", 31 0, L_000001EB2FEB1590;  alias, 1 drivers
v000001EB2FE6E620 .array "mem", 2047 0, 31 0;
L_000001EB2FE6E800 .array/port v000001EB2FE6E620, L_000001EB2FEA6370;
L_000001EB2FEA6370 .part v000001EB2FE6E6C0_0, 2, 30;
    .scope S_000001EB2FE947F0;
T_0 ;
    %pushi/vec4 0, 0, 32;
    %store/vec4 v000001EB2FE94A20_0, 0, 32;
T_0.0 ; Top of for-loop
    %load/vec4 v000001EB2FE94A20_0;
    %cmpi/s 2048, 0, 32;
	  %jmp/0xz T_0.1, 5;
    %pushi/vec4 0, 0, 32;
    %ix/getv/s 4, v000001EB2FE94A20_0;
    %store/vec4a v000001EB2FE6E620, 4, 0;
T_0.2 ; for-loop step statement
    %load/vec4 v000001EB2FE94A20_0;
    %addi 1, 0, 32;
    %store/vec4 v000001EB2FE94A20_0, 0, 32;
    %jmp T_0.0;
T_0.1 ; for-loop exit label
    %end;
    .thread T_0;
    .scope S_000001EB2FEB1E30;
T_1 ;
    %vpi_call 2 17 "$dumpfile", "instruction_memory.vcd" {0 0 0};
    %vpi_call 2 18 "$dumpvars", 32'sb00000000000000000000000000000000, S_000001EB2FEB1E30 {0 0 0};
    %vpi_call 2 20 "$monitor", "Time=%0t | Addr=0x%h (Index=%0d) | Instr=0x%h", $time, v000001EB2FE6E6C0_0, &PV<v000001EB2FE6E6C0_0, 2, 30>, v000001EB2FE6E760_0 {0 0 0};
    %pushi/vec4 5243027, 0, 32;
    %ix/load 4, 0, 0;
    %flag_set/imm 4, 0;
    %store/vec4a v000001EB2FE6E620, 4, 0;
    %pushi/vec4 4291076867, 0, 32;
    %ix/load 4, 1, 0;
    %flag_set/imm 4, 0;
    %store/vec4a v000001EB2FE6E620, 4, 0;
    %pushi/vec4 1246131, 0, 32;
    %ix/load 4, 2, 0;
    %flag_set/imm 4, 0;
    %store/vec4a v000001EB2FE6E620, 4, 0;
    %pushi/vec4 0, 0, 32;
    %store/vec4 v000001EB2FE6E6C0_0, 0, 32;
    %delay 10000, 0;
    %pushi/vec4 4, 0, 32;
    %store/vec4 v000001EB2FE6E6C0_0, 0, 32;
    %delay 10000, 0;
    %pushi/vec4 8, 0, 32;
    %store/vec4 v000001EB2FE6E6C0_0, 0, 32;
    %delay 10000, 0;
    %pushi/vec4 12, 0, 32;
    %store/vec4 v000001EB2FE6E6C0_0, 0, 32;
    %delay 10000, 0;
    %delay 10000, 0;
    %vpi_call 2 42 "$finish" {0 0 0};
    %end;
    .thread T_1;
# The file index is used to find the file name in the following table.
:file_names 4;
    "N/A";
    "<interactive>";
    "tb_instruction_memory.v";
    "instruction_memory.v";
