#! /c/Source/iverilog-install/bin/vvp
:ivl_version "14.0 (devel)";
:ivl_delay_selection "TYPICAL";
:vpi_time_precision - 12;
:vpi_module "C:\iverilog\lib\ivl\system.vpi";
:vpi_module "C:\iverilog\lib\ivl\vhdl_sys.vpi";
:vpi_module "C:\iverilog\lib\ivl\vhdl_textio.vpi";
:vpi_module "C:\iverilog\lib\ivl\v2005_math.vpi";
:vpi_module "C:\iverilog\lib\ivl\va_math.vpi";
S_00000190FF72B2E0 .scope module, "tb_dff_pc" "tb_dff_pc" 2 3;
 .timescale -9 -12;
v00000190FF72B600_0 .var "clk", 0 0;
v00000190FF72B6A0_0 .net "pc", 31 0, v00000190FF731880_0;  1 drivers
v00000190FF715850_0 .var "pc_next", 31 0;
v00000190FF7158F0_0 .var "rst_n", 0 0;
E_00000190FF716AA0 .event negedge, v00000190FF7317E0_0;
S_00000190FF72B470 .scope module, "uut" "dff_pc" 2 12, 3 1 0, S_00000190FF72B2E0;
 .timescale 0 0;
    .port_info 0 /INPUT 1 "clk";
    .port_info 1 /INPUT 1 "rst_n";
    .port_info 2 /INPUT 32 "pc_next";
    .port_info 3 /OUTPUT 32 "pc";
v00000190FF7317E0_0 .net "clk", 0 0, v00000190FF72B600_0;  1 drivers
v00000190FF731880_0 .var "pc", 31 0;
v00000190FF776F00_0 .net "pc_next", 31 0, v00000190FF715850_0;  1 drivers
v00000190FF6EEDC0_0 .net "rst_n", 0 0, v00000190FF7158F0_0;  1 drivers
E_00000190FF7171A0/0 .event negedge, v00000190FF6EEDC0_0;
E_00000190FF7171A0/1 .event posedge, v00000190FF7317E0_0;
E_00000190FF7171A0 .event/or E_00000190FF7171A0/0, E_00000190FF7171A0/1;
    .scope S_00000190FF72B470;
T_0 ;
    %wait E_00000190FF7171A0;
    %load/vec4 v00000190FF6EEDC0_0;
    %nor/r;
    %flag_set/vec4 8;
    %jmp/0xz  T_0.0, 8;
    %pushi/vec4 0, 0, 32;
    %assign/vec4 v00000190FF731880_0, 0;
    %jmp T_0.1;
T_0.0 ;
    %load/vec4 v00000190FF776F00_0;
    %assign/vec4 v00000190FF731880_0, 0;
T_0.1 ;
    %jmp T_0;
    .thread T_0;
    .scope S_00000190FF72B2E0;
T_1 ;
    %delay 5000, 0;
    %load/vec4 v00000190FF72B600_0;
    %inv;
    %store/vec4 v00000190FF72B600_0, 0, 1;
    %jmp T_1;
    .thread T_1;
    .scope S_00000190FF72B2E0;
T_2 ;
    %vpi_call 2 24 "$dumpfile", "dff_pc.vcd" {0 0 0};
    %vpi_call 2 25 "$dumpvars", 32'sb00000000000000000000000000000000, S_00000190FF72B2E0 {0 0 0};
    %vpi_call 2 27 "$monitor", "Time=%0t | rst_n=%b | pc_next=0x%h | pc=0x%h", $time, v00000190FF7158F0_0, v00000190FF715850_0, v00000190FF72B6A0_0 {0 0 0};
    %pushi/vec4 0, 0, 1;
    %store/vec4 v00000190FF72B600_0, 0, 1;
    %pushi/vec4 0, 0, 1;
    %store/vec4 v00000190FF7158F0_0, 0, 1;
    %pushi/vec4 4096, 0, 32;
    %store/vec4 v00000190FF715850_0, 0, 32;
    %delay 12000, 0;
    %pushi/vec4 1, 0, 1;
    %store/vec4 v00000190FF7158F0_0, 0, 1;
    %wait E_00000190FF716AA0;
    %pushi/vec4 4100, 0, 32;
    %store/vec4 v00000190FF715850_0, 0, 32;
    %wait E_00000190FF716AA0;
    %pushi/vec4 4104, 0, 32;
    %store/vec4 v00000190FF715850_0, 0, 32;
    %wait E_00000190FF716AA0;
    %pushi/vec4 4108, 0, 32;
    %store/vec4 v00000190FF715850_0, 0, 32;
    %delay 3000, 0;
    %pushi/vec4 0, 0, 1;
    %store/vec4 v00000190FF7158F0_0, 0, 1;
    %delay 7000, 0;
    %pushi/vec4 1, 0, 1;
    %store/vec4 v00000190FF7158F0_0, 0, 1;
    %wait E_00000190FF716AA0;
    %pushi/vec4 8192, 0, 32;
    %store/vec4 v00000190FF715850_0, 0, 32;
    %delay 20000, 0;
    %vpi_call 2 58 "$finish" {0 0 0};
    %end;
    .thread T_2;
# The file index is used to find the file name in the following table.
:file_names 4;
    "N/A";
    "<interactive>";
    "tb_dff_pc.v";
    "dff_pc.v";
